
Discarded input sections

 .text          0x00000000        0x0 /var/folders/cd/0s72k2v14299px3vkqj0bhsr0000gp/T//ccRuXEEm.ltrans0.ltrans.o
 .data          0x00000000        0x0 /var/folders/cd/0s72k2v14299px3vkqj0bhsr0000gp/T//ccRuXEEm.ltrans0.ltrans.o
 .bss           0x00000000        0x0 /var/folders/cd/0s72k2v14299px3vkqj0bhsr0000gp/T//ccRuXEEm.ltrans0.ltrans.o
 .data.__stack_chk_guard
                0x00000000        0x4 /var/folders/cd/0s72k2v14299px3vkqj0bhsr0000gp/T//ccRuXEEm.ltrans0.ltrans.o
 .text.__stack_chk_fail
                0x00000000       0x12 /var/folders/cd/0s72k2v14299px3vkqj0bhsr0000gp/T//ccRuXEEm.ltrans0.ltrans.o
 .bss.startTime
                0x00000000        0x4 /var/folders/cd/0s72k2v14299px3vkqj0bhsr0000gp/T//ccRuXEEm.ltrans0.ltrans.o
 .bss.moveHistory
                0x00000000        0xa /var/folders/cd/0s72k2v14299px3vkqj0bhsr0000gp/T//ccRuXEEm.ltrans0.ltrans.o
 .text.advancedSpriteAdd
                0x00000000      0x87a /var/folders/cd/0s72k2v14299px3vkqj0bhsr0000gp/T//ccRuXEEm.ltrans0.ltrans.o
 .text.advancedSpriteRemove
                0x00000000       0xae /var/folders/cd/0s72k2v14299px3vkqj0bhsr0000gp/T//ccRuXEEm.ltrans0.ltrans.o
 .text.advancedSpriteSetEnabled
                0x00000000       0x5c /var/folders/cd/0s72k2v14299px3vkqj0bhsr0000gp/T//ccRuXEEm.ltrans0.ltrans.o
 .text.advancedSpriteSetPos
                0x00000000       0x36 /var/folders/cd/0s72k2v14299px3vkqj0bhsr0000gp/T//ccRuXEEm.ltrans0.ltrans.o
 .text.advancedSpriteSetPosX
                0x00000000       0x26 /var/folders/cd/0s72k2v14299px3vkqj0bhsr0000gp/T//ccRuXEEm.ltrans0.ltrans.o
 .text.advancedSpriteSetPosY
                0x00000000       0x26 /var/folders/cd/0s72k2v14299px3vkqj0bhsr0000gp/T//ccRuXEEm.ltrans0.ltrans.o
 .text.advancedSpriteSetFrame
                0x00000000       0xe8 /var/folders/cd/0s72k2v14299px3vkqj0bhsr0000gp/T//ccRuXEEm.ltrans0.ltrans.o
 .text.advancedSpriteProcessChannel
                0x00000000       0x50 /var/folders/cd/0s72k2v14299px3vkqj0bhsr0000gp/T//ccRuXEEm.ltrans0.ltrans.o
 .text.addAttachedX
                0x00000000       0x4c /var/folders/cd/0s72k2v14299px3vkqj0bhsr0000gp/T//ccRuXEEm.ltrans0.ltrans.o
 .text.advancedSpriteProcess
                0x00000000      0x10e /var/folders/cd/0s72k2v14299px3vkqj0bhsr0000gp/T//ccRuXEEm.ltrans0.ltrans.o
 .text.ror16    0x00000000       0x5e /var/folders/cd/0s72k2v14299px3vkqj0bhsr0000gp/T//ccRuXEEm.ltrans0.ltrans.o
 .text.blitIsIdle
                0x00000000       0x2c /var/folders/cd/0s72k2v14299px3vkqj0bhsr0000gp/T//ccRuXEEm.ltrans0.ltrans.o
 .text.blitUnsafeFillAligned
                0x00000000      0x174 /var/folders/cd/0s72k2v14299px3vkqj0bhsr0000gp/T//ccRuXEEm.ltrans0.ltrans.o
 .text.blitSafeFillAligned
                0x00000000       0xf2 /var/folders/cd/0s72k2v14299px3vkqj0bhsr0000gp/T//ccRuXEEm.ltrans0.ltrans.o
 .text.blitLine
                0x00000000      0x2f2 /var/folders/cd/0s72k2v14299px3vkqj0bhsr0000gp/T//ccRuXEEm.ltrans0.ltrans.o
 .text.blitLinePlane
                0x00000000      0x2b2 /var/folders/cd/0s72k2v14299px3vkqj0bhsr0000gp/T//ccRuXEEm.ltrans0.ltrans.o
 .bss.s_ubBufferCurr
                0x00000000        0x1 /var/folders/cd/0s72k2v14299px3vkqj0bhsr0000gp/T//ccRuXEEm.ltrans0.ltrans.o
 .bss.s_ubMaxBobCount
                0x00000000        0x1 /var/folders/cd/0s72k2v14299px3vkqj0bhsr0000gp/T//ccRuXEEm.ltrans0.ltrans.o
 .bss.s_isPushingDone
                0x00000000        0x1 /var/folders/cd/0s72k2v14299px3vkqj0bhsr0000gp/T//ccRuXEEm.ltrans0.ltrans.o
 .bss.s_ubBpp   0x00000000        0x1 /var/folders/cd/0s72k2v14299px3vkqj0bhsr0000gp/T//ccRuXEEm.ltrans0.ltrans.o
 .bss.s_ubBobsPushed
                0x00000000        0x1 /var/folders/cd/0s72k2v14299px3vkqj0bhsr0000gp/T//ccRuXEEm.ltrans0.ltrans.o
 .bss.s_ubBobsDrawn
                0x00000000        0x1 /var/folders/cd/0s72k2v14299px3vkqj0bhsr0000gp/T//ccRuXEEm.ltrans0.ltrans.o
 .bss.s_uwAvailHeight
                0x00000000        0x2 /var/folders/cd/0s72k2v14299px3vkqj0bhsr0000gp/T//ccRuXEEm.ltrans0.ltrans.o
 .bss.s_uwDestByteWidth
                0x00000000        0x2 /var/folders/cd/0s72k2v14299px3vkqj0bhsr0000gp/T//ccRuXEEm.ltrans0.ltrans.o
 .bss.s_uwBgBufferLength
                0x00000000        0x2 /var/folders/cd/0s72k2v14299px3vkqj0bhsr0000gp/T//ccRuXEEm.ltrans0.ltrans.o
 .bss.s_ubBobsSaved
                0x00000000        0x1 /var/folders/cd/0s72k2v14299px3vkqj0bhsr0000gp/T//ccRuXEEm.ltrans0.ltrans.o
 .bss.s_pQueues
                0x00000000       0x1c /var/folders/cd/0s72k2v14299px3vkqj0bhsr0000gp/T//ccRuXEEm.ltrans0.ltrans.o
 .text.bobCheckGood
                0x00000000       0xd0 /var/folders/cd/0s72k2v14299px3vkqj0bhsr0000gp/T//ccRuXEEm.ltrans0.ltrans.o
 .text.bobDeallocBuffers
                0x00000000       0xe8 /var/folders/cd/0s72k2v14299px3vkqj0bhsr0000gp/T//ccRuXEEm.ltrans0.ltrans.o
 .text.bobCalculateBitplaneOffset
[...]
Memory Configuration

Name             Origin             Length             Attributes
*default*        0x00000000         0xffffffff

Linker script and memory map

Address of section .text set to 0x0
LOAD /var/folders/cd/0s72k2v14299px3vkqj0bhsr0000gp/T//ccRuXEEm.ltrans0.ltrans.o
LOAD /var/folders/cd/0s72k2v14299px3vkqj0bhsr0000gp/T//ccn6TP2J.debug.temp.o
LOAD /var/folders/cd/0s72k2v14299px3vkqj0bhsr0000gp/T//cczwbnfl.debug.temp.o
LOAD /var/folders/cd/0s72k2v14299px3vkqj0bhsr0000gp/T//cc3dlzB6.debug.temp.o
LOAD /var/folders/cd/0s72k2v14299px3vkqj0bhsr0000gp/T//ccRvLqQU.debug.temp.o
LOAD /var/folders/cd/0s72k2v14299px3vkqj0bhsr0000gp/T//cc22CTFn.debug.temp.o
LOAD /var/folders/cd/0s72k2v14299px3vkqj0bhsr0000gp/T//cccIyu72.debug.temp.o
LOAD /var/folders/cd/0s72k2v14299px3vkqj0bhsr0000gp/T//ccGalEgW.debug.temp.o
LOAD /var/folders/cd/0s72k2v14299px3vkqj0bhsr0000gp/T//ccpUOEAe.debug.temp.o
LOAD /var/folders/cd/0s72k2v14299px3vkqj0bhsr0000gp/T//ccOQM4qI.debug.temp.o
LOAD /var/folders/cd/0s72k2v14299px3vkqj0bhsr0000gp/T//ccK2GrQ5.debug.temp.o
LOAD /var/folders/cd/0s72k2v14299px3vkqj0bhsr0000gp/T//cccuFH6q.debug.temp.o
LOAD /var/folders/cd/0s72k2v14299px3vkqj0bhsr0000gp/T//ccmaaJGD.debug.temp.o
LOAD /var/folders/cd/0s72k2v14299px3vkqj0bhsr0000gp/T//ccOHVbR1.debug.temp.o
LOAD /var/folders/cd/0s72k2v14299px3vkqj0bhsr0000gp/T//ccSAklYa.debug.temp.o
LOAD /var/folders/cd/0s72k2v14299px3vkqj0bhsr0000gp/T//ccX6mJYD.debug.temp.o
LOAD /var/folders/cd/0s72k2v14299px3vkqj0bhsr0000gp/T//ccapPBAe.debug.temp.o
LOAD /var/folders/cd/0s72k2v14299px3vkqj0bhsr0000gp/T//cchoBo92.debug.temp.o
LOAD /var/folders/cd/0s72k2v14299px3vkqj0bhsr0000gp/T//ccHPccok.debug.temp.o
LOAD /var/folders/cd/0s72k2v14299px3vkqj0bhsr0000gp/T//cc63XzH3.debug.temp.o
LOAD /var/folders/cd/0s72k2v14299px3vkqj0bhsr0000gp/T//ccumxfyA.debug.temp.o
LOAD /var/folders/cd/0s72k2v14299px3vkqj0bhsr0000gp/T//ccigQoBl.debug.temp.o
LOAD /var/folders/cd/0s72k2v14299px3vkqj0bhsr0000gp/T//ccMLA8qn.debug.temp.o
LOAD /var/folders/cd/0s72k2v14299px3vkqj0bhsr0000gp/T//ccLg3qhN.debug.temp.o
LOAD /var/folders/cd/0s72k2v14299px3vkqj0bhsr0000gp/T//ccSTuY0p.debug.temp.o
LOAD /var/folders/cd/0s72k2v14299px3vkqj0bhsr0000gp/T//ccoX5M5S.debug.temp.o
LOAD /var/folders/cd/0s72k2v14299px3vkqj0bhsr0000gp/T//ccrQJyKd.debug.temp.o
LOAD /var/folders/cd/0s72k2v14299px3vkqj0bhsr0000gp/T//ccrt8OnD.debug.temp.o
LOAD /var/folders/cd/0s72k2v14299px3vkqj0bhsr0000gp/T//ccEIGtN7.debug.temp.o
LOAD /var/folders/cd/0s72k2v14299px3vkqj0bhsr0000gp/T//ccuK6wBr.debug.temp.o
LOAD /var/folders/cd/0s72k2v14299px3vkqj0bhsr0000gp/T//cc3UIB3M.debug.temp.o
LOAD /var/folders/cd/0s72k2v14299px3vkqj0bhsr0000gp/T//ccONPbBC.debug.temp.o
LOAD /var/folders/cd/0s72k2v14299px3vkqj0bhsr0000gp/T//ccGI2JnH.debug.temp.o
LOAD /var/folders/cd/0s72k2v14299px3vkqj0bhsr0000gp/T//cc6gZFik.debug.temp.o
LOAD /var/folders/cd/0s72k2v14299px3vkqj0bhsr0000gp/T//ccXtCl4a.debug.temp.o
LOAD /var/folders/cd/0s72k2v14299px3vkqj0bhsr0000gp/T//ccyCoMcs.debug.temp.o
LOAD /var/folders/cd/0s72k2v14299px3vkqj0bhsr0000gp/T//ccECj9Ih.debug.temp.o
LOAD /var/folders/cd/0s72k2v14299px3vkqj0bhsr0000gp/T//ccmi7bzi.debug.temp.o
LOAD /var/folders/cd/0s72k2v14299px3vkqj0bhsr0000gp/T//ccgh1YSn.debug.temp.o
LOAD /var/folders/cd/0s72k2v14299px3vkqj0bhsr0000gp/T//cc0zawdu.debug.temp.o
LOAD /var/folders/cd/0s72k2v14299px3vkqj0bhsr0000gp/T//ccEwzHZ4.debug.temp.o
LOAD /var/folders/cd/0s72k2v14299px3vkqj0bhsr0000gp/T//ccEc9dpz.debug.temp.o
LOAD /var/folders/cd/0s72k2v14299px3vkqj0bhsr0000gp/T//ccPIkVWm.debug.temp.o
LOAD /var/folders/cd/0s72k2v14299px3vkqj0bhsr0000gp/T//ccfHGNBr.debug.temp.o
LOAD /var/folders/cd/0s72k2v14299px3vkqj0bhsr0000gp/T//ccPWf2AN.debug.temp.o
LOAD /var/folders/cd/0s72k2v14299px3vkqj0bhsr0000gp/T//ccWStxJx.debug.temp.o
LOAD /var/folders/cd/0s72k2v14299px3vkqj0bhsr0000gp/T//ccMlXR1B.debug.temp.o
LOAD /var/folders/cd/0s72k2v14299px3vkqj0bhsr0000gp/T//ccNavebx.debug.temp.o
LOAD /var/folders/cd/0s72k2v14299px3vkqj0bhsr0000gp/T//ccj6hmBC.debug.temp.o
LOAD /var/folders/cd/0s72k2v14299px3vkqj0bhsr0000gp/T//ccR7ImNR.debug.temp.o
LOAD /var/folders/cd/0s72k2v14299px3vkqj0bhsr0000gp/T//ccoalJSF.debug.temp.o
LOAD /var/folders/cd/0s72k2v14299px3vkqj0bhsr0000gp/T//cc4GfJ4Y.debug.temp.o
LOAD /var/folders/cd/0s72k2v14299px3vkqj0bhsr0000gp/T//ccnx2bKJ.debug.temp.o
LOAD /var/folders/cd/0s72k2v14299px3vkqj0bhsr0000gp/T//ccqD3ijO.debug.temp.o
LOAD /var/folders/cd/0s72k2v14299px3vkqj0bhsr0000gp/T//cc5hRygZ.debug.temp.o
LOAD /var/folders/cd/0s72k2v14299px3vkqj0bhsr0000gp/T//ccmgHC24.debug.temp.o
LOAD /var/folders/cd/0s72k2v14299px3vkqj0bhsr0000gp/T//ccXz5AZU.debug.temp.o
LOAD _deps/bartman_gcc_support-build/CMakeFiles/bartman_gcc_support.dir/src/gcc8_a_support.s.obj
                [!provide]                        PROVIDE (__executable_start = SEGMENT_START ("text-segment", 0x80000000))
                0x80000074                        . = (SEGMENT_START ("text-segment", 0x80000000) + SIZEOF_HEADERS)

.note.gnu.build-id
 *(.note.gnu.build-id)

.interp
 *(.interp)

.hash
 *(.hash)

.gnu.hash
 *(.gnu.hash)

.dynsym
 *(.dynsym)

.dynstr
 *(.dynstr)

.gnu.version
 *(.gnu.version)

.gnu.version_d
 *(.gnu.version_d)

.gnu.version_r
 *(.gnu.version_r)

.rela.dyn       0x80000074        0x0
 *(.rela.init)
 *(.rela.text .rela.text.* .rela.gnu.linkonce.t.*)
 *(.rela.fini)
 *(.rela.rodata .rela.rodata.* .rela.gnu.linkonce.r.*)
 *(.rela.data .rela.data.* .rela.gnu.linkonce.d.*)
 *(.rela.tdata .rela.tdata.* .rela.gnu.linkonce.td.*)
 *(.rela.tbss .rela.tbss.* .rela.gnu.linkonce.tb.*)
 *(.rela.ctors)
 *(.rela.dtors)
 *(.rela.got)
 *(.rela.bss .rela.bss.* .rela.gnu.linkonce.b.*)
                [!provide]                        PROVIDE (__rela_iplt_start = .)
 *(.rela.iplt)
                [!provide]                        PROVIDE (__rela_iplt_end = .)

.rela.plt
 *(.rela.plt)

.init
 *(SORT_NONE(.init))

.plt
 *(.plt)

.iplt
 *(.iplt)

.text           0x00000000    0x11bc8
 *(.text.unlikely .text.*_unlikely .text.unlikely.*)
 .text.unlikely
                0x00000000       0xb8 /var/folders/cd/0s72k2v14299px3vkqj0bhsr0000gp/T//ccRuXEEm.ltrans0.ltrans.o
                0x00000000                _start
 *(.text.exit .text.exit.*)
 .text.exit     0x000000b8       0x1e /var/folders/cd/0s72k2v14299px3vkqj0bhsr0000gp/T//ccRuXEEm.ltrans0.ltrans.o
                0x000000b8                exit
 *(.text.startup .text.startup.*)
 *(.text.hot .text.hot.*)
 *(SORT_BY_NAME(.text.sorted.*))
 *(.text .stub .text.* .gnu.linkonce.t.*)
 .text.main     0x000000d6       0x74 /var/folders/cd/0s72k2v14299px3vkqj0bhsr0000gp/T//ccRuXEEm.ltrans0.ltrans.o
                0x000000d6                main
 .text.genericCreate
                0x0000014a       0x80 /var/folders/cd/0s72k2v14299px3vkqj0bhsr0000gp/T//ccRuXEEm.ltrans0.ltrans.o
 .text.genericProcess
                0x000001ca       0x20 /var/folders/cd/0s72k2v14299px3vkqj0bhsr0000gp/T//ccRuXEEm.ltrans0.ltrans.o
 .text.genericDestroy
                0x000001ea       0x38 /var/folders/cd/0s72k2v14299px3vkqj0bhsr0000gp/T//ccRuXEEm.ltrans0.ltrans.o
 .text.aiGetValidMoves
                0x00000222      0x31e /var/folders/cd/0s72k2v14299px3vkqj0bhsr0000gp/T//ccRuXEEm.ltrans0.ltrans.o
 .text.defenderCornerControl
                0x00000540       0xc4 /var/folders/cd/0s72k2v14299px3vkqj0bhsr0000gp/T//ccRuXEEm.ltrans0.ltrans.o
 .text.kingSidesThreatened
                0x00000604       0xa8 /var/folders/cd/0s72k2v14299px3vkqj0bhsr0000gp/T//ccRuXEEm.ltrans0.ltrans.o
 .text.kingShieldCount
                0x000006ac       0x8e /var/folders/cd/0s72k2v14299px3vkqj0bhsr0000gp/T//ccRuXEEm.ltrans0.ltrans.o
 .text.nearestCornerDist
                0x0000073a       0x6c /var/folders/cd/0s72k2v14299px3vkqj0bhsr0000gp/T//ccRuXEEm.ltrans0.ltrans.o
 .text.manhattanToCorner
                0x000007a6       0xb6 /var/folders/cd/0s72k2v14299px3vkqj0bhsr0000gp/T//ccRuXEEm.ltrans0.ltrans.o
 .text.cornerDanger
                0x0000085c       0xc4 /var/folders/cd/0s72k2v14299px3vkqj0bhsr0000gp/T//ccRuXEEm.ltrans0.ltrans.o
 .text.evaluateBoard
                0x00000920      0x1ae /var/folders/cd/0s72k2v14299px3vkqj0bhsr0000gp/T//ccRuXEEm.ltrans0.ltrans.o
 .text.getAllMoves
                0x00000ace      0x206 /var/folders/cd/0s72k2v14299px3vkqj0bhsr0000gp/T//ccRuXEEm.ltrans0.ltrans.o
 .text.applyMoveWithUndo
                0x00000cd4      0x404 /var/folders/cd/0s72k2v14299px3vkqj0bhsr0000gp/T//ccRuXEEm.ltrans0.ltrans.o
 .text.undoMove
                0x000010d8      0x264 /var/folders/cd/0s72k2v14299px3vkqj0bhsr0000gp/T//ccRuXEEm.ltrans0.ltrans.o
 .text.minimax  0x0000133c      0x22a /var/folders/cd/0s72k2v14299px3vkqj0bhsr0000gp/T//ccRuXEEm.ltrans0.ltrans.o
 .text.getBestMove
                0x00001566      0x25a /var/folders/cd/0s72k2v14299px3vkqj0bhsr0000gp/T//ccRuXEEm.ltrans0.ltrans.o
 .text.mouseGetX
                0x000017c0       0x28 /var/folders/cd/0s72k2v14299px3vkqj0bhsr0000gp/T//ccRuXEEm.ltrans0.ltrans.o
 .text.mouseGetY
                0x000017e8       0x28 /var/folders/cd/0s72k2v14299px3vkqj0bhsr0000gp/T//ccRuXEEm.ltrans0.ltrans.o
 .text.mouseCheck.lto_priv.0
                0x00001810       0x44 /var/folders/cd/0s72k2v14299px3vkqj0bhsr0000gp/T//ccRuXEEm.ltrans0.ltrans.o
 .text.gameGsCreate
                0x00001854      0x226 /var/folders/cd/0s72k2v14299px3vkqj0bhsr0000gp/T//ccRuXEEm.ltrans0.ltrans.o
 .text.gameGsLoop
                0x00001a7a      0x534 /var/folders/cd/0s72k2v14299px3vkqj0bhsr0000gp/T//ccRuXEEm.ltrans0.ltrans.o
 .text.gameGsDestroy
                0x00001fae      0x176 /var/folders/cd/0s72k2v14299px3vkqj0bhsr0000gp/T//ccRuXEEm.ltrans0.ltrans.o
 .text.loadAssets
                0x00002124      0x1a0 /var/folders/cd/0s72k2v14299px3vkqj0bhsr0000gp/T//ccRuXEEm.ltrans0.ltrans.o
 .text.setupPieces
                0x000022c4      0x1ba /var/folders/cd/0s72k2v14299px3vkqj0bhsr0000gp/T//ccRuXEEm.ltrans0.ltrans.o
 .text.setupBoard
                0x0000247e       0xa4 /var/folders/cd/0s72k2v14299px3vkqj0bhsr0000gp/T//ccRuXEEm.ltrans0.ltrans.o
 .text.buildBoard
                0x00002522      0x1ce /var/folders/cd/0s72k2v14299px3vkqj0bhsr0000gp/T//ccRuXEEm.ltrans0.ltrans.o
 .text.drawPieces
                0x000026f0      0x698 /var/folders/cd/0s72k2v14299px3vkqj0bhsr0000gp/T//ccRuXEEm.ltrans0.ltrans.o
 .text.drawBoard
                0x00002d88      0x108 /var/folders/cd/0s72k2v14299px3vkqj0bhsr0000gp/T//ccRuXEEm.ltrans0.ltrans.o
 .text.updateMousepos
                0x00002e90       0x4c /var/folders/cd/0s72k2v14299px3vkqj0bhsr0000gp/T//ccRuXEEm.ltrans0.ltrans.o
 .text.onClick  0x00002edc      0x114 /var/folders/cd/0s72k2v14299px3vkqj0bhsr0000gp/T//ccRuXEEm.ltrans0.ltrans.o
 .text.drawSquareHighlight
                0x00002ff0      0x214 /var/folders/cd/0s72k2v14299px3vkqj0bhsr0000gp/T//ccRuXEEm.ltrans0.ltrans.o
 .text.getValidMoves
                0x00003204      0x312 /var/folders/cd/0s72k2v14299px3vkqj0bhsr0000gp/T//ccRuXEEm.ltrans0.ltrans.o
 .text.movePiece
                0x00003516      0x29a /var/folders/cd/0s72k2v14299px3vkqj0bhsr0000gp/T//ccRuXEEm.ltrans0.ltrans.o
 .text.checkForCaptures
                0x000037b0      0x582 /var/folders/cd/0s72k2v14299px3vkqj0bhsr0000gp/T//ccRuXEEm.ltrans0.ltrans.o
 .text.checkGameEnd
                0x00003d32       0x8e /var/folders/cd/0s72k2v14299px3vkqj0bhsr0000gp/T//ccRuXEEm.ltrans0.ltrans.o
 .text.checkShieldWallCaptures
                0x00003dc0      0x5e2 /var/folders/cd/0s72k2v14299px3vkqj0bhsr0000gp/T//ccRuXEEm.ltrans0.ltrans.o
 .text.checkExitFort
                0x000043a2      0x280 /var/folders/cd/0s72k2v14299px3vkqj0bhsr0000gp/T//ccRuXEEm.ltrans0.ltrans.o
 .text.checkSurrounded
                0x00004622      0x25e /var/folders/cd/0s72k2v14299px3vkqj0bhsr0000gp/T//ccRuXEEm.ltrans0.ltrans.o
 .text.inputOpen
                0x00004880       0x16 /var/folders/cd/0s72k2v14299px3vkqj0bhsr0000gp/T//ccRuXEEm.ltrans0.ltrans.o
 .text.inputProcess
                0x00004896       0x10 /var/folders/cd/0s72k2v14299px3vkqj0bhsr0000gp/T//ccRuXEEm.ltrans0.ltrans.o
 .text.inputClose
                0x000048a6       0x10 /var/folders/cd/0s72k2v14299px3vkqj0bhsr0000gp/T//ccRuXEEm.ltrans0.ltrans.o
 .text.menuGsCreate
                0x000048b6      0x3be /var/folders/cd/0s72k2v14299px3vkqj0bhsr0000gp/T//ccRuXEEm.ltrans0.ltrans.o
 .text.menuGsLoop
                0x00004c74       0x88 /var/folders/cd/0s72k2v14299px3vkqj0bhsr0000gp/T//ccRuXEEm.ltrans0.ltrans.o
 .text.menuGsDestroy
                0x00004cfc       0x4a /var/folders/cd/0s72k2v14299px3vkqj0bhsr0000gp/T//ccRuXEEm.ltrans0.ltrans.o
 .text.blitManagerCreate
                0x00004d46       0x30 /var/folders/cd/0s72k2v14299px3vkqj0bhsr0000gp/T//ccRuXEEm.ltrans0.ltrans.o
 .text.blitManagerDestroy
                0x00004d76       0x2e /var/folders/cd/0s72k2v14299px3vkqj0bhsr0000gp/T//ccRuXEEm.ltrans0.ltrans.o
 .text._blitCheck
                0x00004da4      0x3a8 /var/folders/cd/0s72k2v14299px3vkqj0bhsr0000gp/T//ccRuXEEm.ltrans0.ltrans.o
 .text.blitWait
                0x0000514c       0x2e /var/folders/cd/0s72k2v14299px3vkqj0bhsr0000gp/T//ccRuXEEm.ltrans0.ltrans.o
 .text.blitUnsafeCopy
                0x0000517a      0x6ba /var/folders/cd/0s72k2v14299px3vkqj0bhsr0000gp/T//ccRuXEEm.ltrans0.ltrans.o
 .text.blitSafeCopy
                0x00005834       0xea /var/folders/cd/0s72k2v14299px3vkqj0bhsr0000gp/T//ccRuXEEm.ltrans0.ltrans.o
 .text.blitUnsafeCopyAligned
                0x0000591e      0x2c6 /var/folders/cd/0s72k2v14299px3vkqj0bhsr0000gp/T//ccRuXEEm.ltrans0.ltrans.o
 .text.blitSafeCopyAligned
                0x00005be4      0x16a /var/folders/cd/0s72k2v14299px3vkqj0bhsr0000gp/T//ccRuXEEm.ltrans0.ltrans.o
 .text.blitUnsafeCopyMask
                0x00005d4e      0x6da /var/folders/cd/0s72k2v14299px3vkqj0bhsr0000gp/T//ccRuXEEm.ltrans0.ltrans.o
 .text.blitSafeCopyMask
                0x00006428       0xdc /var/folders/cd/0s72k2v14299px3vkqj0bhsr0000gp/T//ccRuXEEm.ltrans0.ltrans.o
 .text.blitUnsafeRect
                0x00006504      0x1fa /var/folders/cd/0s72k2v14299px3vkqj0bhsr0000gp/T//ccRuXEEm.ltrans0.ltrans.o
 .text.blitSafeRect
                0x000066fe       0xbc /var/folders/cd/0s72k2v14299px3vkqj0bhsr0000gp/T//ccRuXEEm.ltrans0.ltrans.o
 .text.copSetMoveVal.lto_priv.0
                0x000067ba       0x1c /var/folders/cd/0s72k2v14299px3vkqj0bhsr0000gp/T//ccRuXEEm.ltrans0.ltrans.o
 .text.copCreate
                0x000067d6       0x66 /var/folders/cd/0s72k2v14299px3vkqj0bhsr0000gp/T//ccRuXEEm.ltrans0.ltrans.o
 .text.copDestroy
                0x0000683c       0x5e /var/folders/cd/0s72k2v14299px3vkqj0bhsr0000gp/T//ccRuXEEm.ltrans0.ltrans.o
 .text.copSwapBuffers
                0x0000689a       0x46 /var/folders/cd/0s72k2v14299px3vkqj0bhsr0000gp/T//ccRuXEEm.ltrans0.ltrans.o
 .text.copListCreate
                0x000068e0      0x2b0 /var/folders/cd/0s72k2v14299px3vkqj0bhsr0000gp/T//ccRuXEEm.ltrans0.ltrans.o
 .text.copListDestroy
                0x00006b90      0x12a /var/folders/cd/0s72k2v14299px3vkqj0bhsr0000gp/T//ccRuXEEm.ltrans0.ltrans.o
 .text.copBlockCreate
                0x00006cba      0x1d0 /var/folders/cd/0s72k2v14299px3vkqj0bhsr0000gp/T//ccRuXEEm.ltrans0.ltrans.o
 .text.copBlockDestroy
                0x00006e8a      0x102 /var/folders/cd/0s72k2v14299px3vkqj0bhsr0000gp/T//ccRuXEEm.ltrans0.ltrans.o
 .text.copBfrRealloc
                0x00006f8c      0x10e /var/folders/cd/0s72k2v14299px3vkqj0bhsr0000gp/T//ccRuXEEm.ltrans0.ltrans.o
 .text.copReorderBlocks
                0x0000709a       0xc0 /var/folders/cd/0s72k2v14299px3vkqj0bhsr0000gp/T//ccRuXEEm.ltrans0.ltrans.o
 .text.copUpdateFromBlocks
                0x0000715a      0x244 /var/folders/cd/0s72k2v14299px3vkqj0bhsr0000gp/T//ccRuXEEm.ltrans0.ltrans.o
 .text.copProcessBlocks
                0x0000739e       0x8a /var/folders/cd/0s72k2v14299px3vkqj0bhsr0000gp/T//ccRuXEEm.ltrans0.ltrans.o
 .text.copBlockWait
                0x00007428       0x4a /var/folders/cd/0s72k2v14299px3vkqj0bhsr0000gp/T//ccRuXEEm.ltrans0.ltrans.o
 .text.copMove  0x00007472       0x82 /var/folders/cd/0s72k2v14299px3vkqj0bhsr0000gp/T//ccRuXEEm.ltrans0.ltrans.o
 .text.copSetWait
                0x000074f4       0x8e /var/folders/cd/0s72k2v14299px3vkqj0bhsr0000gp/T//ccRuXEEm.ltrans0.ltrans.o
 .text.copSetMove
                0x00007582       0x58 /var/folders/cd/0s72k2v14299px3vkqj0bhsr0000gp/T//ccRuXEEm.ltrans0.ltrans.o
 .text.gameExit
                0x000075da        0xa /var/folders/cd/0s72k2v14299px3vkqj0bhsr0000gp/T//ccRuXEEm.ltrans0.ltrans.o
 .text.gameIsRunning
                0x000075e4        0x8 /var/folders/cd/0s72k2v14299px3vkqj0bhsr0000gp/T//ccRuXEEm.ltrans0.ltrans.o
 .text.keyIntSetState
                0x000075ec       0x38 /var/folders/cd/0s72k2v14299px3vkqj0bhsr0000gp/T//ccRuXEEm.ltrans0.ltrans.o
 .text.keyIntCheck
                0x00007624       0x22 /var/folders/cd/0s72k2v14299px3vkqj0bhsr0000gp/T//ccRuXEEm.ltrans0.ltrans.o
 .text.keyCheck
                0x00007646       0x26 /var/folders/cd/0s72k2v14299px3vkqj0bhsr0000gp/T//ccRuXEEm.ltrans0.ltrans.o
 .text.keySetState
                0x0000766c       0x38 /var/folders/cd/0s72k2v14299px3vkqj0bhsr0000gp/T//ccRuXEEm.ltrans0.ltrans.o
 .text.onRawKeyInput
                0x000076a4       0x3a /var/folders/cd/0s72k2v14299px3vkqj0bhsr0000gp/T//ccRuXEEm.ltrans0.ltrans.o
 .text.onKeyInterrupt
                0x000076de       0xe8 /var/folders/cd/0s72k2v14299px3vkqj0bhsr0000gp/T//ccRuXEEm.ltrans0.ltrans.o
 .text.keyCreate
                0x000077c6       0x6c /var/folders/cd/0s72k2v14299px3vkqj0bhsr0000gp/T//ccRuXEEm.ltrans0.ltrans.o
 .text.keyDestroy
                0x00007832       0x62 /var/folders/cd/0s72k2v14299px3vkqj0bhsr0000gp/T//ccRuXEEm.ltrans0.ltrans.o
 .text.keyProcess
                0x00007894        0x4 /var/folders/cd/0s72k2v14299px3vkqj0bhsr0000gp/T//ccRuXEEm.ltrans0.ltrans.o
 .text.vsprintf
                0x00007898       0x1e /var/folders/cd/0s72k2v14299px3vkqj0bhsr0000gp/T//ccRuXEEm.ltrans0.ltrans.o
 .text.uaeWrite
                0x000078b6       0x32 /var/folders/cd/0s72k2v14299px3vkqj0bhsr0000gp/T//ccRuXEEm.ltrans0.ltrans.o
 .text.isWritingToFileAllowed
                0x000078e8       0x1a /var/folders/cd/0s72k2v14299px3vkqj0bhsr0000gp/T//ccRuXEEm.ltrans0.ltrans.o
 .text._logOpen
                0x00007902       0x4a /var/folders/cd/0s72k2v14299px3vkqj0bhsr0000gp/T//ccRuXEEm.ltrans0.ltrans.o
 .text._logPushIndent
                0x0000794c       0x12 /var/folders/cd/0s72k2v14299px3vkqj0bhsr0000gp/T//ccRuXEEm.ltrans0.ltrans.o
 .text._logPopIndent
                0x0000795e       0x12 /var/folders/cd/0s72k2v14299px3vkqj0bhsr0000gp/T//ccRuXEEm.ltrans0.ltrans.o
 .text._logWrite
                0x00007970       0x1e /var/folders/cd/0s72k2v14299px3vkqj0bhsr0000gp/T//ccRuXEEm.ltrans0.ltrans.o
 .text._logWriteVa
                0x0000798e      0x11e /var/folders/cd/0s72k2v14299px3vkqj0bhsr0000gp/T//ccRuXEEm.ltrans0.ltrans.o
 .text._logClose
                0x00007aac       0x30 /var/folders/cd/0s72k2v14299px3vkqj0bhsr0000gp/T//ccRuXEEm.ltrans0.ltrans.o
 .text._logBlockBegin
                0x00007adc       0xb0 /var/folders/cd/0s72k2v14299px3vkqj0bhsr0000gp/T//ccRuXEEm.ltrans0.ltrans.o
 .text._logBlockEnd
                0x00007b8c       0xf2 /var/folders/cd/0s72k2v14299px3vkqj0bhsr0000gp/T//ccRuXEEm.ltrans0.ltrans.o
 .text._logPushInt
                0x00007c7e       0x12 /var/folders/cd/0s72k2v14299px3vkqj0bhsr0000gp/T//ccRuXEEm.ltrans0.ltrans.o
 .text._logPopInt
                0x00007c90       0x28 /var/folders/cd/0s72k2v14299px3vkqj0bhsr0000gp/T//ccRuXEEm.ltrans0.ltrans.o
 .text._memEntryAdd
                0x00007cb8      0x154 /var/folders/cd/0s72k2v14299px3vkqj0bhsr0000gp/T//ccRuXEEm.ltrans0.ltrans.o
 .text._memEntryDelete
                0x00007e0c      0x16a /var/folders/cd/0s72k2v14299px3vkqj0bhsr0000gp/T//ccRuXEEm.ltrans0.ltrans.o
 .text.memEntryCheckTrash
                0x00007f76      0x116 /var/folders/cd/0s72k2v14299px3vkqj0bhsr0000gp/T//ccRuXEEm.ltrans0.ltrans.o
 .text._memCheckIntegrity
                0x0000808c       0x4c /var/folders/cd/0s72k2v14299px3vkqj0bhsr0000gp/T//ccRuXEEm.ltrans0.ltrans.o
 .text._memCreate
                0x000080d8       0x28 /var/folders/cd/0s72k2v14299px3vkqj0bhsr0000gp/T//ccRuXEEm.ltrans0.ltrans.o
 .text._memDestroy
                0x00008100       0x7e /var/folders/cd/0s72k2v14299px3vkqj0bhsr0000gp/T//ccRuXEEm.ltrans0.ltrans.o
 .text._memAllocDbg
                0x0000817e      0x142 /var/folders/cd/0s72k2v14299px3vkqj0bhsr0000gp/T//ccRuXEEm.ltrans0.ltrans.o
 .text._memFreeDbg
                0x000082c0       0x6e /var/folders/cd/0s72k2v14299px3vkqj0bhsr0000gp/T//ccRuXEEm.ltrans0.ltrans.o
 .text._memAllocRls
                0x0000832e       0x96 /var/folders/cd/0s72k2v14299px3vkqj0bhsr0000gp/T//ccRuXEEm.ltrans0.ltrans.o
 .text._memFreeRls
                0x000083c4       0x38 /var/folders/cd/0s72k2v14299px3vkqj0bhsr0000gp/T//ccRuXEEm.ltrans0.ltrans.o
 .text._memLogPeak
                0x000083fc       0x24 /var/folders/cd/0s72k2v14299px3vkqj0bhsr0000gp/T//ccRuXEEm.ltrans0.ltrans.o
 .text.memType  0x00008420       0x3e /var/folders/cd/0s72k2v14299px3vkqj0bhsr0000gp/T//ccRuXEEm.ltrans0.ltrans.o
 .text.mouseSetBounds
                0x0000845e       0xaa /var/folders/cd/0s72k2v14299px3vkqj0bhsr0000gp/T//ccRuXEEm.ltrans0.ltrans.o
 .text.mouseSetButton
                0x00008508       0x4c /var/folders/cd/0s72k2v14299px3vkqj0bhsr0000gp/T//ccRuXEEm.ltrans0.ltrans.o
 .text.mouseCheck.lto_priv.1
                0x00008554       0x44 /var/folders/cd/0s72k2v14299px3vkqj0bhsr0000gp/T//ccRuXEEm.ltrans0.ltrans.o
 .text.mouseMoveBy
                0x00008598      0x11c /var/folders/cd/0s72k2v14299px3vkqj0bhsr0000gp/T//ccRuXEEm.ltrans0.ltrans.o
 .text.mouseResetPos
                0x000086b4       0xaa /var/folders/cd/0s72k2v14299px3vkqj0bhsr0000gp/T//ccRuXEEm.ltrans0.ltrans.o
 .text.mouseCreate
                0x0000875e       0xd8 /var/folders/cd/0s72k2v14299px3vkqj0bhsr0000gp/T//ccRuXEEm.ltrans0.ltrans.o
 .text.mouseDestroy
                0x00008836       0x14 /var/folders/cd/0s72k2v14299px3vkqj0bhsr0000gp/T//ccRuXEEm.ltrans0.ltrans.o
 .text.mouseProcessPort
                0x0000884a      0x1f4 /var/folders/cd/0s72k2v14299px3vkqj0bhsr0000gp/T//ccRuXEEm.ltrans0.ltrans.o
 .text.mouseProcess
                0x00008a3e      0x130 /var/folders/cd/0s72k2v14299px3vkqj0bhsr0000gp/T//ccRuXEEm.ltrans0.ltrans.o
 .text.copSetMoveVal.lto_priv.1
                0x00008b6e       0x1c /var/folders/cd/0s72k2v14299px3vkqj0bhsr0000gp/T//ccRuXEEm.ltrans0.ltrans.o
 .text.spriteChannelRequestCopperUpdate
                0x00008b8a        0xe /var/folders/cd/0s72k2v14299px3vkqj0bhsr0000gp/T//ccRuXEEm.ltrans0.ltrans.o
 .text.spriteManagerCreate
                0x00008b98      0x15a /var/folders/cd/0s72k2v14299px3vkqj0bhsr0000gp/T//ccRuXEEm.ltrans0.ltrans.o
 .text.spriteManagerDestroy
                0x00008cf2       0xaa /var/folders/cd/0s72k2v14299px3vkqj0bhsr0000gp/T//ccRuXEEm.ltrans0.ltrans.o
 .text.spriteAdd
                0x00008d9c      0x11c /var/folders/cd/0s72k2v14299px3vkqj0bhsr0000gp/T//ccRuXEEm.ltrans0.ltrans.o
 .text.spriteRemove
                0x00008eb8       0xa8 /var/folders/cd/0s72k2v14299px3vkqj0bhsr0000gp/T//ccRuXEEm.ltrans0.ltrans.o
 .text.spriteSetEnabled
                0x00008f60       0x4a /var/folders/cd/0s72k2v14299px3vkqj0bhsr0000gp/T//ccRuXEEm.ltrans0.ltrans.o
 .text.spriteSetBitmap
                0x00008faa       0xdc /var/folders/cd/0s72k2v14299px3vkqj0bhsr0000gp/T//ccRuXEEm.ltrans0.ltrans.o
 .text.spriteProcessChannel
                0x00009086      0x1e6 /var/folders/cd/0s72k2v14299px3vkqj0bhsr0000gp/T//ccRuXEEm.ltrans0.ltrans.o
 .text.spriteProcess
                0x0000926c      0x130 /var/folders/cd/0s72k2v14299px3vkqj0bhsr0000gp/T//ccRuXEEm.ltrans0.ltrans.o
 .text.spriteSetHeight
                0x0000939c       0x98 /var/folders/cd/0s72k2v14299px3vkqj0bhsr0000gp/T//ccRuXEEm.ltrans0.ltrans.o
 .text._checkNull
                0x00009434       0x38 /var/folders/cd/0s72k2v14299px3vkqj0bhsr0000gp/T//ccRuXEEm.ltrans0.ltrans.o
 .text.stateManagerCreate
                0x0000946c       0x44 /var/folders/cd/0s72k2v14299px3vkqj0bhsr0000gp/T//ccRuXEEm.ltrans0.ltrans.o
 .text.stateManagerDestroy
                0x000094b0       0x6a /var/folders/cd/0s72k2v14299px3vkqj0bhsr0000gp/T//ccRuXEEm.ltrans0.ltrans.o
 .text.stateCreate
                0x0000951a       0x82 /var/folders/cd/0s72k2v14299px3vkqj0bhsr0000gp/T//ccRuXEEm.ltrans0.ltrans.o
 .text.stateDestroy
                0x0000959c       0x5e /var/folders/cd/0s72k2v14299px3vkqj0bhsr0000gp/T//ccRuXEEm.ltrans0.ltrans.o
 .text.statePush
                0x000095fa       0xd4 /var/folders/cd/0s72k2v14299px3vkqj0bhsr0000gp/T//ccRuXEEm.ltrans0.ltrans.o
 .text.statePopAll
                0x000096ce       0x74 /var/folders/cd/0s72k2v14299px3vkqj0bhsr0000gp/T//ccRuXEEm.ltrans0.ltrans.o
 .text.stateChange
                0x00009742       0xea /var/folders/cd/0s72k2v14299px3vkqj0bhsr0000gp/T//ccRuXEEm.ltrans0.ltrans.o
 .text.stateProcess
                0x0000982c       0x42 /var/folders/cd/0s72k2v14299px3vkqj0bhsr0000gp/T//ccRuXEEm.ltrans0.ltrans.o
 .text.keyReset
                0x0000986e       0x2e /var/folders/cd/0s72k2v14299px3vkqj0bhsr0000gp/T//ccRuXEEm.ltrans0.ltrans.o
 .text.int1Handler
                0x0000989c       0x18 /var/folders/cd/0s72k2v14299px3vkqj0bhsr0000gp/T//ccRuXEEm.ltrans0.ltrans.o
 .text.int2Handler
                0x000098b4       0xb6 /var/folders/cd/0s72k2v14299px3vkqj0bhsr0000gp/T//ccRuXEEm.ltrans0.ltrans.o
 .text.int3Handler
                0x0000996a       0xe6 /var/folders/cd/0s72k2v14299px3vkqj0bhsr0000gp/T//ccRuXEEm.ltrans0.ltrans.o
 .text.int4Handler
                0x00009a50      0x11c /var/folders/cd/0s72k2v14299px3vkqj0bhsr0000gp/T//ccRuXEEm.ltrans0.ltrans.o
 .text.int5Handler
                0x00009b6c       0x18 /var/folders/cd/0s72k2v14299px3vkqj0bhsr0000gp/T//ccRuXEEm.ltrans0.ltrans.o
 .text.int6Handler
                0x00009b84       0xf0 /var/folders/cd/0s72k2v14299px3vkqj0bhsr0000gp/T//ccRuXEEm.ltrans0.ltrans.o
 .text.int7Handler
                0x00009c74       0x18 /var/folders/cd/0s72k2v14299px3vkqj0bhsr0000gp/T//ccRuXEEm.ltrans0.ltrans.o
 .text.aceInputHandler
                0x00009c8c       0x46 /var/folders/cd/0s72k2v14299px3vkqj0bhsr0000gp/T//ccRuXEEm.ltrans0.ltrans.o
 .text.ciaIcrHandler
                0x00009cd2       0x2a /var/folders/cd/0s72k2v14299px3vkqj0bhsr0000gp/T//ccRuXEEm.ltrans0.ltrans.o
 .text.osIntVector
                0x00009cfc       0x74 /var/folders/cd/0s72k2v14299px3vkqj0bhsr0000gp/T//ccRuXEEm.ltrans0.ltrans.o
 .text.osIntServer
                0x00009d70       0x92 /var/folders/cd/0s72k2v14299px3vkqj0bhsr0000gp/T//ccRuXEEm.ltrans0.ltrans.o
 .text.msgPortCreate
                0x00009e02       0xf4 /var/folders/cd/0s72k2v14299px3vkqj0bhsr0000gp/T//ccRuXEEm.ltrans0.ltrans.o
 .text.msgPortDelete
                0x00009ef6       0x60 /var/folders/cd/0s72k2v14299px3vkqj0bhsr0000gp/T//ccRuXEEm.ltrans0.ltrans.o
 .text.ioRequestInitialize
                0x00009f56       0x30 /var/folders/cd/0s72k2v14299px3vkqj0bhsr0000gp/T//ccRuXEEm.ltrans0.ltrans.o
 .text.ioRequestCreate
                0x00009f86       0x6e /var/folders/cd/0s72k2v14299px3vkqj0bhsr0000gp/T//ccRuXEEm.ltrans0.ltrans.o
 .text.ioRequestDestroy
                0x00009ff4       0x3a /var/folders/cd/0s72k2v14299px3vkqj0bhsr0000gp/T//ccRuXEEm.ltrans0.ltrans.o
 .text.audioChannelAlloc
                0x0000a02e      0x14a /var/folders/cd/0s72k2v14299px3vkqj0bhsr0000gp/T//ccRuXEEm.ltrans0.ltrans.o
 .text.audioChannelFree
                0x0000a178       0x92 /var/folders/cd/0s72k2v14299px3vkqj0bhsr0000gp/T//ccRuXEEm.ltrans0.ltrans.o
 .text.cdtvCdCommand
                0x0000a20a       0x64 /var/folders/cd/0s72k2v14299px3vkqj0bhsr0000gp/T//ccRuXEEm.ltrans0.ltrans.o
 .text.cdtvPortAlloc
                0x0000a26e       0xf0 /var/folders/cd/0s72k2v14299px3vkqj0bhsr0000gp/T//ccRuXEEm.ltrans0.ltrans.o
 .text.cdtvPortFree
                0x0000a35e       0x34 /var/folders/cd/0s72k2v14299px3vkqj0bhsr0000gp/T//ccRuXEEm.ltrans0.ltrans.o
 .text.inputHandlerAdd
                0x0000a392      0x15a /var/folders/cd/0s72k2v14299px3vkqj0bhsr0000gp/T//ccRuXEEm.ltrans0.ltrans.o
 .text.inputHandlerRemove
                0x0000a4ec       0x8e /var/folders/cd/0s72k2v14299px3vkqj0bhsr0000gp/T//ccRuXEEm.ltrans0.ltrans.o
 .text.interruptHandlerAdd
                0x0000a57a      0x136 /var/folders/cd/0s72k2v14299px3vkqj0bhsr0000gp/T//ccRuXEEm.ltrans0.ltrans.o
 .text.interruptHandlerRemove
                0x0000a6b0       0xf6 /var/folders/cd/0s72k2v14299px3vkqj0bhsr0000gp/T//ccRuXEEm.ltrans0.ltrans.o
 .text.systemOsDisable
                0x0000a7a6      0x2f8 /var/folders/cd/0s72k2v14299px3vkqj0bhsr0000gp/T//ccRuXEEm.ltrans0.ltrans.o
 .text.ciaIcrHandlerAdd
                0x0000aa9e      0x294 /var/folders/cd/0s72k2v14299px3vkqj0bhsr0000gp/T//ccRuXEEm.ltrans0.ltrans.o
 .text.ciaIcrHandlerRemove
                0x0000ad32       0x92 /var/folders/cd/0s72k2v14299px3vkqj0bhsr0000gp/T//ccRuXEEm.ltrans0.ltrans.o
 .text.systemFlushIo
                0x0000adc4      0x12e /var/folders/cd/0s72k2v14299px3vkqj0bhsr0000gp/T//ccRuXEEm.ltrans0.ltrans.o
 .text.systemKill
                0x0000aef2       0xee /var/folders/cd/0s72k2v14299px3vkqj0bhsr0000gp/T//ccRuXEEm.ltrans0.ltrans.o
 .text.systemCreate
                0x0000afe0      0x46e /var/folders/cd/0s72k2v14299px3vkqj0bhsr0000gp/T//ccRuXEEm.ltrans0.ltrans.o
 .text.systemDestroy
                0x0000b44e      0x242 /var/folders/cd/0s72k2v14299px3vkqj0bhsr0000gp/T//ccRuXEEm.ltrans0.ltrans.o
 .text.systemUnuse
                0x0000b690       0x90 /var/folders/cd/0s72k2v14299px3vkqj0bhsr0000gp/T//ccRuXEEm.ltrans0.ltrans.o
 .text.systemUse
                0x0000b720      0x208 /var/folders/cd/0s72k2v14299px3vkqj0bhsr0000gp/T//ccRuXEEm.ltrans0.ltrans.o
 .text.systemGetBlitterFromOs
                0x0000b928       0x5c /var/folders/cd/0s72k2v14299px3vkqj0bhsr0000gp/T//ccRuXEEm.ltrans0.ltrans.o
 .text.systemReleaseBlitterToOs
                0x0000b984       0x36 /var/folders/cd/0s72k2v14299px3vkqj0bhsr0000gp/T//ccRuXEEm.ltrans0.ltrans.o
 .text.systemSetKeyInputHandler
                0x0000b9ba        0xc /var/folders/cd/0s72k2v14299px3vkqj0bhsr0000gp/T//ccRuXEEm.ltrans0.ltrans.o
 .text.systemSetCiaInt
                0x0000b9c6       0x8a /var/folders/cd/0s72k2v14299px3vkqj0bhsr0000gp/T//ccRuXEEm.ltrans0.ltrans.o
 .text.systemSetDmaBit
                0x0000ba50       0x42 /var/folders/cd/0s72k2v14299px3vkqj0bhsr0000gp/T//ccRuXEEm.ltrans0.ltrans.o
 .text.systemSetDmaMask
                0x0000ba92       0xb0 /var/folders/cd/0s72k2v14299px3vkqj0bhsr0000gp/T//ccRuXEEm.ltrans0.ltrans.o
 .text.systemIdleBegin
                0x0000bb42        0xa /var/folders/cd/0s72k2v14299px3vkqj0bhsr0000gp/T//ccRuXEEm.ltrans0.ltrans.o
 .text.systemIdleEnd
                0x0000bb4c        0xa /var/folders/cd/0s72k2v14299px3vkqj0bhsr0000gp/T//ccRuXEEm.ltrans0.ltrans.o
 .text.systemGetVerticalBlankFrequency
                0x0000bb56        0xc /var/folders/cd/0s72k2v14299px3vkqj0bhsr0000gp/T//ccRuXEEm.ltrans0.ltrans.o
 .text.systemIsPal
                0x0000bb62       0x1e /var/folders/cd/0s72k2v14299px3vkqj0bhsr0000gp/T//ccRuXEEm.ltrans0.ltrans.o
 .text.systemCheckStack
                0x0000bb80       0x4a /var/folders/cd/0s72k2v14299px3vkqj0bhsr0000gp/T//ccRuXEEm.ltrans0.ltrans.o
 .text.timerCreate
                0x0000bbca        0xc /var/folders/cd/0s72k2v14299px3vkqj0bhsr0000gp/T//ccRuXEEm.ltrans0.ltrans.o
 .text.timerDestroy
                0x0000bbd6        0x4 /var/folders/cd/0s72k2v14299px3vkqj0bhsr0000gp/T//ccRuXEEm.ltrans0.ltrans.o
 .text.timerGet
                0x0000bbda       0x10 /var/folders/cd/0s72k2v14299px3vkqj0bhsr0000gp/T//ccRuXEEm.ltrans0.ltrans.o
 .text.timerOnInterrupt
                0x0000bbea       0x12 /var/folders/cd/0s72k2v14299px3vkqj0bhsr0000gp/T//ccRuXEEm.ltrans0.ltrans.o
 .text.timerGetPrec
                0x0000bbfc       0xae /var/folders/cd/0s72k2v14299px3vkqj0bhsr0000gp/T//ccRuXEEm.ltrans0.ltrans.o
 .text.timerGetDelta
                0x0000bcaa       0x20 /var/folders/cd/0s72k2v14299px3vkqj0bhsr0000gp/T//ccRuXEEm.ltrans0.ltrans.o
 .text.timerProcess
                0x0000bcca       0x64 /var/folders/cd/0s72k2v14299px3vkqj0bhsr0000gp/T//ccRuXEEm.ltrans0.ltrans.o
 .text.timerFormatPrec
                0x0000bd2e      0x118 /var/folders/cd/0s72k2v14299px3vkqj0bhsr0000gp/T//ccRuXEEm.ltrans0.ltrans.o
 .text.cameraCreate
                0x0000be46      0x154 /var/folders/cd/0s72k2v14299px3vkqj0bhsr0000gp/T//ccRuXEEm.ltrans0.ltrans.o
 .text.cameraDestroy
                0x0000bf9a       0x3c /var/folders/cd/0s72k2v14299px3vkqj0bhsr0000gp/T//ccRuXEEm.ltrans0.ltrans.o
 .text.cameraProcess
                0x0000bfd6       0x46 /var/folders/cd/0s72k2v14299px3vkqj0bhsr0000gp/T//ccRuXEEm.ltrans0.ltrans.o
 .text.cameraReset
                0x0000c01c      0x142 /var/folders/cd/0s72k2v14299px3vkqj0bhsr0000gp/T//ccRuXEEm.ltrans0.ltrans.o
 .text.cameraIsMoved
                0x0000c15e       0x30 /var/folders/cd/0s72k2v14299px3vkqj0bhsr0000gp/T//ccRuXEEm.ltrans0.ltrans.o
 .text.copSetMoveVal.lto_priv.3
                0x0000c18e       0x1c /var/folders/cd/0s72k2v14299px3vkqj0bhsr0000gp/T//ccRuXEEm.ltrans0.ltrans.o
 .text.setBitplanePtrs
                0x0000c1aa       0xc4 /var/folders/cd/0s72k2v14299px3vkqj0bhsr0000gp/T//ccRuXEEm.ltrans0.ltrans.o
 .text.updateBitplanePtrs
                0x0000c26e       0x8e /var/folders/cd/0s72k2v14299px3vkqj0bhsr0000gp/T//ccRuXEEm.ltrans0.ltrans.o
 .text.simpleBufferInitializeCopperList
                0x0000c2fc      0x5a2 /var/folders/cd/0s72k2v14299px3vkqj0bhsr0000gp/T//ccRuXEEm.ltrans0.ltrans.o
 .text.simpleBufferSetBack
                0x0000c89e       0x3e /var/folders/cd/0s72k2v14299px3vkqj0bhsr0000gp/T//ccRuXEEm.ltrans0.ltrans.o
 .text.simpleBufferCalcBplOffsAndShift
                0x0000c8dc       0xfa /var/folders/cd/0s72k2v14299px3vkqj0bhsr0000gp/T//ccRuXEEm.ltrans0.ltrans.o
 .text.simpleBufferSetFront
                0x0000c9d6       0x64 /var/folders/cd/0s72k2v14299px3vkqj0bhsr0000gp/T//ccRuXEEm.ltrans0.ltrans.o
 .text.simpleBufferCreate
                0x0000ca3a      0x4c0 /var/folders/cd/0s72k2v14299px3vkqj0bhsr0000gp/T//ccRuXEEm.ltrans0.ltrans.o
 .text.simpleBufferDestroy
                0x0000cefa       0xac /var/folders/cd/0s72k2v14299px3vkqj0bhsr0000gp/T//ccRuXEEm.ltrans0.ltrans.o
 .text.simpleBufferProcess
                0x0000cfa6      0x26e /var/folders/cd/0s72k2v14299px3vkqj0bhsr0000gp/T//ccRuXEEm.ltrans0.ltrans.o
 .text.simpleBufferGetRawCopperlistInstructionCount
                0x0000d214       0x1c /var/folders/cd/0s72k2v14299px3vkqj0bhsr0000gp/T//ccRuXEEm.ltrans0.ltrans.o
 .text.bitmapCreate
                0x0000d230      0x542 /var/folders/cd/0s72k2v14299px3vkqj0bhsr0000gp/T//ccRuXEEm.ltrans0.ltrans.o
 .text.bitmapCreateFromPath
                0x0000d772       0x3a /var/folders/cd/0s72k2v14299px3vkqj0bhsr0000gp/T//ccRuXEEm.ltrans0.ltrans.o
 .text.bitmapCreateFromFd
                0x0000d7ac      0x2fe /var/folders/cd/0s72k2v14299px3vkqj0bhsr0000gp/T//ccRuXEEm.ltrans0.ltrans.o
 .text.bitmapDestroy
                0x0000daaa      0x1b4 /var/folders/cd/0s72k2v14299px3vkqj0bhsr0000gp/T//ccRuXEEm.ltrans0.ltrans.o
 .text.bitmapIsInterleaved
                0x0000dc5e       0x2e /var/folders/cd/0s72k2v14299px3vkqj0bhsr0000gp/T//ccRuXEEm.ltrans0.ltrans.o
 .text.bitmapIsChip
                0x0000dc8c       0x1c /var/folders/cd/0s72k2v14299px3vkqj0bhsr0000gp/T//ccRuXEEm.ltrans0.ltrans.o
 .text.bitmapGetByteWidth
                0x0000dca8       0x30 /var/folders/cd/0s72k2v14299px3vkqj0bhsr0000gp/T//ccRuXEEm.ltrans0.ltrans.o
 .text.ciaGetTimerA
                0x0000dcd8       0x3a /var/folders/cd/0s72k2v14299px3vkqj0bhsr0000gp/T//ccRuXEEm.ltrans0.ltrans.o
 .text.ciaSetTimerA
                0x0000dd12       0x2e /var/folders/cd/0s72k2v14299px3vkqj0bhsr0000gp/T//ccRuXEEm.ltrans0.ltrans.o
 .text.ciaGetTimerB
                0x0000dd40       0x3a /var/folders/cd/0s72k2v14299px3vkqj0bhsr0000gp/T//ccRuXEEm.ltrans0.ltrans.o
 .text.ciaSetTimerB
                0x0000dd7a       0x2e /var/folders/cd/0s72k2v14299px3vkqj0bhsr0000gp/T//ccRuXEEm.ltrans0.ltrans.o
 .text.getRayPos
                0x0000dda8       0x54 /var/folders/cd/0s72k2v14299px3vkqj0bhsr0000gp/T//ccRuXEEm.ltrans0.ltrans.o
 .text.fileAccessEnable
                0x0000ddfc       0x10 /var/folders/cd/0s72k2v14299px3vkqj0bhsr0000gp/T//ccRuXEEm.ltrans0.ltrans.o
 .text.fileAccessDisable
                0x0000de0c       0x10 /var/folders/cd/0s72k2v14299px3vkqj0bhsr0000gp/T//ccRuXEEm.ltrans0.ltrans.o
 .text.diskFileClose
                0x0000de1c       0x8a /var/folders/cd/0s72k2v14299px3vkqj0bhsr0000gp/T//ccRuXEEm.ltrans0.ltrans.o
 .text.diskFileRead
                0x0000dea6      0x232 /var/folders/cd/0s72k2v14299px3vkqj0bhsr0000gp/T//ccRuXEEm.ltrans0.ltrans.o
 .text.diskFileWrite
                0x0000e0d8      0x13a /var/folders/cd/0s72k2v14299px3vkqj0bhsr0000gp/T//ccRuXEEm.ltrans0.ltrans.o
 .text.diskFileSeek
                0x0000e212      0x192 /var/folders/cd/0s72k2v14299px3vkqj0bhsr0000gp/T//ccRuXEEm.ltrans0.ltrans.o
 .text.diskFileGetPos
                0x0000e3a4       0x62 /var/folders/cd/0s72k2v14299px3vkqj0bhsr0000gp/T//ccRuXEEm.ltrans0.ltrans.o
 .text.diskFileGetSize
                0x0000e406       0x78 /var/folders/cd/0s72k2v14299px3vkqj0bhsr0000gp/T//ccRuXEEm.ltrans0.ltrans.o
 .text.diskFileIsEof
                0x0000e47e       0x62 /var/folders/cd/0s72k2v14299px3vkqj0bhsr0000gp/T//ccRuXEEm.ltrans0.ltrans.o
 .text.diskFileFlush
                0x0000e4e0       0x36 /var/folders/cd/0s72k2v14299px3vkqj0bhsr0000gp/T//ccRuXEEm.ltrans0.ltrans.o
 .text.diskFileOpen
                0x0000e516      0x13c /var/folders/cd/0s72k2v14299px3vkqj0bhsr0000gp/T//ccRuXEEm.ltrans0.ltrans.o
 .text.viewCreate
                0x0000e652      0x470 /var/folders/cd/0s72k2v14299px3vkqj0bhsr0000gp/T//ccRuXEEm.ltrans0.ltrans.o
 .text.viewDestroy
                0x0000eac2       0x9a /var/folders/cd/0s72k2v14299px3vkqj0bhsr0000gp/T//ccRuXEEm.ltrans0.ltrans.o
 .text.vPortProcessManagers
                0x0000eb5c       0x28 /var/folders/cd/0s72k2v14299px3vkqj0bhsr0000gp/T//ccRuXEEm.ltrans0.ltrans.o
 .text.viewProcessManagers
                0x0000eb84       0x28 /var/folders/cd/0s72k2v14299px3vkqj0bhsr0000gp/T//ccRuXEEm.ltrans0.ltrans.o
 .text.viewUpdateGlobalPalette
                0x0000ebac       0x68 /var/folders/cd/0s72k2v14299px3vkqj0bhsr0000gp/T//ccRuXEEm.ltrans0.ltrans.o
 .text.viewLoad
                0x0000ec14      0x3c6 /var/folders/cd/0s72k2v14299px3vkqj0bhsr0000gp/T//ccRuXEEm.ltrans0.ltrans.o
 .text.vPortCreate
                0x0000efda      0x45e /var/folders/cd/0s72k2v14299px3vkqj0bhsr0000gp/T//ccRuXEEm.ltrans0.ltrans.o
 .text.vPortDestroy
                0x0000f438      0x130 /var/folders/cd/0s72k2v14299px3vkqj0bhsr0000gp/T//ccRuXEEm.ltrans0.ltrans.o
 .text.vPortWaitForPos
                0x0000f568      0x100 /var/folders/cd/0s72k2v14299px3vkqj0bhsr0000gp/T//ccRuXEEm.ltrans0.ltrans.o
 .text.vPortWaitUntilEnd
                0x0000f668       0x26 /var/folders/cd/0s72k2v14299px3vkqj0bhsr0000gp/T//ccRuXEEm.ltrans0.ltrans.o
 .text.vPortWaitForEnd
                0x0000f68e       0x28 /var/folders/cd/0s72k2v14299px3vkqj0bhsr0000gp/T//ccRuXEEm.ltrans0.ltrans.o
 .text.vPortAddManager
                0x0000f6b6       0xf0 /var/folders/cd/0s72k2v14299px3vkqj0bhsr0000gp/T//ccRuXEEm.ltrans0.ltrans.o
 .text.vPortRmManager
                0x0000f7a6       0xee /var/folders/cd/0s72k2v14299px3vkqj0bhsr0000gp/T//ccRuXEEm.ltrans0.ltrans.o
 .text.vPortGetManager
                0x0000f894       0x40 /var/folders/cd/0s72k2v14299px3vkqj0bhsr0000gp/T//ccRuXEEm.ltrans0.ltrans.o
 .text.fileClose
                0x0000f8d4       0x5c /var/folders/cd/0s72k2v14299px3vkqj0bhsr0000gp/T//ccRuXEEm.ltrans0.ltrans.o
 .text.fileRead
                0x0000f930       0x4c /var/folders/cd/0s72k2v14299px3vkqj0bhsr0000gp/T//ccRuXEEm.ltrans0.ltrans.o
 .text.fileWrite
                0x0000f97c       0x38 /var/folders/cd/0s72k2v14299px3vkqj0bhsr0000gp/T//ccRuXEEm.ltrans0.ltrans.o
 .text.fileSeek
                0x0000f9b4       0x4c /var/folders/cd/0s72k2v14299px3vkqj0bhsr0000gp/T//ccRuXEEm.ltrans0.ltrans.o
 .text.fileFlush
                0x0000fa00       0x30 /var/folders/cd/0s72k2v14299px3vkqj0bhsr0000gp/T//ccRuXEEm.ltrans0.ltrans.o
 .text.fontGlyphWidth
                0x0000fa30       0x46 /var/folders/cd/0s72k2v14299px3vkqj0bhsr0000gp/T//ccRuXEEm.ltrans0.ltrans.o
 .text.fontCreateFromPath
                0x0000fa76       0x20 /var/folders/cd/0s72k2v14299px3vkqj0bhsr0000gp/T//ccRuXEEm.ltrans0.ltrans.o
 .text.fontCreateFromFd
                0x0000fa96      0x22a /var/folders/cd/0s72k2v14299px3vkqj0bhsr0000gp/T//ccRuXEEm.ltrans0.ltrans.o
 .text.fontCreateTextBitMap
                0x0000fcc0      0x10a /var/folders/cd/0s72k2v14299px3vkqj0bhsr0000gp/T//ccRuXEEm.ltrans0.ltrans.o
 .text.fontTextFitsInTextBitmap
                0x0000fdca       0x5c /var/folders/cd/0s72k2v14299px3vkqj0bhsr0000gp/T//ccRuXEEm.ltrans0.ltrans.o
 .text.fontMeasureText
                0x0000fe26       0xf2 /var/folders/cd/0s72k2v14299px3vkqj0bhsr0000gp/T//ccRuXEEm.ltrans0.ltrans.o
 .text.fontCreateTextBitMapFromStr
                0x0000ff18       0x9c /var/folders/cd/0s72k2v14299px3vkqj0bhsr0000gp/T//ccRuXEEm.ltrans0.ltrans.o
 .text.fontDrawStr1bpp
                0x0000ffb4      0x18c /var/folders/cd/0s72k2v14299px3vkqj0bhsr0000gp/T//ccRuXEEm.ltrans0.ltrans.o
 .text.fontFillTextBitMap
                0x00010140      0x118 /var/folders/cd/0s72k2v14299px3vkqj0bhsr0000gp/T//ccRuXEEm.ltrans0.ltrans.o
 .text.fontDestroyTextBitMap
                0x00010258       0x3c /var/folders/cd/0s72k2v14299px3vkqj0bhsr0000gp/T//ccRuXEEm.ltrans0.ltrans.o
 .text.fontDrawTextBitMap
                0x00010294      0x210 /var/folders/cd/0s72k2v14299px3vkqj0bhsr0000gp/T//ccRuXEEm.ltrans0.ltrans.o
 .text.fontDrawStr
                0x000104a4       0x94 /var/folders/cd/0s72k2v14299px3vkqj0bhsr0000gp/T//ccRuXEEm.ltrans0.ltrans.o
 .text.paletteLoadFromPath
                0x00010538       0x40 /var/folders/cd/0s72k2v14299px3vkqj0bhsr0000gp/T//ccRuXEEm.ltrans0.ltrans.o
 .text.paletteLoadFromFd
                0x00010578       0xd6 /var/folders/cd/0s72k2v14299px3vkqj0bhsr0000gp/T//ccRuXEEm.ltrans0.ltrans.o
 .text.spriteDisableInCopBlockMode
                0x0001064e      0x104 /var/folders/cd/0s72k2v14299px3vkqj0bhsr0000gp/T//ccRuXEEm.ltrans0.ltrans.o
 .text.spriteDisableInCopRawMode
                0x00010752      0x142 /var/folders/cd/0s72k2v14299px3vkqj0bhsr0000gp/T//ccRuXEEm.ltrans0.ltrans.o
 .text.tagGet   0x00010894       0xaa /var/folders/cd/0s72k2v14299px3vkqj0bhsr0000gp/T//ccRuXEEm.ltrans0.ltrans.o
 .text._out_buffer
                0x0001093e       0x28 /var/folders/cd/0s72k2v14299px3vkqj0bhsr0000gp/T//ccRuXEEm.ltrans0.ltrans.o
 .text._out_null
                0x00010966       0x12 /var/folders/cd/0s72k2v14299px3vkqj0bhsr0000gp/T//ccRuXEEm.ltrans0.ltrans.o
 .text._strnlen_s
                0x00010978       0x2a /var/folders/cd/0s72k2v14299px3vkqj0bhsr0000gp/T//ccRuXEEm.ltrans0.ltrans.o
 .text._is_digit
                0x000109a2       0x2c /var/folders/cd/0s72k2v14299px3vkqj0bhsr0000gp/T//ccRuXEEm.ltrans0.ltrans.o
 .text._atoi    0x000109ce       0x54 /var/folders/cd/0s72k2v14299px3vkqj0bhsr0000gp/T//ccRuXEEm.ltrans0.ltrans.o
 .text._out_rev
                0x00010a22       0xce /var/folders/cd/0s72k2v14299px3vkqj0bhsr0000gp/T//ccRuXEEm.ltrans0.ltrans.o
 .text._ntoa_format
                0x00010af0      0x208 /var/folders/cd/0s72k2v14299px3vkqj0bhsr0000gp/T//ccRuXEEm.ltrans0.ltrans.o
 .text._ntoa_long
                0x00010cf8       0xe8 /var/folders/cd/0s72k2v14299px3vkqj0bhsr0000gp/T//ccRuXEEm.ltrans0.ltrans.o
 .text._vsnprintf
                0x00010de0      0x95c /var/folders/cd/0s72k2v14299px3vkqj0bhsr0000gp/T//ccRuXEEm.ltrans0.ltrans.o
 .text.sprintf  0x0001173c       0x34 /var/folders/cd/0s72k2v14299px3vkqj0bhsr0000gp/T//ccRuXEEm.ltrans0.ltrans.o
                0x0001173c                sprintf
 .text.vsnprintf
                0x00011770       0x22 /var/folders/cd/0s72k2v14299px3vkqj0bhsr0000gp/T//ccRuXEEm.ltrans0.ltrans.o
                0x00011770                vsnprintf
 .text.fopen    0x00011792       0x96 /var/folders/cd/0s72k2v14299px3vkqj0bhsr0000gp/T//ccRuXEEm.ltrans0.ltrans.o
 .text.fread    0x00011828       0x70 /var/folders/cd/0s72k2v14299px3vkqj0bhsr0000gp/T//ccRuXEEm.ltrans0.ltrans.o
 .text.fwrite   0x00011898       0x70 /var/folders/cd/0s72k2v14299px3vkqj0bhsr0000gp/T//ccRuXEEm.ltrans0.ltrans.o
                0x00011898                fwrite
 .text.fclose   0x00011908       0x26 /var/folders/cd/0s72k2v14299px3vkqj0bhsr0000gp/T//ccRuXEEm.ltrans0.ltrans.o
 .text.fseek    0x0001192e       0x62 /var/folders/cd/0s72k2v14299px3vkqj0bhsr0000gp/T//ccRuXEEm.ltrans0.ltrans.o
 .text.fflush   0x00011990        0x4 /var/folders/cd/0s72k2v14299px3vkqj0bhsr0000gp/T//ccRuXEEm.ltrans0.ltrans.o
 .text.ftell    0x00011994       0x48 /var/folders/cd/0s72k2v14299px3vkqj0bhsr0000gp/T//ccRuXEEm.ltrans0.ltrans.o
 .text.feof     0x000119dc        0x4 /var/folders/cd/0s72k2v14299px3vkqj0bhsr0000gp/T//ccRuXEEm.ltrans0.ltrans.o
 .text.strlen   0x000119e0       0x20 /var/folders/cd/0s72k2v14299px3vkqj0bhsr0000gp/T//ccRuXEEm.ltrans0.ltrans.o
                0x000119e0                strlen
 .text.memset   0x00011a00       0x30 /var/folders/cd/0s72k2v14299px3vkqj0bhsr0000gp/T//ccRuXEEm.ltrans0.ltrans.o
                0x00011a00                memset
 .text.memcpy   0x00011a30       0x4c /var/folders/cd/0s72k2v14299px3vkqj0bhsr0000gp/T//ccRuXEEm.ltrans0.ltrans.o
                0x00011a30                memcpy
 .text.debug_cmd
                0x00011a7c       0x40 /var/folders/cd/0s72k2v14299px3vkqj0bhsr0000gp/T//ccRuXEEm.ltrans0.ltrans.o
 .text.debug_start_idle
                0x00011abc       0x1a /var/folders/cd/0s72k2v14299px3vkqj0bhsr0000gp/T//ccRuXEEm.ltrans0.ltrans.o
 .text.debug_stop_idle
                0x00011ad6       0x18 /var/folders/cd/0s72k2v14299px3vkqj0bhsr0000gp/T//ccRuXEEm.ltrans0.ltrans.o
 .text.__mulsi3
                0x00011aee       0x22 _deps/bartman_gcc_support-build/CMakeFiles/bartman_gcc_support.dir/src/gcc8_a_support.s.obj
                0x00011aee                __mulsi3
 .text.__udivsi3
                0x00011b10       0x5c _deps/bartman_gcc_support-build/CMakeFiles/bartman_gcc_support.dir/src/gcc8_a_support.s.obj
                0x00011b10                __udivsi3
 .text.__divsi3
                0x00011b6c       0x2e _deps/bartman_gcc_support-build/CMakeFiles/bartman_gcc_support.dir/src/gcc8_a_support.s.obj
                0x00011b6c                __divsi3
 .text.__umodsi3
                0x00011b9a       0x2e _deps/bartman_gcc_support-build/CMakeFiles/bartman_gcc_support.dir/src/gcc8_a_support.s.obj
                0x00011b9a                __umodsi3
 *(.gnu.warning)

.fini
 *(SORT_NONE(.fini))
                [!provide]                        PROVIDE (__etext = .)
                [!provide]                        PROVIDE (_etext = .)
                [!provide]                        PROVIDE (etext = .)

.rodata         0x00011bc8     0x4388
 *(.rodata .rodata.* .gnu.linkonce.r.*)
 .rodata        0x00011bc8     0x41d4 /var/folders/cd/0s72k2v14299px3vkqj0bhsr0000gp/T//ccRuXEEm.ltrans0.ltrans.o
 .rodata.kingPosWeights
                0x00015d9c      0x152 /var/folders/cd/0s72k2v14299px3vkqj0bhsr0000gp/T//ccRuXEEm.ltrans0.ltrans.o
 .rodata.s_pAceHwInterrupts
                0x00015eee       0x1c /var/folders/cd/0s72k2v14299px3vkqj0bhsr0000gp/T//ccRuXEEm.ltrans0.ltrans.o
 .rodata.s_pCopperWaitXByBitplanes.lto_priv.3
                0x00015f0a       0x12 /var/folders/cd/0s72k2v14299px3vkqj0bhsr0000gp/T//ccRuXEEm.ltrans0.ltrans.o
 .rodata.g_pCustom
                0x00015f1c        0x4 /var/folders/cd/0s72k2v14299px3vkqj0bhsr0000gp/T//ccRuXEEm.ltrans0.ltrans.o
 .rodata.g_pBplFetch
                0x00015f20        0x4 /var/folders/cd/0s72k2v14299px3vkqj0bhsr0000gp/T//ccRuXEEm.ltrans0.ltrans.o
 .rodata.g_pSprFetch
                0x00015f24        0x4 /var/folders/cd/0s72k2v14299px3vkqj0bhsr0000gp/T//ccRuXEEm.ltrans0.ltrans.o
 .rodata.g_pCia
                0x00015f28        0x8 /var/folders/cd/0s72k2v14299px3vkqj0bhsr0000gp/T//ccRuXEEm.ltrans0.ltrans.o
 .rodata.s_sDiskFileCallbacks
                0x00015f30       0x20 /var/folders/cd/0s72k2v14299px3vkqj0bhsr0000gp/T//ccRuXEEm.ltrans0.ltrans.o

text            0x00015f50       0x26
 text           0x00015f50       0x26 /var/folders/cd/0s72k2v14299px3vkqj0bhsr0000gp/T//ccRuXEEm.ltrans0.ltrans.o

.rodata1
 *(.rodata1)

.eh_frame_hdr
 *(.eh_frame_hdr)
 *(.eh_frame_entry .eh_frame_entry.*)

.eh_frame
 *(.eh_frame)
 *(.eh_frame.*)

.sframe
 *(.sframe)
 *(.sframe.*)

.gcc_except_table
 *(.gcc_except_table .gcc_except_table.*)

.gnu_extab
 *(.gnu_extab*)

.exception_ranges
 *(.exception_ranges*)

.note.build-id
 *(.note.build-id)

.note.GNU-stack
 *(.note.GNU-stack)

.note.gnu-property
 *(.note.gnu-property)

.note.ABI-tag
 *(.note.ABI-tag)

.note.package
 *(.note.package)

.note.dlopen
 *(.note.dlopen)

.note.netbsd.ident
 *(.note.netbsd.ident)

.note.openbsd.ident
 *(.note.openbsd.ident)
                0x00016000                        . = DATA_SEGMENT_ALIGN (CONSTANT (MAXPAGESIZE), CONSTANT (COMMONPAGESIZE))

.eh_frame
 *(.eh_frame)
 *(.eh_frame.*)

.sframe
 *(.sframe)
 *(.sframe.*)

.gnu_extab
 *(.gnu_extab)

.gcc_except_table
 *(.gcc_except_table .gcc_except_table.*)

.exception_ranges
 *(.exception_ranges*)

.tdata          0x00016000        0x0
                [!provide]                        PROVIDE (__tdata_start = .)
 *(.tdata .tdata.* .gnu.linkonce.td.*)

.tbss
 *(.tbss .tbss.* .gnu.linkonce.tb.*)
 *(.tcommon)

.preinit_array  0x00016000        0x0
                0x00016000                        PROVIDE (__preinit_array_start = .)
 *(.preinit_array)
                0x00016000                        PROVIDE (__preinit_array_end = .)

.init_array     0x00016000        0x0
                0x00016000                        PROVIDE (__init_array_start = .)
 *(SORT_BY_INIT_PRIORITY(.init_array.*) SORT_BY_INIT_PRIORITY(.ctors.*))
 *(.init_array EXCLUDE_FILE(*crtend?.o *crtend.o *crtbegin?.o *crtbegin.o) .ctors)
                0x00016000                        PROVIDE (__init_array_end = .)

.fini_array     0x00016000        0x0
                0x00016000                        PROVIDE (__fini_array_start = .)
 *(SORT_BY_INIT_PRIORITY(.fini_array.*) SORT_BY_INIT_PRIORITY(.dtors.*))
 *(.fini_array EXCLUDE_FILE(*crtend?.o *crtend.o *crtbegin?.o *crtbegin.o) .dtors)
                0x00016000                        PROVIDE (__fini_array_end = .)

.ctors
 *crtbegin.o(.ctors)
 *crtbegin?.o(.ctors)
 *(EXCLUDE_FILE(*crtend?.o *crtend.o) .ctors)
 *(SORT_BY_NAME(.ctors.*))
 *(.ctors)

.dtors
 *crtbegin.o(.dtors)
 *crtbegin?.o(.dtors)
 *(EXCLUDE_FILE(*crtend?.o *crtend.o) .dtors)
 *(SORT_BY_NAME(.dtors.*))
 *(.dtors)

.jcr
 *(.jcr)

.data.rel.ro
 *(.data.rel.ro.local* .gnu.linkonce.d.rel.ro.local.*)
 *(.data.rel.ro .data.rel.ro.* .gnu.linkonce.d.rel.ro.*)

.dynamic
 *(.dynamic)
                0x00016000                        . = DATA_SEGMENT_RELRO_END (., 0x0)

.got
 *(.got.plt)
 *(.igot.plt)
 *(.got)
 *(.igot)

.data           0x00016000       0x12
 *(.data .data.* .gnu.linkonce.d.*)
 .data.cpuPlayerTeam
                0x00016000        0x1 /var/folders/cd/0s72k2v14299px3vkqj0bhsr0000gp/T//ccRuXEEm.ltrans0.ltrans.o
 .data.humanPlayerTeam
                0x00016001        0x1 /var/folders/cd/0s72k2v14299px3vkqj0bhsr0000gp/T//ccRuXEEm.ltrans0.ltrans.o
 .data.s_isGameRunning
                0x00016002        0x1 /var/folders/cd/0s72k2v14299px3vkqj0bhsr0000gp/T//ccRuXEEm.ltrans0.ltrans.o
 *fill*         0x00016003        0x1 
 .data.bartmanLog
                0x00016004        0x4 /var/folders/cd/0s72k2v14299px3vkqj0bhsr0000gp/T//ccRuXEEm.ltrans0.ltrans.o
 .data.s_pAceCiaTimerA
                0x00016008        0x4 /var/folders/cd/0s72k2v14299px3vkqj0bhsr0000gp/T//ccRuXEEm.ltrans0.ltrans.o
 .data.s_pAceCiaTimerB
                0x0001600c        0x4 /var/folders/cd/0s72k2v14299px3vkqj0bhsr0000gp/T//ccRuXEEm.ltrans0.ltrans.o
 .data.s_uwOsVectorInts
                0x00016010        0x2 /var/folders/cd/0s72k2v14299px3vkqj0bhsr0000gp/T//ccRuXEEm.ltrans0.ltrans.o

.data1
 *(.data1)
                0x00016012                        _edata = .
                [!provide]                        PROVIDE (edata = .)
                0x00016012                        . = ALIGN (ALIGNOF (NEXT_SECTION))
                0x00016012                        __bss_start = .

.bss            0x00016012     0x232a
 *(.dynbss)
 *(.bss .bss.* .gnu.linkonce.b.*)
 .bss.g_pStateManager
                0x00016012        0x4 /var/folders/cd/0s72k2v14299px3vkqj0bhsr0000gp/T//ccRuXEEm.ltrans0.ltrans.o
 .bss.g_pGameState
                0x00016016        0x4 /var/folders/cd/0s72k2v14299px3vkqj0bhsr0000gp/T//ccRuXEEm.ltrans0.ltrans.o
 .bss.g_pMenuState
                0x0001601a        0x4 /var/folders/cd/0s72k2v14299px3vkqj0bhsr0000gp/T//ccRuXEEm.ltrans0.ltrans.o
 .bss.aiValidMoves
                0x0001601e       0xa9 /var/folders/cd/0s72k2v14299px3vkqj0bhsr0000gp/T//ccRuXEEm.ltrans0.ltrans.o
 *fill*         0x000160c7        0x1 
 .bss.aiValidGeneration
                0x000160c8        0x2 /var/folders/cd/0s72k2v14299px3vkqj0bhsr0000gp/T//ccRuXEEm.ltrans0.ltrans.o
 .bss.moveBuffer
                0x000160ca      0xc80 /var/folders/cd/0s72k2v14299px3vkqj0bhsr0000gp/T//ccRuXEEm.ltrans0.ltrans.o
 .bss.s_pView.lto_priv.0
                0x00016d4a        0x4 /var/folders/cd/0s72k2v14299px3vkqj0bhsr0000gp/T//ccRuXEEm.ltrans0.ltrans.o
 .bss.s_pVpMain.lto_priv.0
                0x00016d4e        0x4 /var/folders/cd/0s72k2v14299px3vkqj0bhsr0000gp/T//ccRuXEEm.ltrans0.ltrans.o
 .bss.s_pMainBuffer.lto_priv.0
                0x00016d52        0x4 /var/folders/cd/0s72k2v14299px3vkqj0bhsr0000gp/T//ccRuXEEm.ltrans0.ltrans.o
 .bss.g_state   0x00016d56      0x268 /var/folders/cd/0s72k2v14299px3vkqj0bhsr0000gp/T//ccRuXEEm.ltrans0.ltrans.o
 .bss.cpuMove   0x00016fbe        0x2 /var/folders/cd/0s72k2v14299px3vkqj0bhsr0000gp/T//ccRuXEEm.ltrans0.ltrans.o
 .bss.pBmBoard  0x00016fc0        0x4 /var/folders/cd/0s72k2v14299px3vkqj0bhsr0000gp/T//ccRuXEEm.ltrans0.ltrans.o
 .bss.pBmAttackers
                0x00016fc4       0x60 /var/folders/cd/0s72k2v14299px3vkqj0bhsr0000gp/T//ccRuXEEm.ltrans0.ltrans.o
 .bss.pBmAttackers_Mask
                0x00017024       0x60 /var/folders/cd/0s72k2v14299px3vkqj0bhsr0000gp/T//ccRuXEEm.ltrans0.ltrans.o
 .bss.pBmDefenders
                0x00017084       0x34 /var/folders/cd/0s72k2v14299px3vkqj0bhsr0000gp/T//ccRuXEEm.ltrans0.ltrans.o
 .bss.pBmDefenders_Mask
                0x000170b8       0x34 /var/folders/cd/0s72k2v14299px3vkqj0bhsr0000gp/T//ccRuXEEm.ltrans0.ltrans.o
 .bss.pBmKing   0x000170ec        0x4 /var/folders/cd/0s72k2v14299px3vkqj0bhsr0000gp/T//ccRuXEEm.ltrans0.ltrans.o
 .bss.pBmKing_Mask
                0x000170f0        0x4 /var/folders/cd/0s72k2v14299px3vkqj0bhsr0000gp/T//ccRuXEEm.ltrans0.ltrans.o
 .bss.pBmClashFX
                0x000170f4        0x4 /var/folders/cd/0s72k2v14299px3vkqj0bhsr0000gp/T//ccRuXEEm.ltrans0.ltrans.o
 .bss.pBmClashFX_Mask
                0x000170f8        0x4 /var/folders/cd/0s72k2v14299px3vkqj0bhsr0000gp/T//ccRuXEEm.ltrans0.ltrans.o
 .bss.pBmSquareHighlight
                0x000170fc        0x4 /var/folders/cd/0s72k2v14299px3vkqj0bhsr0000gp/T//ccRuXEEm.ltrans0.ltrans.o
 .bss.pBmSquareHighlight_Mask
                0x00017100        0x4 /var/folders/cd/0s72k2v14299px3vkqj0bhsr0000gp/T//ccRuXEEm.ltrans0.ltrans.o
 .bss.pBmSquareHighlight_BG
                0x00017104        0x8 /var/folders/cd/0s72k2v14299px3vkqj0bhsr0000gp/T//ccRuXEEm.ltrans0.ltrans.o
 .bss.pBmMouseCursorSrc
                0x0001710c        0x4 /var/folders/cd/0s72k2v14299px3vkqj0bhsr0000gp/T//ccRuXEEm.ltrans0.ltrans.o
 .bss.pBmMouseCursorData
                0x00017110        0x4 /var/folders/cd/0s72k2v14299px3vkqj0bhsr0000gp/T//ccRuXEEm.ltrans0.ltrans.o
 .bss.pSMouseCursor
                0x00017114        0x4 /var/folders/cd/0s72k2v14299px3vkqj0bhsr0000gp/T//ccRuXEEm.ltrans0.ltrans.o
 .bss.gametextbitmapattack
                0x00017118        0x4 /var/folders/cd/0s72k2v14299px3vkqj0bhsr0000gp/T//ccRuXEEm.ltrans0.ltrans.o
 .bss.gametextbitmapdefend
                0x0001711c        0x4 /var/folders/cd/0s72k2v14299px3vkqj0bhsr0000gp/T//ccRuXEEm.ltrans0.ltrans.o
 .bss.version   0x00017120        0x4 /var/folders/cd/0s72k2v14299px3vkqj0bhsr0000gp/T//ccRuXEEm.ltrans0.ltrans.o
 .bss.gFontSmall
                0x00017124        0x4 /var/folders/cd/0s72k2v14299px3vkqj0bhsr0000gp/T//ccRuXEEm.ltrans0.ltrans.o
 .bss.validMoves
                0x00017128       0xa9 /var/folders/cd/0s72k2v14299px3vkqj0bhsr0000gp/T//ccRuXEEm.ltrans0.ltrans.o
 .bss.validGeneration
                0x000171d1        0x1 /var/folders/cd/0s72k2v14299px3vkqj0bhsr0000gp/T//ccRuXEEm.ltrans0.ltrans.o
 .bss.s_ubBufferIndex
                0x000171d2        0x1 /var/folders/cd/0s72k2v14299px3vkqj0bhsr0000gp/T//ccRuXEEm.ltrans0.ltrans.o
 .bss.hightlightActive
                0x000171d3        0x1 /var/folders/cd/0s72k2v14299px3vkqj0bhsr0000gp/T//ccRuXEEm.ltrans0.ltrans.o
 .bss.lastHighlightIndex
                0x000171d4        0x2 /var/folders/cd/0s72k2v14299px3vkqj0bhsr0000gp/T//ccRuXEEm.ltrans0.ltrans.o
 .bss.highlightIndex
                0x000171d6        0x1 /var/folders/cd/0s72k2v14299px3vkqj0bhsr0000gp/T//ccRuXEEm.ltrans0.ltrans.o
 .bss.HLhasBGToRestore
                0x000171d7        0x2 /var/folders/cd/0s72k2v14299px3vkqj0bhsr0000gp/T//ccRuXEEm.ltrans0.ltrans.o
 .bss.pieceHasBGToRestore
                0x000171d9        0x2 /var/folders/cd/0s72k2v14299px3vkqj0bhsr0000gp/T//ccRuXEEm.ltrans0.ltrans.o
 .bss.capturedPieceIndex
                0x000171db       0x12 /var/folders/cd/0s72k2v14299px3vkqj0bhsr0000gp/T//ccRuXEEm.ltrans0.ltrans.o
 .bss.capturedPieceCount
                0x000171ed        0x2 /var/folders/cd/0s72k2v14299px3vkqj0bhsr0000gp/T//ccRuXEEm.ltrans0.ltrans.o
 .bss.gameWinner
                0x000171ef        0x1 /var/folders/cd/0s72k2v14299px3vkqj0bhsr0000gp/T//ccRuXEEm.ltrans0.ltrans.o
 .bss.draw_pos  0x000171f0      0x2a4 /var/folders/cd/0s72k2v14299px3vkqj0bhsr0000gp/T//ccRuXEEm.ltrans0.ltrans.o
 .bss.waitFrame
                0x00017494        0x1 /var/folders/cd/0s72k2v14299px3vkqj0bhsr0000gp/T//ccRuXEEm.ltrans0.ltrans.o
 *fill*         0x00017495        0x1 
 .bss.s_pMenuView
                0x00017496        0x4 /var/folders/cd/0s72k2v14299px3vkqj0bhsr0000gp/T//ccRuXEEm.ltrans0.ltrans.o
 .bss.s_pVpMain.lto_priv.1
                0x0001749a        0x4 /var/folders/cd/0s72k2v14299px3vkqj0bhsr0000gp/T//ccRuXEEm.ltrans0.ltrans.o
 .bss.s_pMainBuffer.lto_priv.1
                0x0001749e        0x4 /var/folders/cd/0s72k2v14299px3vkqj0bhsr0000gp/T//ccRuXEEm.ltrans0.ltrans.o
 .bss.menufont  0x000174a2        0x4 /var/folders/cd/0s72k2v14299px3vkqj0bhsr0000gp/T//ccRuXEEm.ltrans0.ltrans.o
 .bss.menutextbitmap
                0x000174a6        0x4 /var/folders/cd/0s72k2v14299px3vkqj0bhsr0000gp/T//ccRuXEEm.ltrans0.ltrans.o
 .bss.pBDefwin  0x000174aa        0x4 /var/folders/cd/0s72k2v14299px3vkqj0bhsr0000gp/T//ccRuXEEm.ltrans0.ltrans.o
 .bss.pBmAckwin
                0x000174ae        0x4 /var/folders/cd/0s72k2v14299px3vkqj0bhsr0000gp/T//ccRuXEEm.ltrans0.ltrans.o
 .bss.g_sCopManager
                0x000174b2        0x8 /var/folders/cd/0s72k2v14299px3vkqj0bhsr0000gp/T//ccRuXEEm.ltrans0.ltrans.o
 .bss.s_bInitCount.lto_priv.1
                0x000174ba        0x1 /var/folders/cd/0s72k2v14299px3vkqj0bhsr0000gp/T//ccRuXEEm.ltrans0.ltrans.o
 .bss.g_sKeyManager
                0x000174bb       0x69 /var/folders/cd/0s72k2v14299px3vkqj0bhsr0000gp/T//ccRuXEEm.ltrans0.ltrans.o
 .bss.g_sLogManager
                0x00017524      0x50c /var/folders/cd/0s72k2v14299px3vkqj0bhsr0000gp/T//ccRuXEEm.ltrans0.ltrans.o
 .bss.s_szMsg   0x00017a30      0x400 /var/folders/cd/0s72k2v14299px3vkqj0bhsr0000gp/T//ccRuXEEm.ltrans0.ltrans.o
 .bss.s_uwLastId
                0x00017e30        0x2 /var/folders/cd/0s72k2v14299px3vkqj0bhsr0000gp/T//ccRuXEEm.ltrans0.ltrans.o
 .bss.s_pMemTail
                0x00017e32        0x4 /var/folders/cd/0s72k2v14299px3vkqj0bhsr0000gp/T//ccRuXEEm.ltrans0.ltrans.o
 .bss.s_ulChipUsage
                0x00017e36        0x4 /var/folders/cd/0s72k2v14299px3vkqj0bhsr0000gp/T//ccRuXEEm.ltrans0.ltrans.o
 .bss.s_ulChipPeakUsage
                0x00017e3a        0x4 /var/folders/cd/0s72k2v14299px3vkqj0bhsr0000gp/T//ccRuXEEm.ltrans0.ltrans.o
 .bss.s_ulFastUsage
                0x00017e3e        0x4 /var/folders/cd/0s72k2v14299px3vkqj0bhsr0000gp/T//ccRuXEEm.ltrans0.ltrans.o
 .bss.s_ulFastPeakUsage
                0x00017e42        0x4 /var/folders/cd/0s72k2v14299px3vkqj0bhsr0000gp/T//ccRuXEEm.ltrans0.ltrans.o
 .bss.g_sMouseManager
                0x00017e46       0x3a /var/folders/cd/0s72k2v14299px3vkqj0bhsr0000gp/T//ccRuXEEm.ltrans0.ltrans.o
 .bss.s_pView.lto_priv.1
                0x00017e80        0x4 /var/folders/cd/0s72k2v14299px3vkqj0bhsr0000gp/T//ccRuXEEm.ltrans0.ltrans.o
 .bss.s_pChannelsData
                0x00017e84       0x60 /var/folders/cd/0s72k2v14299px3vkqj0bhsr0000gp/T//ccRuXEEm.ltrans0.ltrans.o
 .bss.s_pBlankSprite
                0x00017ee4        0x4 /var/folders/cd/0s72k2v14299px3vkqj0bhsr0000gp/T//ccRuXEEm.ltrans0.ltrans.o
 .bss.s_isOwningBlankSprite
                0x00017ee8        0x1 /var/folders/cd/0s72k2v14299px3vkqj0bhsr0000gp/T//ccRuXEEm.ltrans0.ltrans.o
 *fill*         0x00017ee9        0x1 
 .bss.s_pInitialClearCopBlock
                0x00017eea        0x4 /var/folders/cd/0s72k2v14299px3vkqj0bhsr0000gp/T//ccRuXEEm.ltrans0.ltrans.o
 .bss.s_uwOsIntEna
                0x00017eee        0x2 /var/folders/cd/0s72k2v14299px3vkqj0bhsr0000gp/T//ccRuXEEm.ltrans0.ltrans.o
 .bss.s_uwOsInitialIntEna
                0x00017ef0        0x2 /var/folders/cd/0s72k2v14299px3vkqj0bhsr0000gp/T//ccRuXEEm.ltrans0.ltrans.o
 .bss.s_uwOsDmaCon
                0x00017ef2        0x2 /var/folders/cd/0s72k2v14299px3vkqj0bhsr0000gp/T//ccRuXEEm.ltrans0.ltrans.o
 .bss.s_uwAceDmaCon
                0x00017ef4        0x2 /var/folders/cd/0s72k2v14299px3vkqj0bhsr0000gp/T//ccRuXEEm.ltrans0.ltrans.o
 .bss.s_uwOsInitialDma
                0x00017ef6        0x2 /var/folders/cd/0s72k2v14299px3vkqj0bhsr0000gp/T//ccRuXEEm.ltrans0.ltrans.o
 .bss.s_uwOsCiaATimerA
                0x00017ef8        0x2 /var/folders/cd/0s72k2v14299px3vkqj0bhsr0000gp/T//ccRuXEEm.ltrans0.ltrans.o
 .bss.s_uwOsCiaBTimerB
                0x00017efa        0x2 /var/folders/cd/0s72k2v14299px3vkqj0bhsr0000gp/T//ccRuXEEm.ltrans0.ltrans.o
 .bss.s_pOsCiaIcr
                0x00017efc        0x2 /var/folders/cd/0s72k2v14299px3vkqj0bhsr0000gp/T//ccRuXEEm.ltrans0.ltrans.o
 .bss.s_pOsCiaCra
                0x00017efe        0x2 /var/folders/cd/0s72k2v14299px3vkqj0bhsr0000gp/T//ccRuXEEm.ltrans0.ltrans.o
 .bss.s_pOsCiaCrb
                0x00017f00        0x2 /var/folders/cd/0s72k2v14299px3vkqj0bhsr0000gp/T//ccRuXEEm.ltrans0.ltrans.o
 .bss.s_pAceCiaCra
                0x00017f02        0x2 /var/folders/cd/0s72k2v14299px3vkqj0bhsr0000gp/T//ccRuXEEm.ltrans0.ltrans.o
 .bss.s_pAceCiaCrb
                0x00017f04        0x2 /var/folders/cd/0s72k2v14299px3vkqj0bhsr0000gp/T//ccRuXEEm.ltrans0.ltrans.o
 .bss.s_pHwVectors
                0x00017f06        0x4 /var/folders/cd/0s72k2v14299px3vkqj0bhsr0000gp/T//ccRuXEEm.ltrans0.ltrans.o
 .bss.s_pOsHwInterrupts
                0x00017f0a       0x1c /var/folders/cd/0s72k2v14299px3vkqj0bhsr0000gp/T//ccRuXEEm.ltrans0.ltrans.o
 .bss.s_pAceInterrupts
                0x00017f26       0x78 /var/folders/cd/0s72k2v14299px3vkqj0bhsr0000gp/T//ccRuXEEm.ltrans0.ltrans.o
 .bss.s_pAceCiaInterrupts
                0x00017f9e       0x50 /var/folders/cd/0s72k2v14299px3vkqj0bhsr0000gp/T//ccRuXEEm.ltrans0.ltrans.o
 .bss.s_uwAceIntEna
                0x00017fee        0x2 /var/folders/cd/0s72k2v14299px3vkqj0bhsr0000gp/T//ccRuXEEm.ltrans0.ltrans.o
 .bss.s_cbKeyInputHandler
                0x00017ff0        0x4 /var/folders/cd/0s72k2v14299px3vkqj0bhsr0000gp/T//ccRuXEEm.ltrans0.ltrans.o
 .bss.s_wSystemUses
                0x00017ff4        0x2 /var/folders/cd/0s72k2v14299px3vkqj0bhsr0000gp/T//ccRuXEEm.ltrans0.ltrans.o
 .bss.s_wSystemBlitterUses
                0x00017ff6        0x2 /var/folders/cd/0s72k2v14299px3vkqj0bhsr0000gp/T//ccRuXEEm.ltrans0.ltrans.o
 .bss.s_sCpuCacheFlags
                0x00017ff8        0xa /var/folders/cd/0s72k2v14299px3vkqj0bhsr0000gp/T//ccRuXEEm.ltrans0.ltrans.o
 .bss.GfxBase   0x00018002        0x4 /var/folders/cd/0s72k2v14299px3vkqj0bhsr0000gp/T//ccRuXEEm.ltrans0.ltrans.o
 .bss.s_pOsView
                0x00018006        0x4 /var/folders/cd/0s72k2v14299px3vkqj0bhsr0000gp/T//ccRuXEEm.ltrans0.ltrans.o
 .bss.s_sIoAudio
                0x0001800a       0x44 /var/folders/cd/0s72k2v14299px3vkqj0bhsr0000gp/T//ccRuXEEm.ltrans0.ltrans.o
 .bss.s_sIoRequestInput
                0x0001804e       0x30 /var/folders/cd/0s72k2v14299px3vkqj0bhsr0000gp/T//ccRuXEEm.ltrans0.ltrans.o
 .bss.s_pCiaResource
                0x0001807e        0x8 /var/folders/cd/0s72k2v14299px3vkqj0bhsr0000gp/T//ccRuXEEm.ltrans0.ltrans.o
 .bss.s_pProcess
                0x00018086        0x4 /var/folders/cd/0s72k2v14299px3vkqj0bhsr0000gp/T//ccRuXEEm.ltrans0.ltrans.o
 .bss.s_pCdtvIOPort
                0x0001808a        0x4 /var/folders/cd/0s72k2v14299px3vkqj0bhsr0000gp/T//ccRuXEEm.ltrans0.ltrans.o
 .bss.s_pCdtvIOReq
                0x0001808e        0x4 /var/folders/cd/0s72k2v14299px3vkqj0bhsr0000gp/T//ccRuXEEm.ltrans0.ltrans.o
 .bss.s_sOsHandlerIo
                0x00018092       0x16 /var/folders/cd/0s72k2v14299px3vkqj0bhsr0000gp/T//ccRuXEEm.ltrans0.ltrans.o
 .bss.s_pOsCiaIcrHandlers
                0x000180a8       0xdc /var/folders/cd/0s72k2v14299px3vkqj0bhsr0000gp/T//ccRuXEEm.ltrans0.ltrans.o
 .bss.s_pOsOldInterruptHandlers
                0x00018184       0x38 /var/folders/cd/0s72k2v14299px3vkqj0bhsr0000gp/T//ccRuXEEm.ltrans0.ltrans.o
 .bss.s_pOsInterruptHandlers
                0x000181bc      0x134 /var/folders/cd/0s72k2v14299px3vkqj0bhsr0000gp/T//ccRuXEEm.ltrans0.ltrans.o
 .bss.DOSBase   0x000182f0        0x4 /var/folders/cd/0s72k2v14299px3vkqj0bhsr0000gp/T//ccRuXEEm.ltrans0.ltrans.o
 .bss.SysBase   0x000182f4        0x4 /var/folders/cd/0s72k2v14299px3vkqj0bhsr0000gp/T//ccRuXEEm.ltrans0.ltrans.o
 .bss.s_pReturnMsg
                0x000182f8        0x4 /var/folders/cd/0s72k2v14299px3vkqj0bhsr0000gp/T//ccRuXEEm.ltrans0.ltrans.o
 .bss.s_bpStartLock
                0x000182fc        0x4 /var/folders/cd/0s72k2v14299px3vkqj0bhsr0000gp/T//ccRuXEEm.ltrans0.ltrans.o
 .bss.s_pOldWindow
                0x00018300        0x4 /var/folders/cd/0s72k2v14299px3vkqj0bhsr0000gp/T//ccRuXEEm.ltrans0.ltrans.o
 .bss.g_sTimerManager
                0x00018304        0xc /var/folders/cd/0s72k2v14299px3vkqj0bhsr0000gp/T//ccRuXEEm.ltrans0.ltrans.o
 .bss.s_isPAL   0x00018310        0x1 /var/folders/cd/0s72k2v14299px3vkqj0bhsr0000gp/T//ccRuXEEm.ltrans0.ltrans.o
 *fill*         0x00018311        0x1 
 .bss.s_sTmpDest
                0x00018312       0x28 /var/folders/cd/0s72k2v14299px3vkqj0bhsr0000gp/T//ccRuXEEm.ltrans0.ltrans.o
 *(COMMON)
                0x0001833c                        . = ALIGN ((. != 0x0)?0x4:0x1)
 *fill*         0x0001833a        0x2 
                0x0001833c                        . = ALIGN (0x4)
                0x0001833c                        . = SEGMENT_START ("ldata-segment", .)
                0x0001833c                        . = ALIGN (0x4)
                0x0001833c                        _end = .
                [!provide]                        PROVIDE (end = .)
                0x0001833c                        . = DATA_SEGMENT_END (.)

.stab
 *(.stab)

.stabstr
 *(.stabstr)

.stab.excl
 *(.stab.excl)

.stab.exclstr
 *(.stab.exclstr)

.stab.index
 *(.stab.index)

.stab.indexstr
 *(.stab.indexstr)

.comment        0x00000000       0x12
 *(.comment)
 .comment       0x00000000       0x12 /var/folders/cd/0s72k2v14299px3vkqj0bhsr0000gp/T//ccRuXEEm.ltrans0.ltrans.o
                                 0x13 (size before relaxing)

.gnu.build.attributes
 *(.gnu.build.attributes .gnu.build.attributes.*)

.debug
 *(.debug)

.line
 *(.line)

.debug_srcinfo
 *(.debug_srcinfo)

.debug_sfnames
 *(.debug_sfnames)

.debug_aranges  0x00000000     0x1580
 *(.debug_aranges)
 .debug_aranges
                0x00000000     0x1530 /var/folders/cd/0s72k2v14299px3vkqj0bhsr0000gp/T//ccRuXEEm.ltrans0.ltrans.o
 .debug_aranges
                0x00001530       0x50 _deps/bartman_gcc_support-build/CMakeFiles/bartman_gcc_support.dir/src/gcc8_a_support.s.obj

.debug_pubnames
 *(.debug_pubnames)

.debug_info     0x00000000    0x41ac3
 *(.debug_info .gnu.linkonce.wi.*)
 .debug_info    0x00000000     0xd121 /var/folders/cd/0s72k2v14299px3vkqj0bhsr0000gp/T//ccRuXEEm.ltrans0.ltrans.o
 .debug_info    0x0000d121      0x5fa /var/folders/cd/0s72k2v14299px3vkqj0bhsr0000gp/T//ccn6TP2J.debug.temp.o
                0x0000d121                main.c.4043cac0
 .debug_info    0x0000d71b      0xd8e /var/folders/cd/0s72k2v14299px3vkqj0bhsr0000gp/T//cczwbnfl.debug.temp.o
                0x0000d71b                ai.c.1b573f73
 .debug_info    0x0000e4a9     0x273d /var/folders/cd/0s72k2v14299px3vkqj0bhsr0000gp/T//cc3dlzB6.debug.temp.o
                0x0000e4a9                game.c.fbbecd52
 .debug_info    0x00010be6      0x218 /var/folders/cd/0s72k2v14299px3vkqj0bhsr0000gp/T//ccRvLqQU.debug.temp.o
                0x00010be6                input.c.253832ec
 .debug_info    0x00010dfe     0x12f9 /var/folders/cd/0s72k2v14299px3vkqj0bhsr0000gp/T//cc22CTFn.debug.temp.o
                0x00010dfe                menu.c.45a8f263
 .debug_info    0x000120f7      0xa73 /var/folders/cd/0s72k2v14299px3vkqj0bhsr0000gp/T//cccIyu72.debug.temp.o
                0x000120f7                advancedsprite.c.b05a7153
 .debug_info    0x00012b6a     0x194f /var/folders/cd/0s72k2v14299px3vkqj0bhsr0000gp/T//ccGalEgW.debug.temp.o
                0x00012b6a                blit.c.6c872382
 .debug_info    0x000144b9     0x15a8 /var/folders/cd/0s72k2v14299px3vkqj0bhsr0000gp/T//ccpUOEAe.debug.temp.o
                0x000144b9                bob.c.03df2bf5
 .debug_info    0x00015a61     0x292b /var/folders/cd/0s72k2v14299px3vkqj0bhsr0000gp/T//ccOQM4qI.debug.temp.o
                0x00015a61                copper.c.01d60142
 .debug_info    0x0001838c      0x1c9 /var/folders/cd/0s72k2v14299px3vkqj0bhsr0000gp/T//ccK2GrQ5.debug.temp.o
                0x0001838c                game.c.56c21a98
 .debug_info    0x00018555     0x1493 /var/folders/cd/0s72k2v14299px3vkqj0bhsr0000gp/T//cccuFH6q.debug.temp.o
                0x00018555                joy.c.3538b786
 .debug_info    0x000199e8     0x11c0 /var/folders/cd/0s72k2v14299px3vkqj0bhsr0000gp/T//ccmaaJGD.debug.temp.o
                0x000199e8                key.c.a1862cbb
 .debug_info    0x0001aba8      0xb9c /var/folders/cd/0s72k2v14299px3vkqj0bhsr0000gp/T//ccOHVbR1.debug.temp.o
                0x0001aba8                log.c.93b74376
 .debug_info    0x0001b744      0x9d3 /var/folders/cd/0s72k2v14299px3vkqj0bhsr0000gp/T//ccSAklYa.debug.temp.o
                0x0001b744                memory.c.baa03e9f
 .debug_info    0x0001c117     0x11be /var/folders/cd/0s72k2v14299px3vkqj0bhsr0000gp/T//ccX6mJYD.debug.temp.o
                0x0001c117                mouse.c.5d5e98cc
 .debug_info    0x0001d2d5     0x3c78 /var/folders/cd/0s72k2v14299px3vkqj0bhsr0000gp/T//ccapPBAe.debug.temp.o
                0x0001d2d5                ptplayer.c.d6ac071d
 .debug_info    0x00020f4d      0x4ad /var/folders/cd/0s72k2v14299px3vkqj0bhsr0000gp/T//cchoBo92.debug.temp.o
                0x00020f4d                rand.c.85f69e12
 .debug_info    0x000213fa     0x11c2 /var/folders/cd/0s72k2v14299px3vkqj0bhsr0000gp/T//ccHPccok.debug.temp.o
                0x000213fa                sprite.c.f57df934
 .debug_info    0x000225bc      0x535 /var/folders/cd/0s72k2v14299px3vkqj0bhsr0000gp/T//cc63XzH3.debug.temp.o
                0x000225bc                state.c.69646c39
 .debug_info    0x00022af1     0x6f9c /var/folders/cd/0s72k2v14299px3vkqj0bhsr0000gp/T//ccumxfyA.debug.temp.o
                0x00022af1                system.c.ea3a1e77
 .debug_info    0x00029a8d      0x538 /var/folders/cd/0s72k2v14299px3vkqj0bhsr0000gp/T//ccigQoBl.debug.temp.o
                0x00029a8d                timer.c.6bb2c7db
 .debug_info    0x00029fc5      0xbd6 /var/folders/cd/0s72k2v14299px3vkqj0bhsr0000gp/T//ccMLA8qn.debug.temp.o
                0x00029fc5                camera.c.1fc42620
 .debug_info    0x0002ab9b     0x2034 /var/folders/cd/0s72k2v14299px3vkqj0bhsr0000gp/T//ccLg3qhN.debug.temp.o
                0x0002ab9b                scrollbuffer.c.ccfc2da2
 .debug_info    0x0002cbcf     0x1d6a /var/folders/cd/0s72k2v14299px3vkqj0bhsr0000gp/T//ccSTuY0p.debug.temp.o
                0x0002cbcf                simplebuffer.c.c3b94bad
 .debug_info    0x0002e939     0x29a0 /var/folders/cd/0s72k2v14299px3vkqj0bhsr0000gp/T//ccoX5M5S.debug.temp.o
                0x0002e939                tilebuffer.c.b5ba1233
 .debug_info    0x000312d9      0xe3c /var/folders/cd/0s72k2v14299px3vkqj0bhsr0000gp/T//ccrQJyKd.debug.temp.o
                0x000312d9                bitmap.c.566b931b
 .debug_info    0x00032115      0x441 /var/folders/cd/0s72k2v14299px3vkqj0bhsr0000gp/T//ccrt8OnD.debug.temp.o
                0x00032115                bmframe.c.98cf6317
 .debug_info    0x00032556      0x8da /var/folders/cd/0s72k2v14299px3vkqj0bhsr0000gp/T//ccEIGtN7.debug.temp.o
                0x00032556                chunky.c.c3b514cd
 .debug_info    0x00032e30      0xfd0 /var/folders/cd/0s72k2v14299px3vkqj0bhsr0000gp/T//ccuK6wBr.debug.temp.o
                0x00032e30                custom.c.e16b2baa
 .debug_info    0x00033e00     0x10cd /var/folders/cd/0s72k2v14299px3vkqj0bhsr0000gp/T//cc3UIB3M.debug.temp.o
                0x00033e00                dir.c.749b6fc5
 .debug_info    0x00034ecd      0xbe5 /var/folders/cd/0s72k2v14299px3vkqj0bhsr0000gp/T//ccONPbBC.debug.temp.o
                0x00034ecd                disk_file.c.8265a527
 .debug_info    0x00035ab2     0x1b8a /var/folders/cd/0s72k2v14299px3vkqj0bhsr0000gp/T//ccGI2JnH.debug.temp.o
                0x00035ab2                extview.c.474cadb0
 .debug_info    0x0003763c      0x63b /var/folders/cd/0s72k2v14299px3vkqj0bhsr0000gp/T//cc6gZFik.debug.temp.o
                0x0003763c                file.c.5b7fe8fe
 .debug_info    0x00037c77      0xd96 /var/folders/cd/0s72k2v14299px3vkqj0bhsr0000gp/T//ccXtCl4a.debug.temp.o
                0x00037c77                font.c.c0c8eff0
 .debug_info    0x00038a0d     0x111f /var/folders/cd/0s72k2v14299px3vkqj0bhsr0000gp/T//ccyCoMcs.debug.temp.o
                0x00038a0d                pak_file.c.14694125
 .debug_info    0x00039b2c      0x992 /var/folders/cd/0s72k2v14299px3vkqj0bhsr0000gp/T//ccECj9Ih.debug.temp.o
                0x00039b2c                palette.c.7f938d3a
 .debug_info    0x0003a4be      0x7d5 /var/folders/cd/0s72k2v14299px3vkqj0bhsr0000gp/T//ccmi7bzi.debug.temp.o
                0x0003a4be                sprite.c.90bcbc4f
 .debug_info    0x0003ac93      0x3a4 /var/folders/cd/0s72k2v14299px3vkqj0bhsr0000gp/T//ccgh1YSn.debug.temp.o
                0x0003ac93                string.c.3aa704a5
 .debug_info    0x0003b037      0x2ce /var/folders/cd/0s72k2v14299px3vkqj0bhsr0000gp/T//cc0zawdu.debug.temp.o
                0x0003b037                tag.c.54fc3355
 .debug_info    0x0003b305      0x75f /var/folders/cd/0s72k2v14299px3vkqj0bhsr0000gp/T//ccEwzHZ4.debug.temp.o
                0x0003b305                fix16.c.a0931e3d
 .debug_info    0x0003ba64      0x50e /var/folders/cd/0s72k2v14299px3vkqj0bhsr0000gp/T//ccEc9dpz.debug.temp.o
                0x0003ba64                fix16_exp.c.f9cad756
 .debug_info    0x0003bf72      0x37b /var/folders/cd/0s72k2v14299px3vkqj0bhsr0000gp/T//ccPIkVWm.debug.temp.o
                0x0003bf72                fix16_sqrt.c.00dafc57
 .debug_info    0x0003c2ed      0x4fd /var/folders/cd/0s72k2v14299px3vkqj0bhsr0000gp/T//ccfHGNBr.debug.temp.o
                0x0003c2ed                fix16_str.c.146cc25d
 .debug_info    0x0003c7ea      0x536 /var/folders/cd/0s72k2v14299px3vkqj0bhsr0000gp/T//ccPWf2AN.debug.temp.o
                0x0003c7ea                fix16_trig.c.ff7a00e2
 .debug_info    0x0003cd20      0x2d6 /var/folders/cd/0s72k2v14299px3vkqj0bhsr0000gp/T//ccWStxJx.debug.temp.o
                0x0003cd20                fract32.c.859bb449
 .debug_info    0x0003cff6      0x1f0 /var/folders/cd/0s72k2v14299px3vkqj0bhsr0000gp/T//ccMlXR1B.debug.temp.o
                0x0003cff6                uint32.c.695eea51
 .debug_info    0x0003d1e6      0x1c1 /var/folders/cd/0s72k2v14299px3vkqj0bhsr0000gp/T//ccNavebx.debug.temp.o
                0x0003d1e6                ctype.c.5da1274e
 .debug_info    0x0003d3a7      0x123 /var/folders/cd/0s72k2v14299px3vkqj0bhsr0000gp/T//ccj6hmBC.debug.temp.o
                0x0003d3a7                errno.c.7688f669
 .debug_info    0x0003d4ca      0x2ed /var/folders/cd/0s72k2v14299px3vkqj0bhsr0000gp/T//ccR7ImNR.debug.temp.o
                0x0003d4ca                intrin.c.7f9d3c39
 .debug_info    0x0003d7b7      0x93e /var/folders/cd/0s72k2v14299px3vkqj0bhsr0000gp/T//ccoalJSF.debug.temp.o
                0x0003d7b7                printf.c.fc8c705e
 .debug_info    0x0003e0f5     0x1003 /var/folders/cd/0s72k2v14299px3vkqj0bhsr0000gp/T//cc4GfJ4Y.debug.temp.o
                0x0003e0f5                stdio_file.c.8b3917f8
 .debug_info    0x0003f0f8      0x9dd /var/folders/cd/0s72k2v14299px3vkqj0bhsr0000gp/T//ccnx2bKJ.debug.temp.o
                0x0003f0f8                stdio_putchar.c.0129f2b1
 .debug_info    0x0003fad5      0xc3e /var/folders/cd/0s72k2v14299px3vkqj0bhsr0000gp/T//ccqD3ijO.debug.temp.o
                0x0003fad5                stdlib.c.515ad213
 .debug_info    0x00040713      0x389 /var/folders/cd/0s72k2v14299px3vkqj0bhsr0000gp/T//cc5hRygZ.debug.temp.o
                0x00040713                string.c.0e8edef6
 .debug_info    0x00040a9c      0x248 /var/folders/cd/0s72k2v14299px3vkqj0bhsr0000gp/T//ccmgHC24.debug.temp.o
                0x00040a9c                strtoul.c.7a7396b3
 .debug_info    0x00040ce4      0xd5a /var/folders/cd/0s72k2v14299px3vkqj0bhsr0000gp/T//ccXz5AZU.debug.temp.o
                0x00040ce4                gcc8_c_support.c.d166f5df
 .debug_info    0x00041a3e       0x85 _deps/bartman_gcc_support-build/CMakeFiles/bartman_gcc_support.dir/src/gcc8_a_support.s.obj

.debug_abbrev   0x00000000     0x5e4a
 *(.debug_abbrev)
 .debug_abbrev  0x00000000      0x101 /var/folders/cd/0s72k2v14299px3vkqj0bhsr0000gp/T//ccRuXEEm.ltrans0.ltrans.o
 .debug_abbrev  0x00000101      0x14b /var/folders/cd/0s72k2v14299px3vkqj0bhsr0000gp/T//ccn6TP2J.debug.temp.o
 .debug_abbrev  0x0000024c      0x1fc /var/folders/cd/0s72k2v14299px3vkqj0bhsr0000gp/T//cczwbnfl.debug.temp.o
 .debug_abbrev  0x00000448      0x316 /var/folders/cd/0s72k2v14299px3vkqj0bhsr0000gp/T//cc3dlzB6.debug.temp.o
 .debug_abbrev  0x0000075e       0x6b /var/folders/cd/0s72k2v14299px3vkqj0bhsr0000gp/T//ccRvLqQU.debug.temp.o
 .debug_abbrev  0x000007c9      0x204 /var/folders/cd/0s72k2v14299px3vkqj0bhsr0000gp/T//cc22CTFn.debug.temp.o
 .debug_abbrev  0x000009cd      0x182 /var/folders/cd/0s72k2v14299px3vkqj0bhsr0000gp/T//cccIyu72.debug.temp.o
 .debug_abbrev  0x00000b4f      0x267 /var/folders/cd/0s72k2v14299px3vkqj0bhsr0000gp/T//ccGalEgW.debug.temp.o
 .debug_abbrev  0x00000db6      0x2e5 /var/folders/cd/0s72k2v14299px3vkqj0bhsr0000gp/T//ccpUOEAe.debug.temp.o
 .debug_abbrev  0x0000109b      0x30f /var/folders/cd/0s72k2v14299px3vkqj0bhsr0000gp/T//ccOQM4qI.debug.temp.o
 .debug_abbrev  0x000013aa       0x5d /var/folders/cd/0s72k2v14299px3vkqj0bhsr0000gp/T//ccK2GrQ5.debug.temp.o
 .debug_abbrev  0x00001407      0x1ff /var/folders/cd/0s72k2v14299px3vkqj0bhsr0000gp/T//cccuFH6q.debug.temp.o
 .debug_abbrev  0x00001606      0x1ff /var/folders/cd/0s72k2v14299px3vkqj0bhsr0000gp/T//ccmaaJGD.debug.temp.o
 .debug_abbrev  0x00001805      0x265 /var/folders/cd/0s72k2v14299px3vkqj0bhsr0000gp/T//ccOHVbR1.debug.temp.o
 .debug_abbrev  0x00001a6a      0x1f1 /var/folders/cd/0s72k2v14299px3vkqj0bhsr0000gp/T//ccSAklYa.debug.temp.o
 .debug_abbrev  0x00001c5b      0x1ba /var/folders/cd/0s72k2v14299px3vkqj0bhsr0000gp/T//ccX6mJYD.debug.temp.o
 .debug_abbrev  0x00001e15      0x2f5 /var/folders/cd/0s72k2v14299px3vkqj0bhsr0000gp/T//ccapPBAe.debug.temp.o
 .debug_abbrev  0x0000210a      0x11d /var/folders/cd/0s72k2v14299px3vkqj0bhsr0000gp/T//cchoBo92.debug.temp.o
 .debug_abbrev  0x00002227      0x2c2 /var/folders/cd/0s72k2v14299px3vkqj0bhsr0000gp/T//ccHPccok.debug.temp.o
 .debug_abbrev  0x000024e9      0x133 /var/folders/cd/0s72k2v14299px3vkqj0bhsr0000gp/T//cc63XzH3.debug.temp.o
 .debug_abbrev  0x0000261c      0x3d9 /var/folders/cd/0s72k2v14299px3vkqj0bhsr0000gp/T//ccumxfyA.debug.temp.o
 .debug_abbrev  0x000029f5      0x198 /var/folders/cd/0s72k2v14299px3vkqj0bhsr0000gp/T//ccigQoBl.debug.temp.o
 .debug_abbrev  0x00002b8d      0x1dd /var/folders/cd/0s72k2v14299px3vkqj0bhsr0000gp/T//ccMLA8qn.debug.temp.o
 .debug_abbrev  0x00002d6a      0x303 /var/folders/cd/0s72k2v14299px3vkqj0bhsr0000gp/T//ccLg3qhN.debug.temp.o
 .debug_abbrev  0x0000306d      0x31a /var/folders/cd/0s72k2v14299px3vkqj0bhsr0000gp/T//ccSTuY0p.debug.temp.o
 .debug_abbrev  0x00003387      0x368 /var/folders/cd/0s72k2v14299px3vkqj0bhsr0000gp/T//ccoX5M5S.debug.temp.o
 .debug_abbrev  0x000036ef      0x22d /var/folders/cd/0s72k2v14299px3vkqj0bhsr0000gp/T//ccrQJyKd.debug.temp.o
 .debug_abbrev  0x0000391c       0xe9 /var/folders/cd/0s72k2v14299px3vkqj0bhsr0000gp/T//ccrt8OnD.debug.temp.o
 .debug_abbrev  0x00003a05      0x128 /var/folders/cd/0s72k2v14299px3vkqj0bhsr0000gp/T//ccEIGtN7.debug.temp.o
 .debug_abbrev  0x00003b2d      0x177 /var/folders/cd/0s72k2v14299px3vkqj0bhsr0000gp/T//ccuK6wBr.debug.temp.o
 .debug_abbrev  0x00003ca4      0x1bd /var/folders/cd/0s72k2v14299px3vkqj0bhsr0000gp/T//cc3UIB3M.debug.temp.o
 .debug_abbrev  0x00003e61      0x269 /var/folders/cd/0s72k2v14299px3vkqj0bhsr0000gp/T//ccONPbBC.debug.temp.o
 .debug_abbrev  0x000040ca      0x302 /var/folders/cd/0s72k2v14299px3vkqj0bhsr0000gp/T//ccGI2JnH.debug.temp.o
 .debug_abbrev  0x000043cc      0x133 /var/folders/cd/0s72k2v14299px3vkqj0bhsr0000gp/T//cc6gZFik.debug.temp.o
 .debug_abbrev  0x000044ff      0x252 /var/folders/cd/0s72k2v14299px3vkqj0bhsr0000gp/T//ccXtCl4a.debug.temp.o
 .debug_abbrev  0x00004751      0x26d /var/folders/cd/0s72k2v14299px3vkqj0bhsr0000gp/T//ccyCoMcs.debug.temp.o
 .debug_abbrev  0x000049be      0x197 /var/folders/cd/0s72k2v14299px3vkqj0bhsr0000gp/T//ccECj9Ih.debug.temp.o
 .debug_abbrev  0x00004b55      0x1ca /var/folders/cd/0s72k2v14299px3vkqj0bhsr0000gp/T//ccmi7bzi.debug.temp.o
 .debug_abbrev  0x00004d1f       0xc6 /var/folders/cd/0s72k2v14299px3vkqj0bhsr0000gp/T//ccgh1YSn.debug.temp.o
 .debug_abbrev  0x00004de5       0xa4 /var/folders/cd/0s72k2v14299px3vkqj0bhsr0000gp/T//cc0zawdu.debug.temp.o
 .debug_abbrev  0x00004e89      0x111 /var/folders/cd/0s72k2v14299px3vkqj0bhsr0000gp/T//ccEwzHZ4.debug.temp.o
 .debug_abbrev  0x00004f9a       0xb0 /var/folders/cd/0s72k2v14299px3vkqj0bhsr0000gp/T//ccEc9dpz.debug.temp.o
 .debug_abbrev  0x0000504a       0x62 /var/folders/cd/0s72k2v14299px3vkqj0bhsr0000gp/T//ccPIkVWm.debug.temp.o
 .debug_abbrev  0x000050ac       0xf2 /var/folders/cd/0s72k2v14299px3vkqj0bhsr0000gp/T//ccfHGNBr.debug.temp.o
 .debug_abbrev  0x0000519e       0xaa /var/folders/cd/0s72k2v14299px3vkqj0bhsr0000gp/T//ccPWf2AN.debug.temp.o
 .debug_abbrev  0x00005248       0x84 /var/folders/cd/0s72k2v14299px3vkqj0bhsr0000gp/T//ccWStxJx.debug.temp.o
 .debug_abbrev  0x000052cc       0x5b /var/folders/cd/0s72k2v14299px3vkqj0bhsr0000gp/T//ccMlXR1B.debug.temp.o
 .debug_abbrev  0x00005327       0x94 /var/folders/cd/0s72k2v14299px3vkqj0bhsr0000gp/T//ccNavebx.debug.temp.o
 .debug_abbrev  0x000053bb       0x3b /var/folders/cd/0s72k2v14299px3vkqj0bhsr0000gp/T//ccj6hmBC.debug.temp.o
 .debug_abbrev  0x000053f6       0xb8 /var/folders/cd/0s72k2v14299px3vkqj0bhsr0000gp/T//ccR7ImNR.debug.temp.o
 .debug_abbrev  0x000054ae      0x185 /var/folders/cd/0s72k2v14299px3vkqj0bhsr0000gp/T//ccoalJSF.debug.temp.o
 .debug_abbrev  0x00005633      0x147 /var/folders/cd/0s72k2v14299px3vkqj0bhsr0000gp/T//cc4GfJ4Y.debug.temp.o
 .debug_abbrev  0x0000577a      0x10d /var/folders/cd/0s72k2v14299px3vkqj0bhsr0000gp/T//ccnx2bKJ.debug.temp.o
 .debug_abbrev  0x00005887      0x1db /var/folders/cd/0s72k2v14299px3vkqj0bhsr0000gp/T//ccqD3ijO.debug.temp.o
 .debug_abbrev  0x00005a62       0xb7 /var/folders/cd/0s72k2v14299px3vkqj0bhsr0000gp/T//cc5hRygZ.debug.temp.o
 .debug_abbrev  0x00005b19       0xa6 /var/folders/cd/0s72k2v14299px3vkqj0bhsr0000gp/T//ccmgHC24.debug.temp.o
 .debug_abbrev  0x00005bbf      0x26c /var/folders/cd/0s72k2v14299px3vkqj0bhsr0000gp/T//ccXz5AZU.debug.temp.o
 .debug_abbrev  0x00005e2b       0x1f _deps/bartman_gcc_support-build/CMakeFiles/bartman_gcc_support.dir/src/gcc8_a_support.s.obj

.debug_line     0x00000000    0x31c4c
 *(.debug_line .debug_line.* .debug_line_end)
 .debug_line    0x00000000    0x284a9 /var/folders/cd/0s72k2v14299px3vkqj0bhsr0000gp/T//ccRuXEEm.ltrans0.ltrans.o
 .debug_line    0x000284a9      0x2b4 /var/folders/cd/0s72k2v14299px3vkqj0bhsr0000gp/T//ccn6TP2J.debug.temp.o
 .debug_line    0x0002875d      0x1e9 /var/folders/cd/0s72k2v14299px3vkqj0bhsr0000gp/T//cczwbnfl.debug.temp.o
 .debug_line    0x00028946      0x3bf /var/folders/cd/0s72k2v14299px3vkqj0bhsr0000gp/T//cc3dlzB6.debug.temp.o
 .debug_line    0x00028d05      0x174 /var/folders/cd/0s72k2v14299px3vkqj0bhsr0000gp/T//ccRvLqQU.debug.temp.o
 .debug_line    0x00028e79      0x328 /var/folders/cd/0s72k2v14299px3vkqj0bhsr0000gp/T//cc22CTFn.debug.temp.o
 .debug_line    0x000291a1      0x31d /var/folders/cd/0s72k2v14299px3vkqj0bhsr0000gp/T//cccIyu72.debug.temp.o
 .debug_line    0x000294be      0x336 /var/folders/cd/0s72k2v14299px3vkqj0bhsr0000gp/T//ccGalEgW.debug.temp.o
 .debug_line    0x000297f4      0x344 /var/folders/cd/0s72k2v14299px3vkqj0bhsr0000gp/T//ccpUOEAe.debug.temp.o
 .debug_line    0x00029b38      0x429 /var/folders/cd/0s72k2v14299px3vkqj0bhsr0000gp/T//ccOQM4qI.debug.temp.o
 .debug_line    0x00029f61      0x153 /var/folders/cd/0s72k2v14299px3vkqj0bhsr0000gp/T//ccK2GrQ5.debug.temp.o
 .debug_line    0x0002a0b4      0x305 /var/folders/cd/0s72k2v14299px3vkqj0bhsr0000gp/T//cccuFH6q.debug.temp.o
 .debug_line    0x0002a3b9      0x26d /var/folders/cd/0s72k2v14299px3vkqj0bhsr0000gp/T//ccmaaJGD.debug.temp.o
 .debug_line    0x0002a626      0x2e8 /var/folders/cd/0s72k2v14299px3vkqj0bhsr0000gp/T//ccOHVbR1.debug.temp.o
 .debug_line    0x0002a90e      0x221 /var/folders/cd/0s72k2v14299px3vkqj0bhsr0000gp/T//ccSAklYa.debug.temp.o
 .debug_line    0x0002ab2f      0x35f /var/folders/cd/0s72k2v14299px3vkqj0bhsr0000gp/T//ccX6mJYD.debug.temp.o
 .debug_line    0x0002ae8e      0x29b /var/folders/cd/0s72k2v14299px3vkqj0bhsr0000gp/T//ccapPBAe.debug.temp.o
 .debug_line    0x0002b129      0x1ab /var/folders/cd/0s72k2v14299px3vkqj0bhsr0000gp/T//cchoBo92.debug.temp.o
 .debug_line    0x0002b2d4      0x32d /var/folders/cd/0s72k2v14299px3vkqj0bhsr0000gp/T//ccHPccok.debug.temp.o
 .debug_line    0x0002b601      0x1ae /var/folders/cd/0s72k2v14299px3vkqj0bhsr0000gp/T//cc63XzH3.debug.temp.o
 .debug_line    0x0002b7af      0x777 /var/folders/cd/0s72k2v14299px3vkqj0bhsr0000gp/T//ccumxfyA.debug.temp.o
 .debug_line    0x0002bf26      0x228 /var/folders/cd/0s72k2v14299px3vkqj0bhsr0000gp/T//ccigQoBl.debug.temp.o
 .debug_line    0x0002c14e      0x29b /var/folders/cd/0s72k2v14299px3vkqj0bhsr0000gp/T//ccMLA8qn.debug.temp.o
 .debug_line    0x0002c3e9      0x49e /var/folders/cd/0s72k2v14299px3vkqj0bhsr0000gp/T//ccLg3qhN.debug.temp.o
 .debug_line    0x0002c887      0x496 /var/folders/cd/0s72k2v14299px3vkqj0bhsr0000gp/T//ccSTuY0p.debug.temp.o
 .debug_line    0x0002cd1d      0x4e0 /var/folders/cd/0s72k2v14299px3vkqj0bhsr0000gp/T//ccoX5M5S.debug.temp.o
 .debug_line    0x0002d1fd      0x41b /var/folders/cd/0s72k2v14299px3vkqj0bhsr0000gp/T//ccrQJyKd.debug.temp.o
 .debug_line    0x0002d618      0x25c /var/folders/cd/0s72k2v14299px3vkqj0bhsr0000gp/T//ccrt8OnD.debug.temp.o
 .debug_line    0x0002d874      0x351 /var/folders/cd/0s72k2v14299px3vkqj0bhsr0000gp/T//ccEIGtN7.debug.temp.o
 .debug_line    0x0002dbc5      0x216 /var/folders/cd/0s72k2v14299px3vkqj0bhsr0000gp/T//ccuK6wBr.debug.temp.o
 .debug_line    0x0002dddb      0x4d0 /var/folders/cd/0s72k2v14299px3vkqj0bhsr0000gp/T//cc3UIB3M.debug.temp.o
 .debug_line    0x0002e2ab      0x33d /var/folders/cd/0s72k2v14299px3vkqj0bhsr0000gp/T//ccONPbBC.debug.temp.o
 .debug_line    0x0002e5e8      0x40c /var/folders/cd/0s72k2v14299px3vkqj0bhsr0000gp/T//ccGI2JnH.debug.temp.o
 .debug_line    0x0002e9f4      0x2a7 /var/folders/cd/0s72k2v14299px3vkqj0bhsr0000gp/T//cc6gZFik.debug.temp.o
 .debug_line    0x0002ec9b      0x2cd /var/folders/cd/0s72k2v14299px3vkqj0bhsr0000gp/T//ccXtCl4a.debug.temp.o
 .debug_line    0x0002ef68      0x2c8 /var/folders/cd/0s72k2v14299px3vkqj0bhsr0000gp/T//ccyCoMcs.debug.temp.o
 .debug_line    0x0002f230      0x278 /var/folders/cd/0s72k2v14299px3vkqj0bhsr0000gp/T//ccECj9Ih.debug.temp.o
 .debug_line    0x0002f4a8      0x21f /var/folders/cd/0s72k2v14299px3vkqj0bhsr0000gp/T//ccmi7bzi.debug.temp.o
 .debug_line    0x0002f6c7      0x197 /var/folders/cd/0s72k2v14299px3vkqj0bhsr0000gp/T//ccgh1YSn.debug.temp.o
 .debug_line    0x0002f85e      0x255 /var/folders/cd/0s72k2v14299px3vkqj0bhsr0000gp/T//cc0zawdu.debug.temp.o
 .debug_line    0x0002fab3      0x1a2 /var/folders/cd/0s72k2v14299px3vkqj0bhsr0000gp/T//ccEwzHZ4.debug.temp.o
 .debug_line    0x0002fc55      0x1a1 /var/folders/cd/0s72k2v14299px3vkqj0bhsr0000gp/T//ccEc9dpz.debug.temp.o
 .debug_line    0x0002fdf6      0x1a3 /var/folders/cd/0s72k2v14299px3vkqj0bhsr0000gp/T//ccPIkVWm.debug.temp.o
 .debug_line    0x0002ff99      0x1e5 /var/folders/cd/0s72k2v14299px3vkqj0bhsr0000gp/T//ccfHGNBr.debug.temp.o
 .debug_line    0x0003017e      0x1a3 /var/folders/cd/0s72k2v14299px3vkqj0bhsr0000gp/T//ccPWf2AN.debug.temp.o
 .debug_line    0x00030321      0x19f /var/folders/cd/0s72k2v14299px3vkqj0bhsr0000gp/T//ccWStxJx.debug.temp.o
 .debug_line    0x000304c0      0x158 /var/folders/cd/0s72k2v14299px3vkqj0bhsr0000gp/T//ccMlXR1B.debug.temp.o
 .debug_line    0x00030618      0x117 /var/folders/cd/0s72k2v14299px3vkqj0bhsr0000gp/T//ccNavebx.debug.temp.o
 .debug_line    0x0003072f      0x117 /var/folders/cd/0s72k2v14299px3vkqj0bhsr0000gp/T//ccj6hmBC.debug.temp.o
 .debug_line    0x00030846       0xd5 /var/folders/cd/0s72k2v14299px3vkqj0bhsr0000gp/T//ccR7ImNR.debug.temp.o
 .debug_line    0x0003091b      0x1b3 /var/folders/cd/0s72k2v14299px3vkqj0bhsr0000gp/T//ccoalJSF.debug.temp.o
 .debug_line    0x00030ace      0x3c4 /var/folders/cd/0s72k2v14299px3vkqj0bhsr0000gp/T//cc4GfJ4Y.debug.temp.o
 .debug_line    0x00030e92      0x305 /var/folders/cd/0s72k2v14299px3vkqj0bhsr0000gp/T//ccnx2bKJ.debug.temp.o
 .debug_line    0x00031197      0x3bd /var/folders/cd/0s72k2v14299px3vkqj0bhsr0000gp/T//ccqD3ijO.debug.temp.o
 .debug_line    0x00031554      0x211 /var/folders/cd/0s72k2v14299px3vkqj0bhsr0000gp/T//cc5hRygZ.debug.temp.o
 .debug_line    0x00031765      0x124 /var/folders/cd/0s72k2v14299px3vkqj0bhsr0000gp/T//ccmgHC24.debug.temp.o
 .debug_line    0x00031889      0x280 /var/folders/cd/0s72k2v14299px3vkqj0bhsr0000gp/T//ccXz5AZU.debug.temp.o
 .debug_line    0x00031b09      0x143 _deps/bartman_gcc_support-build/CMakeFiles/bartman_gcc_support.dir/src/gcc8_a_support.s.obj

.debug_frame    0x00000000    0x11614
 *(.debug_frame)
 .debug_frame   0x00000000    0x11548 /var/folders/cd/0s72k2v14299px3vkqj0bhsr0000gp/T//ccRuXEEm.ltrans0.ltrans.o
 .debug_frame   0x00011548       0xcc _deps/bartman_gcc_support-build/CMakeFiles/bartman_gcc_support.dir/src/gcc8_a_support.s.obj

.debug_str      0x00000000     0x15fd
 *(.debug_str)
 .debug_str     0x00000000        0x0 /var/folders/cd/0s72k2v14299px3vkqj0bhsr0000gp/T//ccRuXEEm.ltrans0.ltrans.o
 .debug_str     0x00000000       0x4e /var/folders/cd/0s72k2v14299px3vkqj0bhsr0000gp/T//cczwbnfl.debug.temp.o
 .debug_str     0x0000004e       0x87 /var/folders/cd/0s72k2v14299px3vkqj0bhsr0000gp/T//cc3dlzB6.debug.temp.o
 .debug_str     0x000000d5       0x28 /var/folders/cd/0s72k2v14299px3vkqj0bhsr0000gp/T//cc22CTFn.debug.temp.o
 .debug_str     0x000000fd       0x56 /var/folders/cd/0s72k2v14299px3vkqj0bhsr0000gp/T//cccIyu72.debug.temp.o
 .debug_str     0x00000153      0x165 /var/folders/cd/0s72k2v14299px3vkqj0bhsr0000gp/T//ccGalEgW.debug.temp.o
 .debug_str     0x000002b8       0x88 /var/folders/cd/0s72k2v14299px3vkqj0bhsr0000gp/T//ccpUOEAe.debug.temp.o
 .debug_str     0x00000340       0x60 /var/folders/cd/0s72k2v14299px3vkqj0bhsr0000gp/T//ccOQM4qI.debug.temp.o
 .debug_str     0x000003a0       0x34 /var/folders/cd/0s72k2v14299px3vkqj0bhsr0000gp/T//cccuFH6q.debug.temp.o
 .debug_str     0x000003d4       0x1e /var/folders/cd/0s72k2v14299px3vkqj0bhsr0000gp/T//ccmaaJGD.debug.temp.o
 .debug_str     0x000003f2       0x46 /var/folders/cd/0s72k2v14299px3vkqj0bhsr0000gp/T//ccOHVbR1.debug.temp.o
 .debug_str     0x00000438       0x99 /var/folders/cd/0s72k2v14299px3vkqj0bhsr0000gp/T//ccSAklYa.debug.temp.o
 .debug_str     0x000004d1       0x24 /var/folders/cd/0s72k2v14299px3vkqj0bhsr0000gp/T//ccX6mJYD.debug.temp.o
 .debug_str     0x000004f5      0x1da /var/folders/cd/0s72k2v14299px3vkqj0bhsr0000gp/T//ccapPBAe.debug.temp.o
 .debug_str     0x000006cf        0x6 /var/folders/cd/0s72k2v14299px3vkqj0bhsr0000gp/T//cchoBo92.debug.temp.o
 .debug_str     0x000006d5       0xb7 /var/folders/cd/0s72k2v14299px3vkqj0bhsr0000gp/T//ccHPccok.debug.temp.o
 .debug_str     0x0000078c       0x3b /var/folders/cd/0s72k2v14299px3vkqj0bhsr0000gp/T//cc63XzH3.debug.temp.o
 .debug_str     0x000007c7      0x4d1 /var/folders/cd/0s72k2v14299px3vkqj0bhsr0000gp/T//ccumxfyA.debug.temp.o
 .debug_str     0x00000c98        0xd /var/folders/cd/0s72k2v14299px3vkqj0bhsr0000gp/T//ccigQoBl.debug.temp.o
 .debug_str     0x00000ca5       0x41 /var/folders/cd/0s72k2v14299px3vkqj0bhsr0000gp/T//ccMLA8qn.debug.temp.o
 .debug_str     0x00000ce6       0xbc /var/folders/cd/0s72k2v14299px3vkqj0bhsr0000gp/T//ccLg3qhN.debug.temp.o
 .debug_str     0x00000da2       0x84 /var/folders/cd/0s72k2v14299px3vkqj0bhsr0000gp/T//ccSTuY0p.debug.temp.o
 .debug_str     0x00000e26      0x1f7 /var/folders/cd/0s72k2v14299px3vkqj0bhsr0000gp/T//ccoX5M5S.debug.temp.o
 .debug_str     0x0000101d       0x79 /var/folders/cd/0s72k2v14299px3vkqj0bhsr0000gp/T//ccrQJyKd.debug.temp.o
 .debug_str     0x00001096       0x12 /var/folders/cd/0s72k2v14299px3vkqj0bhsr0000gp/T//ccEIGtN7.debug.temp.o
 .debug_str     0x000010a8       0x1d /var/folders/cd/0s72k2v14299px3vkqj0bhsr0000gp/T//cc3UIB3M.debug.temp.o
 .debug_str     0x000010c5       0x6e /var/folders/cd/0s72k2v14299px3vkqj0bhsr0000gp/T//ccONPbBC.debug.temp.o