
Discarded input sections

 .text          0x00000000        0x0 /var/folders/cd/0s72k2v14299px3vkqj0bhsr0000gp/T//cc8yPgiK.ltrans0.ltrans.o
 .data          0x00000000        0x0 /var/folders/cd/0s72k2v14299px3vkqj0bhsr0000gp/T//cc8yPgiK.ltrans0.ltrans.o
 .bss           0x00000000        0x0 /var/folders/cd/0s72k2v14299px3vkqj0bhsr0000gp/T//cc8yPgiK.ltrans0.ltrans.o
 .data.__stack_chk_guard
                0x00000000        0x4 /var/folders/cd/0s72k2v14299px3vkqj0bhsr0000gp/T//cc8yPgiK.ltrans0.ltrans.o
 .text.__stack_chk_fail
                0x00000000       0x12 /var/folders/cd/0s72k2v14299px3vkqj0bhsr0000gp/T//cc8yPgiK.ltrans0.ltrans.o
 .text.manhattanToCorner
                0x00000000       0xb6 /var/folders/cd/0s72k2v14299px3vkqj0bhsr0000gp/T//cc8yPgiK.ltrans0.ltrans.o
 .text.nearestCornerDist
                0x00000000       0x6c /var/folders/cd/0s72k2v14299px3vkqj0bhsr0000gp/T//cc8yPgiK.ltrans0.ltrans.o
 .bss.startTime
                0x00000000        0x4 /var/folders/cd/0s72k2v14299px3vkqj0bhsr0000gp/T//cc8yPgiK.ltrans0.ltrans.o
 .text.advancedSpriteAdd
                0x00000000      0x87a /var/folders/cd/0s72k2v14299px3vkqj0bhsr0000gp/T//cc8yPgiK.ltrans0.ltrans.o
 .text.advancedSpriteRemove
                0x00000000       0xae /var/folders/cd/0s72k2v14299px3vkqj0bhsr0000gp/T//cc8yPgiK.ltrans0.ltrans.o
 .text.advancedSpriteSetEnabled
                0x00000000       0x5c /var/folders/cd/0s72k2v14299px3vkqj0bhsr0000gp/T//cc8yPgiK.ltrans0.ltrans.o
 .text.advancedSpriteSetPos
                0x00000000       0x36 /var/folders/cd/0s72k2v14299px3vkqj0bhsr0000gp/T//cc8yPgiK.ltrans0.ltrans.o
 .text.advancedSpriteSetPosX
                0x00000000       0x26 /var/folders/cd/0s72k2v14299px3vkqj0bhsr0000gp/T//cc8yPgiK.ltrans0.ltrans.o
 .text.advancedSpriteSetPosY
                0x00000000       0x26 /var/folders/cd/0s72k2v14299px3vkqj0bhsr0000gp/T//cc8yPgiK.ltrans0.ltrans.o
 .text.advancedSpriteSetFrame
                0x00000000       0xe8 /var/folders/cd/0s72k2v14299px3vkqj0bhsr0000gp/T//cc8yPgiK.ltrans0.ltrans.o
 .text.advancedSpriteProcessChannel
                0x00000000       0x50 /var/folders/cd/0s72k2v14299px3vkqj0bhsr0000gp/T//cc8yPgiK.ltrans0.ltrans.o
 .text.addAttachedX
                0x00000000       0x4c /var/folders/cd/0s72k2v14299px3vkqj0bhsr0000gp/T//cc8yPgiK.ltrans0.ltrans.o
 .text.advancedSpriteProcess
                0x00000000      0x10e /var/folders/cd/0s72k2v14299px3vkqj0bhsr0000gp/T//cc8yPgiK.ltrans0.ltrans.o
 .text.ror16    0x00000000       0x5e /var/folders/cd/0s72k2v14299px3vkqj0bhsr0000gp/T//cc8yPgiK.ltrans0.ltrans.o
 .text.blitIsIdle
                0x00000000       0x2c /var/folders/cd/0s72k2v14299px3vkqj0bhsr0000gp/T//cc8yPgiK.ltrans0.ltrans.o
 .text.blitUnsafeFillAligned
                0x00000000      0x174 /var/folders/cd/0s72k2v14299px3vkqj0bhsr0000gp/T//cc8yPgiK.ltrans0.ltrans.o
 .text.blitSafeFillAligned
                0x00000000       0xf2 /var/folders/cd/0s72k2v14299px3vkqj0bhsr0000gp/T//cc8yPgiK.ltrans0.ltrans.o
 .text.blitLine
                0x00000000      0x2f2 /var/folders/cd/0s72k2v14299px3vkqj0bhsr0000gp/T//cc8yPgiK.ltrans0.ltrans.o
 .text.blitLinePlane
                0x00000000      0x2b2 /var/folders/cd/0s72k2v14299px3vkqj0bhsr0000gp/T//cc8yPgiK.ltrans0.ltrans.o
 .bss.s_ubBufferCurr
                0x00000000        0x1 /var/folders/cd/0s72k2v14299px3vkqj0bhsr0000gp/T//cc8yPgiK.ltrans0.ltrans.o
 .bss.s_ubMaxBobCount
                0x00000000        0x1 /var/folders/cd/0s72k2v14299px3vkqj0bhsr0000gp/T//cc8yPgiK.ltrans0.ltrans.o
 .bss.s_isPushingDone
                0x00000000        0x1 /var/folders/cd/0s72k2v14299px3vkqj0bhsr0000gp/T//cc8yPgiK.ltrans0.ltrans.o
 .bss.s_ubBpp   0x00000000        0x1 /var/folders/cd/0s72k2v14299px3vkqj0bhsr0000gp/T//cc8yPgiK.ltrans0.ltrans.o
 .bss.s_ubBobsPushed
                0x00000000        0x1 /var/folders/cd/0s72k2v14299px3vkqj0bhsr0000gp/T//cc8yPgiK.ltrans0.ltrans.o
 .bss.s_ubBobsDrawn
                0x00000000        0x1 /var/folders/cd/0s72k2v14299px3vkqj0bhsr0000gp/T//cc8yPgiK.ltrans0.ltrans.o
 .bss.s_uwAvailHeight
                0x00000000        0x2 /var/folders/cd/0s72k2v14299px3vkqj0bhsr0000gp/T//cc8yPgiK.ltrans0.ltrans.o
 .bss.s_uwDestByteWidth
                0x00000000        0x2 /var/folders/cd/0s72k2v14299px3vkqj0bhsr0000gp/T//cc8yPgiK.ltrans0.ltrans.o
 .bss.s_uwBgBufferLength
                0x00000000        0x2 /var/folders/cd/0s72k2v14299px3vkqj0bhsr0000gp/T//cc8yPgiK.ltrans0.ltrans.o
 .bss.s_ubBobsSaved
                0x00000000        0x1 /var/folders/cd/0s72k2v14299px3vkqj0bhsr0000gp/T//cc8yPgiK.ltrans0.ltrans.o
 .bss.s_pQueues
                0x00000000       0x1c /var/folders/cd/0s72k2v14299px3vkqj0bhsr0000gp/T//cc8yPgiK.ltrans0.ltrans.o
 .text.bobCheckGood
                0x00000000       0xd0 /var/folders/cd/0s72k2v14299px3vkqj0bhsr0000gp/T//cc8yPgiK.ltrans0.ltrans.o
 .text.bobDeallocBuffers
[...]
Memory Configuration

Name             Origin             Length             Attributes
*default*        0x00000000         0xffffffff

Linker script and memory map

Address of section .text set to 0x0
LOAD /var/folders/cd/0s72k2v14299px3vkqj0bhsr0000gp/T//cc8yPgiK.ltrans0.ltrans.o
LOAD /var/folders/cd/0s72k2v14299px3vkqj0bhsr0000gp/T//ccIMWxzQ.debug.temp.o
LOAD /var/folders/cd/0s72k2v14299px3vkqj0bhsr0000gp/T//ccqqzv9F.debug.temp.o
LOAD /var/folders/cd/0s72k2v14299px3vkqj0bhsr0000gp/T//ccmItLnH.debug.temp.o
LOAD /var/folders/cd/0s72k2v14299px3vkqj0bhsr0000gp/T//ccB3P519.debug.temp.o
LOAD /var/folders/cd/0s72k2v14299px3vkqj0bhsr0000gp/T//ccvfs02x.debug.temp.o
LOAD /var/folders/cd/0s72k2v14299px3vkqj0bhsr0000gp/T//cceKfSzG.debug.temp.o
LOAD /var/folders/cd/0s72k2v14299px3vkqj0bhsr0000gp/T//cczvKKv9.debug.temp.o
LOAD /var/folders/cd/0s72k2v14299px3vkqj0bhsr0000gp/T//cc0bAnTv.debug.temp.o
LOAD /var/folders/cd/0s72k2v14299px3vkqj0bhsr0000gp/T//cc7pWaqz.debug.temp.o
LOAD /var/folders/cd/0s72k2v14299px3vkqj0bhsr0000gp/T//ccBfqW5s.debug.temp.o
LOAD /var/folders/cd/0s72k2v14299px3vkqj0bhsr0000gp/T//ccdEVcBs.debug.temp.o
LOAD /var/folders/cd/0s72k2v14299px3vkqj0bhsr0000gp/T//ccKaRZS0.debug.temp.o
LOAD /var/folders/cd/0s72k2v14299px3vkqj0bhsr0000gp/T//ccpTgpAW.debug.temp.o
LOAD /var/folders/cd/0s72k2v14299px3vkqj0bhsr0000gp/T//cc2Mb24a.debug.temp.o
LOAD /var/folders/cd/0s72k2v14299px3vkqj0bhsr0000gp/T//ccH09N8b.debug.temp.o
LOAD /var/folders/cd/0s72k2v14299px3vkqj0bhsr0000gp/T//ccaztEW2.debug.temp.o
LOAD /var/folders/cd/0s72k2v14299px3vkqj0bhsr0000gp/T//ccVNZm0q.debug.temp.o
LOAD /var/folders/cd/0s72k2v14299px3vkqj0bhsr0000gp/T//ccNrVyb8.debug.temp.o
LOAD /var/folders/cd/0s72k2v14299px3vkqj0bhsr0000gp/T//cci6nLXg.debug.temp.o
LOAD /var/folders/cd/0s72k2v14299px3vkqj0bhsr0000gp/T//ccP610yo.debug.temp.o
LOAD /var/folders/cd/0s72k2v14299px3vkqj0bhsr0000gp/T//cc7VSwc6.debug.temp.o
LOAD /var/folders/cd/0s72k2v14299px3vkqj0bhsr0000gp/T//ccHIO9aL.debug.temp.o
LOAD /var/folders/cd/0s72k2v14299px3vkqj0bhsr0000gp/T//ccpxDWCX.debug.temp.o
LOAD /var/folders/cd/0s72k2v14299px3vkqj0bhsr0000gp/T//ccqWfAoa.debug.temp.o
LOAD /var/folders/cd/0s72k2v14299px3vkqj0bhsr0000gp/T//ccvk3Cir.debug.temp.o
LOAD /var/folders/cd/0s72k2v14299px3vkqj0bhsr0000gp/T//ccjPxHCn.debug.temp.o
LOAD /var/folders/cd/0s72k2v14299px3vkqj0bhsr0000gp/T//cconh81n.debug.temp.o
LOAD /var/folders/cd/0s72k2v14299px3vkqj0bhsr0000gp/T//ccIMJYnZ.debug.temp.o
LOAD /var/folders/cd/0s72k2v14299px3vkqj0bhsr0000gp/T//ccepqG3L.debug.temp.o
LOAD /var/folders/cd/0s72k2v14299px3vkqj0bhsr0000gp/T//ccGBckV8.debug.temp.o
LOAD /var/folders/cd/0s72k2v14299px3vkqj0bhsr0000gp/T//ccFXN2h9.debug.temp.o
LOAD /var/folders/cd/0s72k2v14299px3vkqj0bhsr0000gp/T//ccdiql0j.debug.temp.o
LOAD /var/folders/cd/0s72k2v14299px3vkqj0bhsr0000gp/T//cct6MalW.debug.temp.o
LOAD /var/folders/cd/0s72k2v14299px3vkqj0bhsr0000gp/T//ccYLeQMJ.debug.temp.o
LOAD /var/folders/cd/0s72k2v14299px3vkqj0bhsr0000gp/T//cccwv7Lo.debug.temp.o
LOAD /var/folders/cd/0s72k2v14299px3vkqj0bhsr0000gp/T//ccRtIuFv.debug.temp.o
LOAD /var/folders/cd/0s72k2v14299px3vkqj0bhsr0000gp/T//ccgsEdZc.debug.temp.o
LOAD /var/folders/cd/0s72k2v14299px3vkqj0bhsr0000gp/T//ccvJpPny.debug.temp.o
LOAD /var/folders/cd/0s72k2v14299px3vkqj0bhsr0000gp/T//ccLF7Y5V.debug.temp.o
LOAD /var/folders/cd/0s72k2v14299px3vkqj0bhsr0000gp/T//ccT2PJNt.debug.temp.o
LOAD /var/folders/cd/0s72k2v14299px3vkqj0bhsr0000gp/T//ccUVeBfR.debug.temp.o
LOAD /var/folders/cd/0s72k2v14299px3vkqj0bhsr0000gp/T//ccmWffpx.debug.temp.o
LOAD /var/folders/cd/0s72k2v14299px3vkqj0bhsr0000gp/T//cciZ0Hff.debug.temp.o
LOAD /var/folders/cd/0s72k2v14299px3vkqj0bhsr0000gp/T//ccO3rMEQ.debug.temp.o
LOAD /var/folders/cd/0s72k2v14299px3vkqj0bhsr0000gp/T//ccEgEDl5.debug.temp.o
LOAD /var/folders/cd/0s72k2v14299px3vkqj0bhsr0000gp/T//ccUonGHR.debug.temp.o
LOAD /var/folders/cd/0s72k2v14299px3vkqj0bhsr0000gp/T//ccVUkFX6.debug.temp.o
LOAD /var/folders/cd/0s72k2v14299px3vkqj0bhsr0000gp/T//ccnc6hnQ.debug.temp.o
LOAD /var/folders/cd/0s72k2v14299px3vkqj0bhsr0000gp/T//cchYlHFp.debug.temp.o
LOAD /var/folders/cd/0s72k2v14299px3vkqj0bhsr0000gp/T//ccH7CRkG.debug.temp.o
LOAD /var/folders/cd/0s72k2v14299px3vkqj0bhsr0000gp/T//ccE2CqKx.debug.temp.o
LOAD /var/folders/cd/0s72k2v14299px3vkqj0bhsr0000gp/T//ccn9Gy2E.debug.temp.o
LOAD /var/folders/cd/0s72k2v14299px3vkqj0bhsr0000gp/T//ccGNI138.debug.temp.o
LOAD /var/folders/cd/0s72k2v14299px3vkqj0bhsr0000gp/T//ccCFfLmT.debug.temp.o
LOAD /var/folders/cd/0s72k2v14299px3vkqj0bhsr0000gp/T//ccOtJ2sC.debug.temp.o
LOAD /var/folders/cd/0s72k2v14299px3vkqj0bhsr0000gp/T//ccoz4JGT.debug.temp.o
LOAD _deps/bartman_gcc_support-build/CMakeFiles/bartman_gcc_support.dir/src/gcc8_a_support.s.obj
                [!provide]                        PROVIDE (__executable_start = SEGMENT_START ("text-segment", 0x80000000))
                0x80000074                        . = (SEGMENT_START ("text-segment", 0x80000000) + SIZEOF_HEADERS)

.note.gnu.build-id
 *(.note.gnu.build-id)

.interp
 *(.interp)

.hash
 *(.hash)

.gnu.hash
 *(.gnu.hash)

.dynsym
 *(.dynsym)

.dynstr
 *(.dynstr)

.gnu.version
 *(.gnu.version)

.gnu.version_d
 *(.gnu.version_d)

.gnu.version_r
 *(.gnu.version_r)

.rela.dyn       0x80000074        0x0
 *(.rela.init)
 *(.rela.text .rela.text.* .rela.gnu.linkonce.t.*)
 *(.rela.fini)
 *(.rela.rodata .rela.rodata.* .rela.gnu.linkonce.r.*)
 *(.rela.data .rela.data.* .rela.gnu.linkonce.d.*)
 *(.rela.tdata .rela.tdata.* .rela.gnu.linkonce.td.*)
 *(.rela.tbss .rela.tbss.* .rela.gnu.linkonce.tb.*)
 *(.rela.ctors)
 *(.rela.dtors)
 *(.rela.got)
 *(.rela.bss .rela.bss.* .rela.gnu.linkonce.b.*)
                [!provide]                        PROVIDE (__rela_iplt_start = .)
 *(.rela.iplt)
                [!provide]                        PROVIDE (__rela_iplt_end = .)

.rela.plt
 *(.rela.plt)

.init
 *(SORT_NONE(.init))

.plt
 *(.plt)

.iplt
 *(.iplt)

.text           0x00000000    0x12d42
 *(.text.unlikely .text.*_unlikely .text.unlikely.*)
 .text.unlikely
                0x00000000       0xb8 /var/folders/cd/0s72k2v14299px3vkqj0bhsr0000gp/T//cc8yPgiK.ltrans0.ltrans.o
                0x00000000                _start
 *(.text.exit .text.exit.*)
 .text.exit     0x000000b8       0x1e /var/folders/cd/0s72k2v14299px3vkqj0bhsr0000gp/T//cc8yPgiK.ltrans0.ltrans.o
                0x000000b8                exit
 *(.text.startup .text.startup.*)
 *(.text.hot .text.hot.*)
 *(SORT_BY_NAME(.text.sorted.*))
 *(.text .stub .text.* .gnu.linkonce.t.*)
 .text.main     0x000000d6       0x74 /var/folders/cd/0s72k2v14299px3vkqj0bhsr0000gp/T//cc8yPgiK.ltrans0.ltrans.o
                0x000000d6                main
 .text.genericCreate
                0x0000014a       0x80 /var/folders/cd/0s72k2v14299px3vkqj0bhsr0000gp/T//cc8yPgiK.ltrans0.ltrans.o
 .text.genericProcess
                0x000001ca       0x20 /var/folders/cd/0s72k2v14299px3vkqj0bhsr0000gp/T//cc8yPgiK.ltrans0.ltrans.o
 .text.genericDestroy
                0x000001ea       0x38 /var/folders/cd/0s72k2v14299px3vkqj0bhsr0000gp/T//cc8yPgiK.ltrans0.ltrans.o
 .text.AIgameReset
                0x00000222       0x20 /var/folders/cd/0s72k2v14299px3vkqj0bhsr0000gp/T//cc8yPgiK.ltrans0.ltrans.o
 .text.evaluatePerimeterControl
                0x00000242      0x20c /var/folders/cd/0s72k2v14299px3vkqj0bhsr0000gp/T//cc8yPgiK.ltrans0.ltrans.o
 .text.kingSafety
                0x0000044e      0x180 /var/folders/cd/0s72k2v14299px3vkqj0bhsr0000gp/T//cc8yPgiK.ltrans0.ltrans.o
 .text.evaluateForces
                0x000005ce       0x90 /var/folders/cd/0s72k2v14299px3vkqj0bhsr0000gp/T//cc8yPgiK.ltrans0.ltrans.o
 .text.evaluateCapturePotential
                0x0000065e      0x418 /var/folders/cd/0s72k2v14299px3vkqj0bhsr0000gp/T//cc8yPgiK.ltrans0.ltrans.o
 .text.evaluateLanes
                0x00000a76      0x12e /var/folders/cd/0s72k2v14299px3vkqj0bhsr0000gp/T//cc8yPgiK.ltrans0.ltrans.o
 .text.evaluateBoard
                0x00000ba4      0x1de /var/folders/cd/0s72k2v14299px3vkqj0bhsr0000gp/T//cc8yPgiK.ltrans0.ltrans.o
 .text.getAllMoves
                0x00000d82      0x20a /var/folders/cd/0s72k2v14299px3vkqj0bhsr0000gp/T//cc8yPgiK.ltrans0.ltrans.o
 .text.applyMoveWithUndo
                0x00000f8c      0x3e2 /var/folders/cd/0s72k2v14299px3vkqj0bhsr0000gp/T//cc8yPgiK.ltrans0.ltrans.o
 .text.undoMove
                0x0000136e      0x206 /var/folders/cd/0s72k2v14299px3vkqj0bhsr0000gp/T//cc8yPgiK.ltrans0.ltrans.o
 .text.findBookMove
                0x00001574      0x2be /var/folders/cd/0s72k2v14299px3vkqj0bhsr0000gp/T//cc8yPgiK.ltrans0.ltrans.o
 .text.minimax  0x00001832      0x236 /var/folders/cd/0s72k2v14299px3vkqj0bhsr0000gp/T//cc8yPgiK.ltrans0.ltrans.o
 .text.getBestMove
                0x00001a68      0x3fe /var/folders/cd/0s72k2v14299px3vkqj0bhsr0000gp/T//cc8yPgiK.ltrans0.ltrans.o
 .text.mouseGetX.lto_priv.0
                0x00001e66       0x28 /var/folders/cd/0s72k2v14299px3vkqj0bhsr0000gp/T//cc8yPgiK.ltrans0.ltrans.o
 .text.mouseGetY.lto_priv.0
                0x00001e8e       0x28 /var/folders/cd/0s72k2v14299px3vkqj0bhsr0000gp/T//cc8yPgiK.ltrans0.ltrans.o
 .text.mouseCheck.lto_priv.0
                0x00001eb6       0x44 /var/folders/cd/0s72k2v14299px3vkqj0bhsr0000gp/T//cc8yPgiK.ltrans0.ltrans.o
 .text.gameGsCreate
                0x00001efa      0x274 /var/folders/cd/0s72k2v14299px3vkqj0bhsr0000gp/T//cc8yPgiK.ltrans0.ltrans.o
 .text.gameGsLoop
                0x0000216e      0x556 /var/folders/cd/0s72k2v14299px3vkqj0bhsr0000gp/T//cc8yPgiK.ltrans0.ltrans.o
 .text.gameGsDestroy
                0x000026c4      0x17c /var/folders/cd/0s72k2v14299px3vkqj0bhsr0000gp/T//cc8yPgiK.ltrans0.ltrans.o
 .text.loadAssets
                0x00002840      0x1a0 /var/folders/cd/0s72k2v14299px3vkqj0bhsr0000gp/T//cc8yPgiK.ltrans0.ltrans.o
 .text.setupPieces
                0x000029e0      0x1ba /var/folders/cd/0s72k2v14299px3vkqj0bhsr0000gp/T//cc8yPgiK.ltrans0.ltrans.o
 .text.setupBoard
                0x00002b9a       0xa4 /var/folders/cd/0s72k2v14299px3vkqj0bhsr0000gp/T//cc8yPgiK.ltrans0.ltrans.o
 .text.buildBoard
                0x00002c3e      0x1ce /var/folders/cd/0s72k2v14299px3vkqj0bhsr0000gp/T//cc8yPgiK.ltrans0.ltrans.o
 .text.drawPieces
                0x00002e0c      0x698 /var/folders/cd/0s72k2v14299px3vkqj0bhsr0000gp/T//cc8yPgiK.ltrans0.ltrans.o
 .text.drawBoard
                0x000034a4      0x108 /var/folders/cd/0s72k2v14299px3vkqj0bhsr0000gp/T//cc8yPgiK.ltrans0.ltrans.o
 .text.updateMousepos
                0x000035ac       0x4c /var/folders/cd/0s72k2v14299px3vkqj0bhsr0000gp/T//cc8yPgiK.ltrans0.ltrans.o
 .text.onClick  0x000035f8      0x114 /var/folders/cd/0s72k2v14299px3vkqj0bhsr0000gp/T//cc8yPgiK.ltrans0.ltrans.o
 .text.drawSquareHighlight
                0x0000370c      0x214 /var/folders/cd/0s72k2v14299px3vkqj0bhsr0000gp/T//cc8yPgiK.ltrans0.ltrans.o
 .text.getValidMoves
                0x00003920      0x326 /var/folders/cd/0s72k2v14299px3vkqj0bhsr0000gp/T//cc8yPgiK.ltrans0.ltrans.o
 .text.movePiece
                0x00003c46      0x2f2 /var/folders/cd/0s72k2v14299px3vkqj0bhsr0000gp/T//cc8yPgiK.ltrans0.ltrans.o
 .text.checkForCaptures
                0x00003f38      0x658 /var/folders/cd/0s72k2v14299px3vkqj0bhsr0000gp/T//cc8yPgiK.ltrans0.ltrans.o
 .text.checkGameEnd
                0x00004590       0x8e /var/folders/cd/0s72k2v14299px3vkqj0bhsr0000gp/T//cc8yPgiK.ltrans0.ltrans.o
 .text.checkShieldWallCaptures
                0x0000461e      0x680 /var/folders/cd/0s72k2v14299px3vkqj0bhsr0000gp/T//cc8yPgiK.ltrans0.ltrans.o
 .text.checkExitFort
                0x00004c9e      0x2bc /var/folders/cd/0s72k2v14299px3vkqj0bhsr0000gp/T//cc8yPgiK.ltrans0.ltrans.o
 .text.checkSurrounded
                0x00004f5a      0x2a4 /var/folders/cd/0s72k2v14299px3vkqj0bhsr0000gp/T//cc8yPgiK.ltrans0.ltrans.o
 .text.inputOpen
                0x000051fe       0x16 /var/folders/cd/0s72k2v14299px3vkqj0bhsr0000gp/T//cc8yPgiK.ltrans0.ltrans.o
 .text.inputProcess
                0x00005214       0x10 /var/folders/cd/0s72k2v14299px3vkqj0bhsr0000gp/T//cc8yPgiK.ltrans0.ltrans.o
 .text.inputClose
                0x00005224       0x10 /var/folders/cd/0s72k2v14299px3vkqj0bhsr0000gp/T//cc8yPgiK.ltrans0.ltrans.o
 .text.mouseGetX.lto_priv.1
                0x00005234       0x28 /var/folders/cd/0s72k2v14299px3vkqj0bhsr0000gp/T//cc8yPgiK.ltrans0.ltrans.o
 .text.mouseGetY.lto_priv.1
                0x0000525c       0x28 /var/folders/cd/0s72k2v14299px3vkqj0bhsr0000gp/T//cc8yPgiK.ltrans0.ltrans.o
 .text.menuGsCreate
                0x00005284      0x15a /var/folders/cd/0s72k2v14299px3vkqj0bhsr0000gp/T//cc8yPgiK.ltrans0.ltrans.o
 .text.menuGsLoop
                0x000053de       0x78 /var/folders/cd/0s72k2v14299px3vkqj0bhsr0000gp/T//cc8yPgiK.ltrans0.ltrans.o
 .text.menuGsDestroy
                0x00005456       0x7e /var/folders/cd/0s72k2v14299px3vkqj0bhsr0000gp/T//cc8yPgiK.ltrans0.ltrans.o
 .text.updateMenuMousepos
                0x000054d4       0x4c /var/folders/cd/0s72k2v14299px3vkqj0bhsr0000gp/T//cc8yPgiK.ltrans0.ltrans.o
 .text.findCPUType
                0x00005520      0x1f2 /var/folders/cd/0s72k2v14299px3vkqj0bhsr0000gp/T//cc8yPgiK.ltrans0.ltrans.o
 .text.drawBackground
                0x00005712      0x108 /var/folders/cd/0s72k2v14299px3vkqj0bhsr0000gp/T//cc8yPgiK.ltrans0.ltrans.o
 .text.setupMouseCursor
                0x0000581a       0xa0 /var/folders/cd/0s72k2v14299px3vkqj0bhsr0000gp/T//cc8yPgiK.ltrans0.ltrans.o
 .text.setupTitleMenu
                0x000058ba      0x150 /var/folders/cd/0s72k2v14299px3vkqj0bhsr0000gp/T//cc8yPgiK.ltrans0.ltrans.o
 .text.blitManagerCreate
                0x00005a0a       0x30 /var/folders/cd/0s72k2v14299px3vkqj0bhsr0000gp/T//cc8yPgiK.ltrans0.ltrans.o
 .text.blitManagerDestroy
                0x00005a3a       0x2e /var/folders/cd/0s72k2v14299px3vkqj0bhsr0000gp/T//cc8yPgiK.ltrans0.ltrans.o
 .text._blitCheck
                0x00005a68      0x3a8 /var/folders/cd/0s72k2v14299px3vkqj0bhsr0000gp/T//cc8yPgiK.ltrans0.ltrans.o
 .text.blitWait
                0x00005e10       0x2e /var/folders/cd/0s72k2v14299px3vkqj0bhsr0000gp/T//cc8yPgiK.ltrans0.ltrans.o
 .text.blitUnsafeCopy
                0x00005e3e      0x6ba /var/folders/cd/0s72k2v14299px3vkqj0bhsr0000gp/T//cc8yPgiK.ltrans0.ltrans.o
 .text.blitSafeCopy
                0x000064f8       0xea /var/folders/cd/0s72k2v14299px3vkqj0bhsr0000gp/T//cc8yPgiK.ltrans0.ltrans.o
 .text.blitUnsafeCopyAligned
                0x000065e2      0x2c6 /var/folders/cd/0s72k2v14299px3vkqj0bhsr0000gp/T//cc8yPgiK.ltrans0.ltrans.o
 .text.blitSafeCopyAligned
                0x000068a8      0x16a /var/folders/cd/0s72k2v14299px3vkqj0bhsr0000gp/T//cc8yPgiK.ltrans0.ltrans.o
 .text.blitUnsafeCopyMask
                0x00006a12      0x6da /var/folders/cd/0s72k2v14299px3vkqj0bhsr0000gp/T//cc8yPgiK.ltrans0.ltrans.o
 .text.blitSafeCopyMask
                0x000070ec       0xdc /var/folders/cd/0s72k2v14299px3vkqj0bhsr0000gp/T//cc8yPgiK.ltrans0.ltrans.o
 .text.blitUnsafeRect
                0x000071c8      0x1fe /var/folders/cd/0s72k2v14299px3vkqj0bhsr0000gp/T//cc8yPgiK.ltrans0.ltrans.o
 .text.blitSafeRect
                0x000073c6       0xbc /var/folders/cd/0s72k2v14299px3vkqj0bhsr0000gp/T//cc8yPgiK.ltrans0.ltrans.o
 .text.copSetMoveVal.lto_priv.0
                0x00007482       0x1c /var/folders/cd/0s72k2v14299px3vkqj0bhsr0000gp/T//cc8yPgiK.ltrans0.ltrans.o
 .text.copCreate
                0x0000749e       0x66 /var/folders/cd/0s72k2v14299px3vkqj0bhsr0000gp/T//cc8yPgiK.ltrans0.ltrans.o
 .text.copDestroy
                0x00007504       0x5e /var/folders/cd/0s72k2v14299px3vkqj0bhsr0000gp/T//cc8yPgiK.ltrans0.ltrans.o
 .text.copSwapBuffers
                0x00007562       0x46 /var/folders/cd/0s72k2v14299px3vkqj0bhsr0000gp/T//cc8yPgiK.ltrans0.ltrans.o
 .text.copListCreate
                0x000075a8      0x2b0 /var/folders/cd/0s72k2v14299px3vkqj0bhsr0000gp/T//cc8yPgiK.ltrans0.ltrans.o
 .text.copListDestroy
                0x00007858      0x12a /var/folders/cd/0s72k2v14299px3vkqj0bhsr0000gp/T//cc8yPgiK.ltrans0.ltrans.o
 .text.copBlockCreate
                0x00007982      0x1d0 /var/folders/cd/0s72k2v14299px3vkqj0bhsr0000gp/T//cc8yPgiK.ltrans0.ltrans.o
 .text.copBlockDestroy
                0x00007b52      0x102 /var/folders/cd/0s72k2v14299px3vkqj0bhsr0000gp/T//cc8yPgiK.ltrans0.ltrans.o
 .text.copBfrRealloc
                0x00007c54      0x10e /var/folders/cd/0s72k2v14299px3vkqj0bhsr0000gp/T//cc8yPgiK.ltrans0.ltrans.o
 .text.copReorderBlocks
                0x00007d62       0xc0 /var/folders/cd/0s72k2v14299px3vkqj0bhsr0000gp/T//cc8yPgiK.ltrans0.ltrans.o
 .text.copUpdateFromBlocks
                0x00007e22      0x244 /var/folders/cd/0s72k2v14299px3vkqj0bhsr0000gp/T//cc8yPgiK.ltrans0.ltrans.o
 .text.copProcessBlocks
                0x00008066       0x8a /var/folders/cd/0s72k2v14299px3vkqj0bhsr0000gp/T//cc8yPgiK.ltrans0.ltrans.o
 .text.copBlockWait
                0x000080f0       0x4a /var/folders/cd/0s72k2v14299px3vkqj0bhsr0000gp/T//cc8yPgiK.ltrans0.ltrans.o
 .text.copMove  0x0000813a       0x82 /var/folders/cd/0s72k2v14299px3vkqj0bhsr0000gp/T//cc8yPgiK.ltrans0.ltrans.o
 .text.copSetWait
                0x000081bc       0x8e /var/folders/cd/0s72k2v14299px3vkqj0bhsr0000gp/T//cc8yPgiK.ltrans0.ltrans.o
 .text.copSetMove
                0x0000824a       0x58 /var/folders/cd/0s72k2v14299px3vkqj0bhsr0000gp/T//cc8yPgiK.ltrans0.ltrans.o
 .text.gameExit
                0x000082a2        0xa /var/folders/cd/0s72k2v14299px3vkqj0bhsr0000gp/T//cc8yPgiK.ltrans0.ltrans.o
 .text.gameIsRunning
                0x000082ac        0x8 /var/folders/cd/0s72k2v14299px3vkqj0bhsr0000gp/T//cc8yPgiK.ltrans0.ltrans.o
 .text.keyIntSetState
                0x000082b4       0x38 /var/folders/cd/0s72k2v14299px3vkqj0bhsr0000gp/T//cc8yPgiK.ltrans0.ltrans.o
 .text.keyIntCheck
                0x000082ec       0x22 /var/folders/cd/0s72k2v14299px3vkqj0bhsr0000gp/T//cc8yPgiK.ltrans0.ltrans.o
 .text.keyCheck
                0x0000830e       0x26 /var/folders/cd/0s72k2v14299px3vkqj0bhsr0000gp/T//cc8yPgiK.ltrans0.ltrans.o
 .text.keySetState
                0x00008334       0x38 /var/folders/cd/0s72k2v14299px3vkqj0bhsr0000gp/T//cc8yPgiK.ltrans0.ltrans.o
 .text.onRawKeyInput
                0x0000836c       0x3a /var/folders/cd/0s72k2v14299px3vkqj0bhsr0000gp/T//cc8yPgiK.ltrans0.ltrans.o
 .text.onKeyInterrupt
                0x000083a6       0xe8 /var/folders/cd/0s72k2v14299px3vkqj0bhsr0000gp/T//cc8yPgiK.ltrans0.ltrans.o
 .text.keyCreate
                0x0000848e       0x6c /var/folders/cd/0s72k2v14299px3vkqj0bhsr0000gp/T//cc8yPgiK.ltrans0.ltrans.o
 .text.keyDestroy
                0x000084fa       0x62 /var/folders/cd/0s72k2v14299px3vkqj0bhsr0000gp/T//cc8yPgiK.ltrans0.ltrans.o
 .text.keyProcess
                0x0000855c        0x4 /var/folders/cd/0s72k2v14299px3vkqj0bhsr0000gp/T//cc8yPgiK.ltrans0.ltrans.o
 .text.vsprintf
                0x00008560       0x1e /var/folders/cd/0s72k2v14299px3vkqj0bhsr0000gp/T//cc8yPgiK.ltrans0.ltrans.o
 .text.uaeWrite
                0x0000857e       0x32 /var/folders/cd/0s72k2v14299px3vkqj0bhsr0000gp/T//cc8yPgiK.ltrans0.ltrans.o
 .text.isWritingToFileAllowed
                0x000085b0       0x1a /var/folders/cd/0s72k2v14299px3vkqj0bhsr0000gp/T//cc8yPgiK.ltrans0.ltrans.o
 .text._logOpen
                0x000085ca       0x4a /var/folders/cd/0s72k2v14299px3vkqj0bhsr0000gp/T//cc8yPgiK.ltrans0.ltrans.o
 .text._logPushIndent
                0x00008614       0x12 /var/folders/cd/0s72k2v14299px3vkqj0bhsr0000gp/T//cc8yPgiK.ltrans0.ltrans.o
 .text._logPopIndent
                0x00008626       0x12 /var/folders/cd/0s72k2v14299px3vkqj0bhsr0000gp/T//cc8yPgiK.ltrans0.ltrans.o
 .text._logWrite
                0x00008638       0x1e /var/folders/cd/0s72k2v14299px3vkqj0bhsr0000gp/T//cc8yPgiK.ltrans0.ltrans.o
 .text._logWriteVa
                0x00008656      0x11e /var/folders/cd/0s72k2v14299px3vkqj0bhsr0000gp/T//cc8yPgiK.ltrans0.ltrans.o
 .text._logClose
                0x00008774       0x30 /var/folders/cd/0s72k2v14299px3vkqj0bhsr0000gp/T//cc8yPgiK.ltrans0.ltrans.o
 .text._logBlockBegin
                0x000087a4       0xb0 /var/folders/cd/0s72k2v14299px3vkqj0bhsr0000gp/T//cc8yPgiK.ltrans0.ltrans.o
 .text._logBlockEnd
                0x00008854       0xf2 /var/folders/cd/0s72k2v14299px3vkqj0bhsr0000gp/T//cc8yPgiK.ltrans0.ltrans.o
 .text._logPushInt
                0x00008946       0x12 /var/folders/cd/0s72k2v14299px3vkqj0bhsr0000gp/T//cc8yPgiK.ltrans0.ltrans.o
 .text._logPopInt
                0x00008958       0x28 /var/folders/cd/0s72k2v14299px3vkqj0bhsr0000gp/T//cc8yPgiK.ltrans0.ltrans.o
 .text._memEntryAdd
                0x00008980      0x154 /var/folders/cd/0s72k2v14299px3vkqj0bhsr0000gp/T//cc8yPgiK.ltrans0.ltrans.o
 .text._memEntryDelete
                0x00008ad4      0x16a /var/folders/cd/0s72k2v14299px3vkqj0bhsr0000gp/T//cc8yPgiK.ltrans0.ltrans.o
 .text.memEntryCheckTrash
                0x00008c3e      0x116 /var/folders/cd/0s72k2v14299px3vkqj0bhsr0000gp/T//cc8yPgiK.ltrans0.ltrans.o
 .text._memCheckIntegrity
                0x00008d54       0x4c /var/folders/cd/0s72k2v14299px3vkqj0bhsr0000gp/T//cc8yPgiK.ltrans0.ltrans.o
 .text._memCreate
                0x00008da0       0x28 /var/folders/cd/0s72k2v14299px3vkqj0bhsr0000gp/T//cc8yPgiK.ltrans0.ltrans.o
 .text._memDestroy
                0x00008dc8       0x7e /var/folders/cd/0s72k2v14299px3vkqj0bhsr0000gp/T//cc8yPgiK.ltrans0.ltrans.o
 .text._memAllocDbg
                0x00008e46      0x142 /var/folders/cd/0s72k2v14299px3vkqj0bhsr0000gp/T//cc8yPgiK.ltrans0.ltrans.o
 .text._memFreeDbg
                0x00008f88       0x6e /var/folders/cd/0s72k2v14299px3vkqj0bhsr0000gp/T//cc8yPgiK.ltrans0.ltrans.o
 .text._memAllocRls
                0x00008ff6       0x96 /var/folders/cd/0s72k2v14299px3vkqj0bhsr0000gp/T//cc8yPgiK.ltrans0.ltrans.o
 .text._memFreeRls
                0x0000908c       0x38 /var/folders/cd/0s72k2v14299px3vkqj0bhsr0000gp/T//cc8yPgiK.ltrans0.ltrans.o
 .text._memLogPeak
                0x000090c4       0x24 /var/folders/cd/0s72k2v14299px3vkqj0bhsr0000gp/T//cc8yPgiK.ltrans0.ltrans.o
 .text.memType  0x000090e8       0x3e /var/folders/cd/0s72k2v14299px3vkqj0bhsr0000gp/T//cc8yPgiK.ltrans0.ltrans.o
 .text.mouseSetBounds
                0x00009126       0xaa /var/folders/cd/0s72k2v14299px3vkqj0bhsr0000gp/T//cc8yPgiK.ltrans0.ltrans.o
 .text.mouseSetButton
                0x000091d0       0x4c /var/folders/cd/0s72k2v14299px3vkqj0bhsr0000gp/T//cc8yPgiK.ltrans0.ltrans.o
 .text.mouseCheck.lto_priv.1
                0x0000921c       0x44 /var/folders/cd/0s72k2v14299px3vkqj0bhsr0000gp/T//cc8yPgiK.ltrans0.ltrans.o
 .text.mouseMoveBy
                0x00009260      0x11c /var/folders/cd/0s72k2v14299px3vkqj0bhsr0000gp/T//cc8yPgiK.ltrans0.ltrans.o
 .text.mouseResetPos
                0x0000937c       0xaa /var/folders/cd/0s72k2v14299px3vkqj0bhsr0000gp/T//cc8yPgiK.ltrans0.ltrans.o
 .text.mouseCreate
                0x00009426       0xd8 /var/folders/cd/0s72k2v14299px3vkqj0bhsr0000gp/T//cc8yPgiK.ltrans0.ltrans.o
 .text.mouseDestroy
                0x000094fe       0x14 /var/folders/cd/0s72k2v14299px3vkqj0bhsr0000gp/T//cc8yPgiK.ltrans0.ltrans.o
 .text.mouseProcessPort
                0x00009512      0x1f4 /var/folders/cd/0s72k2v14299px3vkqj0bhsr0000gp/T//cc8yPgiK.ltrans0.ltrans.o
 .text.mouseProcess
                0x00009706      0x140 /var/folders/cd/0s72k2v14299px3vkqj0bhsr0000gp/T//cc8yPgiK.ltrans0.ltrans.o
 .text.randCreate
                0x00009846       0x56 /var/folders/cd/0s72k2v14299px3vkqj0bhsr0000gp/T//cc8yPgiK.ltrans0.ltrans.o
 .text.randInit
                0x0000989c       0x80 /var/folders/cd/0s72k2v14299px3vkqj0bhsr0000gp/T//cc8yPgiK.ltrans0.ltrans.o
 .text.randUw   0x0000991c       0x60 /var/folders/cd/0s72k2v14299px3vkqj0bhsr0000gp/T//cc8yPgiK.ltrans0.ltrans.o
 .text.randUwMax
                0x0000997c       0x3a /var/folders/cd/0s72k2v14299px3vkqj0bhsr0000gp/T//cc8yPgiK.ltrans0.ltrans.o
 .text.randUl   0x000099b6       0x36 /var/folders/cd/0s72k2v14299px3vkqj0bhsr0000gp/T//cc8yPgiK.ltrans0.ltrans.o
 .text.randUlMax
                0x000099ec       0x22 /var/folders/cd/0s72k2v14299px3vkqj0bhsr0000gp/T//cc8yPgiK.ltrans0.ltrans.o
 .text.copSetMoveVal.lto_priv.1
                0x00009a0e       0x1c /var/folders/cd/0s72k2v14299px3vkqj0bhsr0000gp/T//cc8yPgiK.ltrans0.ltrans.o
 .text.spriteChannelRequestCopperUpdate
                0x00009a2a        0xe /var/folders/cd/0s72k2v14299px3vkqj0bhsr0000gp/T//cc8yPgiK.ltrans0.ltrans.o
 .text.spriteManagerCreate
                0x00009a38      0x15a /var/folders/cd/0s72k2v14299px3vkqj0bhsr0000gp/T//cc8yPgiK.ltrans0.ltrans.o
 .text.spriteManagerDestroy
                0x00009b92       0xaa /var/folders/cd/0s72k2v14299px3vkqj0bhsr0000gp/T//cc8yPgiK.ltrans0.ltrans.o
 .text.spriteAdd
                0x00009c3c      0x11c /var/folders/cd/0s72k2v14299px3vkqj0bhsr0000gp/T//cc8yPgiK.ltrans0.ltrans.o
 .text.spriteRemove
                0x00009d58       0xa8 /var/folders/cd/0s72k2v14299px3vkqj0bhsr0000gp/T//cc8yPgiK.ltrans0.ltrans.o
 .text.spriteSetEnabled
                0x00009e00       0x4a /var/folders/cd/0s72k2v14299px3vkqj0bhsr0000gp/T//cc8yPgiK.ltrans0.ltrans.o
 .text.spriteSetBitmap
                0x00009e4a       0xee /var/folders/cd/0s72k2v14299px3vkqj0bhsr0000gp/T//cc8yPgiK.ltrans0.ltrans.o
 .text.spriteProcessChannel
                0x00009f38      0x1ee /var/folders/cd/0s72k2v14299px3vkqj0bhsr0000gp/T//cc8yPgiK.ltrans0.ltrans.o
 .text.spriteProcess
                0x0000a126      0x134 /var/folders/cd/0s72k2v14299px3vkqj0bhsr0000gp/T//cc8yPgiK.ltrans0.ltrans.o
 .text.spriteSetHeight
                0x0000a25a       0x98 /var/folders/cd/0s72k2v14299px3vkqj0bhsr0000gp/T//cc8yPgiK.ltrans0.ltrans.o
 .text._checkNull
                0x0000a2f2       0x38 /var/folders/cd/0s72k2v14299px3vkqj0bhsr0000gp/T//cc8yPgiK.ltrans0.ltrans.o
 .text.stateManagerCreate
                0x0000a32a       0x44 /var/folders/cd/0s72k2v14299px3vkqj0bhsr0000gp/T//cc8yPgiK.ltrans0.ltrans.o
 .text.stateManagerDestroy
                0x0000a36e       0x6a /var/folders/cd/0s72k2v14299px3vkqj0bhsr0000gp/T//cc8yPgiK.ltrans0.ltrans.o
 .text.stateCreate
                0x0000a3d8       0x82 /var/folders/cd/0s72k2v14299px3vkqj0bhsr0000gp/T//cc8yPgiK.ltrans0.ltrans.o
 .text.stateDestroy
                0x0000a45a       0x5e /var/folders/cd/0s72k2v14299px3vkqj0bhsr0000gp/T//cc8yPgiK.ltrans0.ltrans.o
 .text.statePush
                0x0000a4b8       0xd4 /var/folders/cd/0s72k2v14299px3vkqj0bhsr0000gp/T//cc8yPgiK.ltrans0.ltrans.o
 .text.statePopAll
                0x0000a58c       0x74 /var/folders/cd/0s72k2v14299px3vkqj0bhsr0000gp/T//cc8yPgiK.ltrans0.ltrans.o
 .text.stateChange
                0x0000a600       0xea /var/folders/cd/0s72k2v14299px3vkqj0bhsr0000gp/T//cc8yPgiK.ltrans0.ltrans.o
 .text.stateProcess
                0x0000a6ea       0x42 /var/folders/cd/0s72k2v14299px3vkqj0bhsr0000gp/T//cc8yPgiK.ltrans0.ltrans.o
 .text.keyReset
                0x0000a72c       0x2e /var/folders/cd/0s72k2v14299px3vkqj0bhsr0000gp/T//cc8yPgiK.ltrans0.ltrans.o
 .text.int1Handler
                0x0000a75a       0x18 /var/folders/cd/0s72k2v14299px3vkqj0bhsr0000gp/T//cc8yPgiK.ltrans0.ltrans.o
 .text.int2Handler
                0x0000a772       0xb6 /var/folders/cd/0s72k2v14299px3vkqj0bhsr0000gp/T//cc8yPgiK.ltrans0.ltrans.o
 .text.int3Handler
                0x0000a828       0xe6 /var/folders/cd/0s72k2v14299px3vkqj0bhsr0000gp/T//cc8yPgiK.ltrans0.ltrans.o
 .text.int4Handler
                0x0000a90e      0x11c /var/folders/cd/0s72k2v14299px3vkqj0bhsr0000gp/T//cc8yPgiK.ltrans0.ltrans.o
 .text.int5Handler
                0x0000aa2a       0x18 /var/folders/cd/0s72k2v14299px3vkqj0bhsr0000gp/T//cc8yPgiK.ltrans0.ltrans.o
 .text.int6Handler
                0x0000aa42       0xf0 /var/folders/cd/0s72k2v14299px3vkqj0bhsr0000gp/T//cc8yPgiK.ltrans0.ltrans.o
 .text.int7Handler
                0x0000ab32       0x18 /var/folders/cd/0s72k2v14299px3vkqj0bhsr0000gp/T//cc8yPgiK.ltrans0.ltrans.o
 .text.aceInputHandler
                0x0000ab4a       0x46 /var/folders/cd/0s72k2v14299px3vkqj0bhsr0000gp/T//cc8yPgiK.ltrans0.ltrans.o
 .text.ciaIcrHandler
                0x0000ab90       0x2a /var/folders/cd/0s72k2v14299px3vkqj0bhsr0000gp/T//cc8yPgiK.ltrans0.ltrans.o
 .text.osIntVector
                0x0000abba       0x74 /var/folders/cd/0s72k2v14299px3vkqj0bhsr0000gp/T//cc8yPgiK.ltrans0.ltrans.o
 .text.osIntServer
                0x0000ac2e       0x92 /var/folders/cd/0s72k2v14299px3vkqj0bhsr0000gp/T//cc8yPgiK.ltrans0.ltrans.o
 .text.msgPortCreate
                0x0000acc0       0xf4 /var/folders/cd/0s72k2v14299px3vkqj0bhsr0000gp/T//cc8yPgiK.ltrans0.ltrans.o
 .text.msgPortDelete
                0x0000adb4       0x60 /var/folders/cd/0s72k2v14299px3vkqj0bhsr0000gp/T//cc8yPgiK.ltrans0.ltrans.o
 .text.ioRequestInitialize
                0x0000ae14       0x30 /var/folders/cd/0s72k2v14299px3vkqj0bhsr0000gp/T//cc8yPgiK.ltrans0.ltrans.o
 .text.ioRequestCreate
                0x0000ae44       0x6e /var/folders/cd/0s72k2v14299px3vkqj0bhsr0000gp/T//cc8yPgiK.ltrans0.ltrans.o
 .text.ioRequestDestroy
                0x0000aeb2       0x3a /var/folders/cd/0s72k2v14299px3vkqj0bhsr0000gp/T//cc8yPgiK.ltrans0.ltrans.o
 .text.audioChannelAlloc
                0x0000aeec      0x14a /var/folders/cd/0s72k2v14299px3vkqj0bhsr0000gp/T//cc8yPgiK.ltrans0.ltrans.o
 .text.audioChannelFree
                0x0000b036       0x92 /var/folders/cd/0s72k2v14299px3vkqj0bhsr0000gp/T//cc8yPgiK.ltrans0.ltrans.o
 .text.cdtvCdCommand
                0x0000b0c8       0x64 /var/folders/cd/0s72k2v14299px3vkqj0bhsr0000gp/T//cc8yPgiK.ltrans0.ltrans.o
 .text.cdtvPortAlloc
                0x0000b12c       0xf0 /var/folders/cd/0s72k2v14299px3vkqj0bhsr0000gp/T//cc8yPgiK.ltrans0.ltrans.o
 .text.cdtvPortFree
                0x0000b21c       0x34 /var/folders/cd/0s72k2v14299px3vkqj0bhsr0000gp/T//cc8yPgiK.ltrans0.ltrans.o
 .text.inputHandlerAdd
                0x0000b250      0x15a /var/folders/cd/0s72k2v14299px3vkqj0bhsr0000gp/T//cc8yPgiK.ltrans0.ltrans.o
 .text.inputHandlerRemove
                0x0000b3aa       0x8e /var/folders/cd/0s72k2v14299px3vkqj0bhsr0000gp/T//cc8yPgiK.ltrans0.ltrans.o
 .text.interruptHandlerAdd
                0x0000b438      0x136 /var/folders/cd/0s72k2v14299px3vkqj0bhsr0000gp/T//cc8yPgiK.ltrans0.ltrans.o
 .text.interruptHandlerRemove
                0x0000b56e       0xf6 /var/folders/cd/0s72k2v14299px3vkqj0bhsr0000gp/T//cc8yPgiK.ltrans0.ltrans.o
 .text.systemOsDisable
                0x0000b664      0x2f8 /var/folders/cd/0s72k2v14299px3vkqj0bhsr0000gp/T//cc8yPgiK.ltrans0.ltrans.o
 .text.ciaIcrHandlerAdd
                0x0000b95c      0x294 /var/folders/cd/0s72k2v14299px3vkqj0bhsr0000gp/T//cc8yPgiK.ltrans0.ltrans.o
 .text.ciaIcrHandlerRemove
                0x0000bbf0       0x92 /var/folders/cd/0s72k2v14299px3vkqj0bhsr0000gp/T//cc8yPgiK.ltrans0.ltrans.o
 .text.systemFlushIo
                0x0000bc82      0x12e /var/folders/cd/0s72k2v14299px3vkqj0bhsr0000gp/T//cc8yPgiK.ltrans0.ltrans.o
 .text.systemKill
                0x0000bdb0       0xee /var/folders/cd/0s72k2v14299px3vkqj0bhsr0000gp/T//cc8yPgiK.ltrans0.ltrans.o
 .text.systemCreate
                0x0000be9e      0x46e /var/folders/cd/0s72k2v14299px3vkqj0bhsr0000gp/T//cc8yPgiK.ltrans0.ltrans.o
 .text.systemDestroy
                0x0000c30c      0x242 /var/folders/cd/0s72k2v14299px3vkqj0bhsr0000gp/T//cc8yPgiK.ltrans0.ltrans.o
 .text.systemUnuse
                0x0000c54e       0x90 /var/folders/cd/0s72k2v14299px3vkqj0bhsr0000gp/T//cc8yPgiK.ltrans0.ltrans.o
 .text.systemUse
                0x0000c5de      0x208 /var/folders/cd/0s72k2v14299px3vkqj0bhsr0000gp/T//cc8yPgiK.ltrans0.ltrans.o
 .text.systemGetBlitterFromOs
                0x0000c7e6       0x5c /var/folders/cd/0s72k2v14299px3vkqj0bhsr0000gp/T//cc8yPgiK.ltrans0.ltrans.o
 .text.systemReleaseBlitterToOs
                0x0000c842       0x36 /var/folders/cd/0s72k2v14299px3vkqj0bhsr0000gp/T//cc8yPgiK.ltrans0.ltrans.o
 .text.systemSetKeyInputHandler
                0x0000c878        0xc /var/folders/cd/0s72k2v14299px3vkqj0bhsr0000gp/T//cc8yPgiK.ltrans0.ltrans.o
 .text.systemSetCiaInt
                0x0000c884       0x8a /var/folders/cd/0s72k2v14299px3vkqj0bhsr0000gp/T//cc8yPgiK.ltrans0.ltrans.o
 .text.systemSetDmaBit
                0x0000c90e       0x42 /var/folders/cd/0s72k2v14299px3vkqj0bhsr0000gp/T//cc8yPgiK.ltrans0.ltrans.o
 .text.systemSetDmaMask
                0x0000c950       0xb0 /var/folders/cd/0s72k2v14299px3vkqj0bhsr0000gp/T//cc8yPgiK.ltrans0.ltrans.o
 .text.systemIdleBegin
                0x0000ca00        0xa /var/folders/cd/0s72k2v14299px3vkqj0bhsr0000gp/T//cc8yPgiK.ltrans0.ltrans.o
 .text.systemIdleEnd
                0x0000ca0a        0xa /var/folders/cd/0s72k2v14299px3vkqj0bhsr0000gp/T//cc8yPgiK.ltrans0.ltrans.o
 .text.systemGetVerticalBlankFrequency
                0x0000ca14        0xc /var/folders/cd/0s72k2v14299px3vkqj0bhsr0000gp/T//cc8yPgiK.ltrans0.ltrans.o
 .text.systemIsPal
                0x0000ca20       0x1e /var/folders/cd/0s72k2v14299px3vkqj0bhsr0000gp/T//cc8yPgiK.ltrans0.ltrans.o
 .text.systemCheckStack
                0x0000ca3e       0x4a /var/folders/cd/0s72k2v14299px3vkqj0bhsr0000gp/T//cc8yPgiK.ltrans0.ltrans.o
 .text.timerCreate
                0x0000ca88        0xc /var/folders/cd/0s72k2v14299px3vkqj0bhsr0000gp/T//cc8yPgiK.ltrans0.ltrans.o
 .text.timerDestroy
                0x0000ca94        0x4 /var/folders/cd/0s72k2v14299px3vkqj0bhsr0000gp/T//cc8yPgiK.ltrans0.ltrans.o
 .text.timerGet
                0x0000ca98       0x10 /var/folders/cd/0s72k2v14299px3vkqj0bhsr0000gp/T//cc8yPgiK.ltrans0.ltrans.o
 .text.timerOnInterrupt
                0x0000caa8       0x12 /var/folders/cd/0s72k2v14299px3vkqj0bhsr0000gp/T//cc8yPgiK.ltrans0.ltrans.o
 .text.timerGetPrec
                0x0000caba       0xae /var/folders/cd/0s72k2v14299px3vkqj0bhsr0000gp/T//cc8yPgiK.ltrans0.ltrans.o
 .text.timerGetDelta
                0x0000cb68       0x20 /var/folders/cd/0s72k2v14299px3vkqj0bhsr0000gp/T//cc8yPgiK.ltrans0.ltrans.o
 .text.timerProcess
                0x0000cb88       0x64 /var/folders/cd/0s72k2v14299px3vkqj0bhsr0000gp/T//cc8yPgiK.ltrans0.ltrans.o
 .text.timerFormatPrec
                0x0000cbec      0x118 /var/folders/cd/0s72k2v14299px3vkqj0bhsr0000gp/T//cc8yPgiK.ltrans0.ltrans.o
 .text.cameraCreate
                0x0000cd04      0x154 /var/folders/cd/0s72k2v14299px3vkqj0bhsr0000gp/T//cc8yPgiK.ltrans0.ltrans.o
 .text.cameraDestroy
                0x0000ce58       0x3c /var/folders/cd/0s72k2v14299px3vkqj0bhsr0000gp/T//cc8yPgiK.ltrans0.ltrans.o
 .text.cameraProcess
                0x0000ce94       0x46 /var/folders/cd/0s72k2v14299px3vkqj0bhsr0000gp/T//cc8yPgiK.ltrans0.ltrans.o
 .text.cameraReset
                0x0000ceda      0x142 /var/folders/cd/0s72k2v14299px3vkqj0bhsr0000gp/T//cc8yPgiK.ltrans0.ltrans.o
 .text.cameraIsMoved
                0x0000d01c       0x30 /var/folders/cd/0s72k2v14299px3vkqj0bhsr0000gp/T//cc8yPgiK.ltrans0.ltrans.o
 .text.copSetMoveVal.lto_priv.3
                0x0000d04c       0x1c /var/folders/cd/0s72k2v14299px3vkqj0bhsr0000gp/T//cc8yPgiK.ltrans0.ltrans.o
 .text.setBitplanePtrs
                0x0000d068       0xc4 /var/folders/cd/0s72k2v14299px3vkqj0bhsr0000gp/T//cc8yPgiK.ltrans0.ltrans.o
 .text.updateBitplanePtrs
                0x0000d12c       0x8e /var/folders/cd/0s72k2v14299px3vkqj0bhsr0000gp/T//cc8yPgiK.ltrans0.ltrans.o
 .text.simpleBufferInitializeCopperList
                0x0000d1ba      0x5a8 /var/folders/cd/0s72k2v14299px3vkqj0bhsr0000gp/T//cc8yPgiK.ltrans0.ltrans.o
 .text.simpleBufferSetBack
                0x0000d762       0x3e /var/folders/cd/0s72k2v14299px3vkqj0bhsr0000gp/T//cc8yPgiK.ltrans0.ltrans.o
 .text.simpleBufferCalcBplOffsAndShift
                0x0000d7a0       0xfa /var/folders/cd/0s72k2v14299px3vkqj0bhsr0000gp/T//cc8yPgiK.ltrans0.ltrans.o
 .text.simpleBufferSetFront
                0x0000d89a       0x64 /var/folders/cd/0s72k2v14299px3vkqj0bhsr0000gp/T//cc8yPgiK.ltrans0.ltrans.o
 .text.simpleBufferCreate
                0x0000d8fe      0x4c0 /var/folders/cd/0s72k2v14299px3vkqj0bhsr0000gp/T//cc8yPgiK.ltrans0.ltrans.o
 .text.simpleBufferDestroy
                0x0000ddbe       0xac /var/folders/cd/0s72k2v14299px3vkqj0bhsr0000gp/T//cc8yPgiK.ltrans0.ltrans.o
 .text.simpleBufferProcess
                0x0000de6a      0x26e /var/folders/cd/0s72k2v14299px3vkqj0bhsr0000gp/T//cc8yPgiK.ltrans0.ltrans.o
 .text.simpleBufferGetRawCopperlistInstructionCount
                0x0000e0d8       0x1c /var/folders/cd/0s72k2v14299px3vkqj0bhsr0000gp/T//cc8yPgiK.ltrans0.ltrans.o
 .text.bitmapAllocChipAligned
                0x0000e0f4       0x1e /var/folders/cd/0s72k2v14299px3vkqj0bhsr0000gp/T//cc8yPgiK.ltrans0.ltrans.o
 .text.bitmapFreeChipAligned
                0x0000e112       0x20 /var/folders/cd/0s72k2v14299px3vkqj0bhsr0000gp/T//cc8yPgiK.ltrans0.ltrans.o
 .text.bitmapCreate
                0x0000e132      0x544 /var/folders/cd/0s72k2v14299px3vkqj0bhsr0000gp/T//cc8yPgiK.ltrans0.ltrans.o
 .text.bitmapCreateFromPath
                0x0000e676       0x3a /var/folders/cd/0s72k2v14299px3vkqj0bhsr0000gp/T//cc8yPgiK.ltrans0.ltrans.o
 .text.bitmapCreateFromFd
                0x0000e6b0      0x2fe /var/folders/cd/0s72k2v14299px3vkqj0bhsr0000gp/T//cc8yPgiK.ltrans0.ltrans.o
 .text.bitmapDestroy
                0x0000e9ae      0x1f2 /var/folders/cd/0s72k2v14299px3vkqj0bhsr0000gp/T//cc8yPgiK.ltrans0.ltrans.o
 .text.bitmapIsInterleaved
                0x0000eba0       0x2e /var/folders/cd/0s72k2v14299px3vkqj0bhsr0000gp/T//cc8yPgiK.ltrans0.ltrans.o
 .text.bitmapIsChip
                0x0000ebce       0x1c /var/folders/cd/0s72k2v14299px3vkqj0bhsr0000gp/T//cc8yPgiK.ltrans0.ltrans.o
 .text.bitmapGetByteWidth
                0x0000ebea       0x30 /var/folders/cd/0s72k2v14299px3vkqj0bhsr0000gp/T//cc8yPgiK.ltrans0.ltrans.o
 .text.ciaGetTimerA
                0x0000ec1a       0x3a /var/folders/cd/0s72k2v14299px3vkqj0bhsr0000gp/T//cc8yPgiK.ltrans0.ltrans.o
 .text.ciaSetTimerA
                0x0000ec54       0x2e /var/folders/cd/0s72k2v14299px3vkqj0bhsr0000gp/T//cc8yPgiK.ltrans0.ltrans.o
 .text.ciaGetTimerB
                0x0000ec82       0x3a /var/folders/cd/0s72k2v14299px3vkqj0bhsr0000gp/T//cc8yPgiK.ltrans0.ltrans.o
 .text.ciaSetTimerB
                0x0000ecbc       0x2e /var/folders/cd/0s72k2v14299px3vkqj0bhsr0000gp/T//cc8yPgiK.ltrans0.ltrans.o
 .text.getRayPos
                0x0000ecea       0x54 /var/folders/cd/0s72k2v14299px3vkqj0bhsr0000gp/T//cc8yPgiK.ltrans0.ltrans.o
 .text.fileAccessEnable
                0x0000ed3e       0x10 /var/folders/cd/0s72k2v14299px3vkqj0bhsr0000gp/T//cc8yPgiK.ltrans0.ltrans.o
 .text.fileAccessDisable
                0x0000ed4e       0x10 /var/folders/cd/0s72k2v14299px3vkqj0bhsr0000gp/T//cc8yPgiK.ltrans0.ltrans.o
 .text.diskFileClose
                0x0000ed5e       0x8a /var/folders/cd/0s72k2v14299px3vkqj0bhsr0000gp/T//cc8yPgiK.ltrans0.ltrans.o
 .text.diskFileRead
                0x0000ede8      0x232 /var/folders/cd/0s72k2v14299px3vkqj0bhsr0000gp/T//cc8yPgiK.ltrans0.ltrans.o
 .text.diskFileWrite
                0x0000f01a      0x13a /var/folders/cd/0s72k2v14299px3vkqj0bhsr0000gp/T//cc8yPgiK.ltrans0.ltrans.o
 .text.diskFileSeek
                0x0000f154      0x192 /var/folders/cd/0s72k2v14299px3vkqj0bhsr0000gp/T//cc8yPgiK.ltrans0.ltrans.o
 .text.diskFileGetPos
                0x0000f2e6       0x62 /var/folders/cd/0s72k2v14299px3vkqj0bhsr0000gp/T//cc8yPgiK.ltrans0.ltrans.o
 .text.diskFileGetSize
                0x0000f348       0x78 /var/folders/cd/0s72k2v14299px3vkqj0bhsr0000gp/T//cc8yPgiK.ltrans0.ltrans.o
 .text.diskFileIsEof
                0x0000f3c0       0x62 /var/folders/cd/0s72k2v14299px3vkqj0bhsr0000gp/T//cc8yPgiK.ltrans0.ltrans.o
 .text.diskFileFlush
                0x0000f422       0x36 /var/folders/cd/0s72k2v14299px3vkqj0bhsr0000gp/T//cc8yPgiK.ltrans0.ltrans.o
 .text.diskFileOpen
                0x0000f458      0x13c /var/folders/cd/0s72k2v14299px3vkqj0bhsr0000gp/T//cc8yPgiK.ltrans0.ltrans.o
 .text.viewCreate
                0x0000f594      0x470 /var/folders/cd/0s72k2v14299px3vkqj0bhsr0000gp/T//cc8yPgiK.ltrans0.ltrans.o
 .text.viewDestroy
                0x0000fa04       0x9a /var/folders/cd/0s72k2v14299px3vkqj0bhsr0000gp/T//cc8yPgiK.ltrans0.ltrans.o
 .text.vPortProcessManagers
                0x0000fa9e       0x28 /var/folders/cd/0s72k2v14299px3vkqj0bhsr0000gp/T//cc8yPgiK.ltrans0.ltrans.o
 .text.viewProcessManagers
                0x0000fac6       0x28 /var/folders/cd/0s72k2v14299px3vkqj0bhsr0000gp/T//cc8yPgiK.ltrans0.ltrans.o
 .text.viewUpdateGlobalPalette
                0x0000faee       0x62 /var/folders/cd/0s72k2v14299px3vkqj0bhsr0000gp/T//cc8yPgiK.ltrans0.ltrans.o
 .text.viewLoad
                0x0000fb50      0x3f0 /var/folders/cd/0s72k2v14299px3vkqj0bhsr0000gp/T//cc8yPgiK.ltrans0.ltrans.o
 .text.vPortCreate
                0x0000ff40      0x486 /var/folders/cd/0s72k2v14299px3vkqj0bhsr0000gp/T//cc8yPgiK.ltrans0.ltrans.o
 .text.vPortDestroy
                0x000103c6      0x152 /var/folders/cd/0s72k2v14299px3vkqj0bhsr0000gp/T//cc8yPgiK.ltrans0.ltrans.o
 .text.vPortWaitForPos
                0x00010518      0x100 /var/folders/cd/0s72k2v14299px3vkqj0bhsr0000gp/T//cc8yPgiK.ltrans0.ltrans.o
 .text.vPortWaitUntilEnd
                0x00010618       0x26 /var/folders/cd/0s72k2v14299px3vkqj0bhsr0000gp/T//cc8yPgiK.ltrans0.ltrans.o
 .text.vPortWaitForEnd
                0x0001063e       0x28 /var/folders/cd/0s72k2v14299px3vkqj0bhsr0000gp/T//cc8yPgiK.ltrans0.ltrans.o
 .text.vPortAddManager
                0x00010666       0xf0 /var/folders/cd/0s72k2v14299px3vkqj0bhsr0000gp/T//cc8yPgiK.ltrans0.ltrans.o
 .text.vPortRmManager
                0x00010756       0xee /var/folders/cd/0s72k2v14299px3vkqj0bhsr0000gp/T//cc8yPgiK.ltrans0.ltrans.o
 .text.vPortGetManager
                0x00010844       0x40 /var/folders/cd/0s72k2v14299px3vkqj0bhsr0000gp/T//cc8yPgiK.ltrans0.ltrans.o
 .text.fileClose
                0x00010884       0x5c /var/folders/cd/0s72k2v14299px3vkqj0bhsr0000gp/T//cc8yPgiK.ltrans0.ltrans.o
 .text.fileRead
                0x000108e0       0x4c /var/folders/cd/0s72k2v14299px3vkqj0bhsr0000gp/T//cc8yPgiK.ltrans0.ltrans.o
 .text.fileWrite
                0x0001092c       0x38 /var/folders/cd/0s72k2v14299px3vkqj0bhsr0000gp/T//cc8yPgiK.ltrans0.ltrans.o
 .text.fileSeek
                0x00010964       0x4c /var/folders/cd/0s72k2v14299px3vkqj0bhsr0000gp/T//cc8yPgiK.ltrans0.ltrans.o
 .text.fileFlush
                0x000109b0       0x30 /var/folders/cd/0s72k2v14299px3vkqj0bhsr0000gp/T//cc8yPgiK.ltrans0.ltrans.o
 .text.fontGlyphWidth
                0x000109e0       0x46 /var/folders/cd/0s72k2v14299px3vkqj0bhsr0000gp/T//cc8yPgiK.ltrans0.ltrans.o
 .text.fontCreateFromPath
                0x00010a26       0x20 /var/folders/cd/0s72k2v14299px3vkqj0bhsr0000gp/T//cc8yPgiK.ltrans0.ltrans.o
 .text.fontCreateFromFd
                0x00010a46      0x22a /var/folders/cd/0s72k2v14299px3vkqj0bhsr0000gp/T//cc8yPgiK.ltrans0.ltrans.o
 .text.fontCreateTextBitMap
                0x00010c70      0x10a /var/folders/cd/0s72k2v14299px3vkqj0bhsr0000gp/T//cc8yPgiK.ltrans0.ltrans.o
 .text.fontTextFitsInTextBitmap
                0x00010d7a       0x5c /var/folders/cd/0s72k2v14299px3vkqj0bhsr0000gp/T//cc8yPgiK.ltrans0.ltrans.o
 .text.fontMeasureText
                0x00010dd6       0xf2 /var/folders/cd/0s72k2v14299px3vkqj0bhsr0000gp/T//cc8yPgiK.ltrans0.ltrans.o
 .text.fontCreateTextBitMapFromStr
                0x00010ec8       0x9c /var/folders/cd/0s72k2v14299px3vkqj0bhsr0000gp/T//cc8yPgiK.ltrans0.ltrans.o
 .text.fontDrawStr1bpp
                0x00010f64      0x18c /var/folders/cd/0s72k2v14299px3vkqj0bhsr0000gp/T//cc8yPgiK.ltrans0.ltrans.o
 .text.fontFillTextBitMap
                0x000110f0      0x118 /var/folders/cd/0s72k2v14299px3vkqj0bhsr0000gp/T//cc8yPgiK.ltrans0.ltrans.o
 .text.fontDestroyTextBitMap
                0x00011208       0x3c /var/folders/cd/0s72k2v14299px3vkqj0bhsr0000gp/T//cc8yPgiK.ltrans0.ltrans.o
 .text.fontDrawTextBitMap
                0x00011244      0x214 /var/folders/cd/0s72k2v14299px3vkqj0bhsr0000gp/T//cc8yPgiK.ltrans0.ltrans.o
 .text.fontDrawStr
                0x00011458       0x94 /var/folders/cd/0s72k2v14299px3vkqj0bhsr0000gp/T//cc8yPgiK.ltrans0.ltrans.o
 .text.endianBig16
                0x000114ec       0x14 /var/folders/cd/0s72k2v14299px3vkqj0bhsr0000gp/T//cc8yPgiK.ltrans0.ltrans.o
 .text.paletteLoadFromPath
                0x00011500       0x40 /var/folders/cd/0s72k2v14299px3vkqj0bhsr0000gp/T//cc8yPgiK.ltrans0.ltrans.o
 .text.paletteLoadFromFd
                0x00011540      0x186 /var/folders/cd/0s72k2v14299px3vkqj0bhsr0000gp/T//cc8yPgiK.ltrans0.ltrans.o
 .text.spriteDisableInCopBlockMode
                0x000116c6      0x104 /var/folders/cd/0s72k2v14299px3vkqj0bhsr0000gp/T//cc8yPgiK.ltrans0.ltrans.o
 .text.spriteDisableInCopRawMode
                0x000117ca      0x142 /var/folders/cd/0s72k2v14299px3vkqj0bhsr0000gp/T//cc8yPgiK.ltrans0.ltrans.o
 .text.tagGet   0x0001190c       0xaa /var/folders/cd/0s72k2v14299px3vkqj0bhsr0000gp/T//cc8yPgiK.ltrans0.ltrans.o
 .text._out_buffer
                0x000119b6       0x28 /var/folders/cd/0s72k2v14299px3vkqj0bhsr0000gp/T//cc8yPgiK.ltrans0.ltrans.o
 .text._out_null
                0x000119de       0x12 /var/folders/cd/0s72k2v14299px3vkqj0bhsr0000gp/T//cc8yPgiK.ltrans0.ltrans.o
 .text._strnlen_s
                0x000119f0       0x2a /var/folders/cd/0s72k2v14299px3vkqj0bhsr0000gp/T//cc8yPgiK.ltrans0.ltrans.o
 .text._is_digit
                0x00011a1a       0x2c /var/folders/cd/0s72k2v14299px3vkqj0bhsr0000gp/T//cc8yPgiK.ltrans0.ltrans.o
 .text._atoi    0x00011a46       0x54 /var/folders/cd/0s72k2v14299px3vkqj0bhsr0000gp/T//cc8yPgiK.ltrans0.ltrans.o
 .text._out_rev
                0x00011a9a       0xce /var/folders/cd/0s72k2v14299px3vkqj0bhsr0000gp/T//cc8yPgiK.ltrans0.ltrans.o
 .text._ntoa_format
                0x00011b68      0x208 /var/folders/cd/0s72k2v14299px3vkqj0bhsr0000gp/T//cc8yPgiK.ltrans0.ltrans.o
 .text._ntoa_long
                0x00011d70       0xe8 /var/folders/cd/0s72k2v14299px3vkqj0bhsr0000gp/T//cc8yPgiK.ltrans0.ltrans.o
 .text._vsnprintf
                0x00011e58      0x97a /var/folders/cd/0s72k2v14299px3vkqj0bhsr0000gp/T//cc8yPgiK.ltrans0.ltrans.o
 .text.sprintf  0x000127d2       0x34 /var/folders/cd/0s72k2v14299px3vkqj0bhsr0000gp/T//cc8yPgiK.ltrans0.ltrans.o
                0x000127d2                sprintf
 .text.vsnprintf
                0x00012806       0x22 /var/folders/cd/0s72k2v14299px3vkqj0bhsr0000gp/T//cc8yPgiK.ltrans0.ltrans.o
                0x00012806                vsnprintf
 .text.fopen    0x00012828       0x96 /var/folders/cd/0s72k2v14299px3vkqj0bhsr0000gp/T//cc8yPgiK.ltrans0.ltrans.o
 .text.fread    0x000128be       0x70 /var/folders/cd/0s72k2v14299px3vkqj0bhsr0000gp/T//cc8yPgiK.ltrans0.ltrans.o
 .text.fwrite   0x0001292e       0x70 /var/folders/cd/0s72k2v14299px3vkqj0bhsr0000gp/T//cc8yPgiK.ltrans0.ltrans.o
                0x0001292e                fwrite
 .text.fclose   0x0001299e       0x26 /var/folders/cd/0s72k2v14299px3vkqj0bhsr0000gp/T//cc8yPgiK.ltrans0.ltrans.o
 .text.fseek    0x000129c4       0x62 /var/folders/cd/0s72k2v14299px3vkqj0bhsr0000gp/T//cc8yPgiK.ltrans0.ltrans.o
 .text.fflush   0x00012a26        0x4 /var/folders/cd/0s72k2v14299px3vkqj0bhsr0000gp/T//cc8yPgiK.ltrans0.ltrans.o
 .text.ftell    0x00012a2a       0x48 /var/folders/cd/0s72k2v14299px3vkqj0bhsr0000gp/T//cc8yPgiK.ltrans0.ltrans.o
 .text.feof     0x00012a72       0xba /var/folders/cd/0s72k2v14299px3vkqj0bhsr0000gp/T//cc8yPgiK.ltrans0.ltrans.o
 .text.strlen   0x00012b2c       0x20 /var/folders/cd/0s72k2v14299px3vkqj0bhsr0000gp/T//cc8yPgiK.ltrans0.ltrans.o
                0x00012b2c                strlen
 .text.memset   0x00012b4c       0x30 /var/folders/cd/0s72k2v14299px3vkqj0bhsr0000gp/T//cc8yPgiK.ltrans0.ltrans.o
                0x00012b4c                memset
 .text.memcpy   0x00012b7c       0x4c /var/folders/cd/0s72k2v14299px3vkqj0bhsr0000gp/T//cc8yPgiK.ltrans0.ltrans.o
                0x00012b7c                memcpy
 .text.debug_cmd
                0x00012bc8       0x40 /var/folders/cd/0s72k2v14299px3vkqj0bhsr0000gp/T//cc8yPgiK.ltrans0.ltrans.o
 .text.debug_start_idle
                0x00012c08       0x1a /var/folders/cd/0s72k2v14299px3vkqj0bhsr0000gp/T//cc8yPgiK.ltrans0.ltrans.o
 .text.debug_stop_idle
                0x00012c22       0x18 /var/folders/cd/0s72k2v14299px3vkqj0bhsr0000gp/T//cc8yPgiK.ltrans0.ltrans.o
 .text.__mulsi3
                0x00012c3a       0x22 _deps/bartman_gcc_support-build/CMakeFiles/bartman_gcc_support.dir/src/gcc8_a_support.s.obj
                0x00012c3a                __mulsi3
 .text.__udivsi3
                0x00012c5c       0x5c _deps/bartman_gcc_support-build/CMakeFiles/bartman_gcc_support.dir/src/gcc8_a_support.s.obj
                0x00012c5c                __udivsi3
 .text.__divsi3
                0x00012cb8       0x2e _deps/bartman_gcc_support-build/CMakeFiles/bartman_gcc_support.dir/src/gcc8_a_support.s.obj
                0x00012cb8                __divsi3
 .text.__modsi3
                0x00012ce6       0x2e _deps/bartman_gcc_support-build/CMakeFiles/bartman_gcc_support.dir/src/gcc8_a_support.s.obj
                0x00012ce6                __modsi3
 .text.__umodsi3
                0x00012d14       0x2e _deps/bartman_gcc_support-build/CMakeFiles/bartman_gcc_support.dir/src/gcc8_a_support.s.obj
                0x00012d14                __umodsi3
 *(.gnu.warning)

.fini
 *(SORT_NONE(.fini))
                [!provide]                        PROVIDE (__etext = .)
                [!provide]                        PROVIDE (_etext = .)
                [!provide]                        PROVIDE (etext = .)

.rodata         0x00012d42    0x11f1a
 *(.rodata .rodata.* .gnu.linkonce.r.*)
 .rodata        0x00012d42     0x4451 /var/folders/cd/0s72k2v14299px3vkqj0bhsr0000gp/T//cc8yPgiK.ltrans0.ltrans.o
 *fill*         0x00017193        0x1 
 .rodata.openingBook
                0x00017194     0xd914 /var/folders/cd/0s72k2v14299px3vkqj0bhsr0000gp/T//cc8yPgiK.ltrans0.ltrans.o
 .rodata.kingPosWeights
                0x00024aa8      0x152 /var/folders/cd/0s72k2v14299px3vkqj0bhsr0000gp/T//cc8yPgiK.ltrans0.ltrans.o
 .rodata.s_pAceHwInterrupts
                0x00024bfa       0x1c /var/folders/cd/0s72k2v14299px3vkqj0bhsr0000gp/T//cc8yPgiK.ltrans0.ltrans.o
 .rodata.s_pCopperWaitXByBitplanes.lto_priv.3
                0x00024c16       0x12 /var/folders/cd/0s72k2v14299px3vkqj0bhsr0000gp/T//cc8yPgiK.ltrans0.ltrans.o
 .rodata.g_pCustom
                0x00024c28        0x4 /var/folders/cd/0s72k2v14299px3vkqj0bhsr0000gp/T//cc8yPgiK.ltrans0.ltrans.o
 .rodata.g_pBplFetch
                0x00024c2c        0x4 /var/folders/cd/0s72k2v14299px3vkqj0bhsr0000gp/T//cc8yPgiK.ltrans0.ltrans.o
 .rodata.g_pSprFetch
                0x00024c30        0x4 /var/folders/cd/0s72k2v14299px3vkqj0bhsr0000gp/T//cc8yPgiK.ltrans0.ltrans.o
 .rodata.g_pCia
                0x00024c34        0x8 /var/folders/cd/0s72k2v14299px3vkqj0bhsr0000gp/T//cc8yPgiK.ltrans0.ltrans.o
 .rodata.s_sDiskFileCallbacks
                0x00024c3c       0x20 /var/folders/cd/0s72k2v14299px3vkqj0bhsr0000gp/T//cc8yPgiK.ltrans0.ltrans.o

text            0x00024c5c       0x26
 text           0x00024c5c       0x26 /var/folders/cd/0s72k2v14299px3vkqj0bhsr0000gp/T//cc8yPgiK.ltrans0.ltrans.o

.rodata1
 *(.rodata1)

.eh_frame_hdr
 *(.eh_frame_hdr)
 *(.eh_frame_entry .eh_frame_entry.*)

.eh_frame
 *(.eh_frame)
 *(.eh_frame.*)

.sframe
 *(.sframe)
 *(.sframe.*)

.gcc_except_table
 *(.gcc_except_table .gcc_except_table.*)

.gnu_extab
 *(.gnu_extab*)

.exception_ranges
 *(.exception_ranges*)

.note.build-id
 *(.note.build-id)

.note.GNU-stack
 *(.note.GNU-stack)

.note.gnu-property
 *(.note.gnu-property)

.note.ABI-tag
 *(.note.ABI-tag)

.note.package
 *(.note.package)

.note.dlopen
 *(.note.dlopen)

.note.netbsd.ident
 *(.note.netbsd.ident)

.note.openbsd.ident
 *(.note.openbsd.ident)
                0x00026c82                        . = DATA_SEGMENT_ALIGN (CONSTANT (MAXPAGESIZE), CONSTANT (COMMONPAGESIZE))

.eh_frame
 *(.eh_frame)
 *(.eh_frame.*)

.sframe
 *(.sframe)
 *(.sframe.*)

.gnu_extab
 *(.gnu_extab)

.gcc_except_table
 *(.gcc_except_table .gcc_except_table.*)

.exception_ranges
 *(.exception_ranges*)

.tdata          0x00026c82        0x0
                [!provide]                        PROVIDE (__tdata_start = .)
 *(.tdata .tdata.* .gnu.linkonce.td.*)

.tbss
 *(.tbss .tbss.* .gnu.linkonce.tb.*)
 *(.tcommon)

.preinit_array  0x00026c82        0x0
                0x00026c82                        PROVIDE (__preinit_array_start = .)
 *(.preinit_array)
                0x00026c82                        PROVIDE (__preinit_array_end = .)

.init_array     0x00026c82        0x0
                0x00026c82                        PROVIDE (__init_array_start = .)
 *(SORT_BY_INIT_PRIORITY(.init_array.*) SORT_BY_INIT_PRIORITY(.ctors.*))
 *(.init_array EXCLUDE_FILE(*crtend?.o *crtend.o *crtbegin?.o *crtbegin.o) .ctors)
                0x00026c82                        PROVIDE (__init_array_end = .)

.fini_array     0x00026c82        0x0
                0x00026c82                        PROVIDE (__fini_array_start = .)
 *(SORT_BY_INIT_PRIORITY(.fini_array.*) SORT_BY_INIT_PRIORITY(.dtors.*))
 *(.fini_array EXCLUDE_FILE(*crtend?.o *crtend.o *crtbegin?.o *crtbegin.o) .dtors)
                0x00026c82                        PROVIDE (__fini_array_end = .)

.ctors
 *crtbegin.o(.ctors)
 *crtbegin?.o(.ctors)
 *(EXCLUDE_FILE(*crtend?.o *crtend.o) .ctors)
 *(SORT_BY_NAME(.ctors.*))
 *(.ctors)

.dtors
 *crtbegin.o(.dtors)
 *crtbegin?.o(.dtors)
 *(EXCLUDE_FILE(*crtend?.o *crtend.o) .dtors)
 *(SORT_BY_NAME(.dtors.*))
 *(.dtors)

.jcr
 *(.jcr)

.data.rel.ro
 *(.data.rel.ro.local* .gnu.linkonce.d.rel.ro.local.*)
 *(.data.rel.ro .data.rel.ro.* .gnu.linkonce.d.rel.ro.*)

.dynamic
 *(.dynamic)
                0x00026c82                        . = DATA_SEGMENT_RELRO_END (., 0x0)

.got
 *(.got.plt)
 *(.igot.plt)
 *(.got)
 *(.igot)

.data           0x00026c82       0x12
 *(.data .data.* .gnu.linkonce.d.*)
 .data.cpuPlayerTeam
                0x00026c82        0x1 /var/folders/cd/0s72k2v14299px3vkqj0bhsr0000gp/T//cc8yPgiK.ltrans0.ltrans.o
 .data.humanPlayerTeam
                0x00026c83        0x1 /var/folders/cd/0s72k2v14299px3vkqj0bhsr0000gp/T//cc8yPgiK.ltrans0.ltrans.o
 .data.s_isGameRunning
                0x00026c84        0x1 /var/folders/cd/0s72k2v14299px3vkqj0bhsr0000gp/T//cc8yPgiK.ltrans0.ltrans.o
 *fill*         0x00026c85        0x1 
 .data.bartmanLog
                0x00026c86        0x4 /var/folders/cd/0s72k2v14299px3vkqj0bhsr0000gp/T//cc8yPgiK.ltrans0.ltrans.o
 .data.s_pAceCiaTimerA
                0x00026c8a        0x4 /var/folders/cd/0s72k2v14299px3vkqj0bhsr0000gp/T//cc8yPgiK.ltrans0.ltrans.o
 .data.s_pAceCiaTimerB
                0x00026c8e        0x4 /var/folders/cd/0s72k2v14299px3vkqj0bhsr0000gp/T//cc8yPgiK.ltrans0.ltrans.o
 .data.s_uwOsVectorInts
                0x00026c92        0x2 /var/folders/cd/0s72k2v14299px3vkqj0bhsr0000gp/T//cc8yPgiK.ltrans0.ltrans.o

.data1
 *(.data1)
                0x00026c94                        _edata = .
                [!provide]                        PROVIDE (edata = .)
                0x00026c94                        . = ALIGN (ALIGNOF (NEXT_SECTION))
                0x00026c94                        __bss_start = .

.bss            0x00026c94     0x29fc
 *(.dynbss)
 *(.bss .bss.* .gnu.linkonce.b.*)
 .bss.g_pStateManager
                0x00026c94        0x4 /var/folders/cd/0s72k2v14299px3vkqj0bhsr0000gp/T//cc8yPgiK.ltrans0.ltrans.o
 .bss.g_pGameState
                0x00026c98        0x4 /var/folders/cd/0s72k2v14299px3vkqj0bhsr0000gp/T//cc8yPgiK.ltrans0.ltrans.o
 .bss.g_pMenuState
                0x00026c9c        0x4 /var/folders/cd/0s72k2v14299px3vkqj0bhsr0000gp/T//cc8yPgiK.ltrans0.ltrans.o
 .bss.moveBuffer
                0x00026ca0      0xc80 /var/folders/cd/0s72k2v14299px3vkqj0bhsr0000gp/T//cc8yPgiK.ltrans0.ltrans.o
 .bss.stopbookmoves
                0x00027920        0x1 /var/folders/cd/0s72k2v14299px3vkqj0bhsr0000gp/T//cc8yPgiK.ltrans0.ltrans.o
 *fill*         0x00027921        0x1 
 .bss.s_pView.lto_priv.0
                0x00027922        0x4 /var/folders/cd/0s72k2v14299px3vkqj0bhsr0000gp/T//cc8yPgiK.ltrans0.ltrans.o
 .bss.s_pVpMain.lto_priv.0
                0x00027926        0x4 /var/folders/cd/0s72k2v14299px3vkqj0bhsr0000gp/T//cc8yPgiK.ltrans0.ltrans.o
 .bss.s_pMainBuffer.lto_priv.0
                0x0002792a        0x4 /var/folders/cd/0s72k2v14299px3vkqj0bhsr0000gp/T//cc8yPgiK.ltrans0.ltrans.o
 .bss.s_pRandManager
                0x0002792e        0x4 /var/folders/cd/0s72k2v14299px3vkqj0bhsr0000gp/T//cc8yPgiK.ltrans0.ltrans.o
 .bss.g_state   0x00027932      0x268 /var/folders/cd/0s72k2v14299px3vkqj0bhsr0000gp/T//cc8yPgiK.ltrans0.ltrans.o
 .bss.cpuMove   0x00027b9a        0x4 /var/folders/cd/0s72k2v14299px3vkqj0bhsr0000gp/T//cc8yPgiK.ltrans0.ltrans.o
 .bss.pBmBoard  0x00027b9e        0x4 /var/folders/cd/0s72k2v14299px3vkqj0bhsr0000gp/T//cc8yPgiK.ltrans0.ltrans.o
 .bss.pBmAttackers
                0x00027ba2       0x60 /var/folders/cd/0s72k2v14299px3vkqj0bhsr0000gp/T//cc8yPgiK.ltrans0.ltrans.o
 .bss.pBmAttackers_Mask
                0x00027c02       0x60 /var/folders/cd/0s72k2v14299px3vkqj0bhsr0000gp/T//cc8yPgiK.ltrans0.ltrans.o
 .bss.pBmDefenders
                0x00027c62       0x34 /var/folders/cd/0s72k2v14299px3vkqj0bhsr0000gp/T//cc8yPgiK.ltrans0.ltrans.o
 .bss.pBmDefenders_Mask
                0x00027c96       0x34 /var/folders/cd/0s72k2v14299px3vkqj0bhsr0000gp/T//cc8yPgiK.ltrans0.ltrans.o
 .bss.pBmKing   0x00027cca        0x4 /var/folders/cd/0s72k2v14299px3vkqj0bhsr0000gp/T//cc8yPgiK.ltrans0.ltrans.o
 .bss.pBmKing_Mask
                0x00027cce        0x4 /var/folders/cd/0s72k2v14299px3vkqj0bhsr0000gp/T//cc8yPgiK.ltrans0.ltrans.o
 .bss.pBmClashFX
                0x00027cd2        0x4 /var/folders/cd/0s72k2v14299px3vkqj0bhsr0000gp/T//cc8yPgiK.ltrans0.ltrans.o
 .bss.pBmClashFX_Mask
                0x00027cd6        0x4 /var/folders/cd/0s72k2v14299px3vkqj0bhsr0000gp/T//cc8yPgiK.ltrans0.ltrans.o
 .bss.pBmSquareHighlight
                0x00027cda        0x4 /var/folders/cd/0s72k2v14299px3vkqj0bhsr0000gp/T//cc8yPgiK.ltrans0.ltrans.o
 .bss.pBmSquareHighlight_Mask
                0x00027cde        0x4 /var/folders/cd/0s72k2v14299px3vkqj0bhsr0000gp/T//cc8yPgiK.ltrans0.ltrans.o
 .bss.pBmSquareHighlight_BG
                0x00027ce2        0x8 /var/folders/cd/0s72k2v14299px3vkqj0bhsr0000gp/T//cc8yPgiK.ltrans0.ltrans.o
 .bss.pBmMouseCursorSrc
                0x00027cea        0x4 /var/folders/cd/0s72k2v14299px3vkqj0bhsr0000gp/T//cc8yPgiK.ltrans0.ltrans.o
 .bss.pBmMouseCursorData
                0x00027cee        0x4 /var/folders/cd/0s72k2v14299px3vkqj0bhsr0000gp/T//cc8yPgiK.ltrans0.ltrans.o
 .bss.pSMouseCursor
                0x00027cf2        0x4 /var/folders/cd/0s72k2v14299px3vkqj0bhsr0000gp/T//cc8yPgiK.ltrans0.ltrans.o
 .bss.gametextbitmapattack
                0x00027cf6        0x4 /var/folders/cd/0s72k2v14299px3vkqj0bhsr0000gp/T//cc8yPgiK.ltrans0.ltrans.o
 .bss.gametextbitmapdefend
                0x00027cfa        0x4 /var/folders/cd/0s72k2v14299px3vkqj0bhsr0000gp/T//cc8yPgiK.ltrans0.ltrans.o
 .bss.version   0x00027cfe        0x4 /var/folders/cd/0s72k2v14299px3vkqj0bhsr0000gp/T//cc8yPgiK.ltrans0.ltrans.o
 .bss.gFontSmall
                0x00027d02        0x4 /var/folders/cd/0s72k2v14299px3vkqj0bhsr0000gp/T//cc8yPgiK.ltrans0.ltrans.o
 .bss.validMoves
                0x00027d06      0x152 /var/folders/cd/0s72k2v14299px3vkqj0bhsr0000gp/T//cc8yPgiK.ltrans0.ltrans.o
 .bss.validGeneration
                0x00027e58        0x2 /var/folders/cd/0s72k2v14299px3vkqj0bhsr0000gp/T//cc8yPgiK.ltrans0.ltrans.o
 .bss.visited   0x00027e5a      0x152 /var/folders/cd/0s72k2v14299px3vkqj0bhsr0000gp/T//cc8yPgiK.ltrans0.ltrans.o
 .bss.queue     0x00027fac      0x152 /var/folders/cd/0s72k2v14299px3vkqj0bhsr0000gp/T//cc8yPgiK.ltrans0.ltrans.o
 .bss.gen       0x000280fe        0x2 /var/folders/cd/0s72k2v14299px3vkqj0bhsr0000gp/T//cc8yPgiK.ltrans0.ltrans.o
 .bss.s_ubBufferIndex
                0x00028100        0x1 /var/folders/cd/0s72k2v14299px3vkqj0bhsr0000gp/T//cc8yPgiK.ltrans0.ltrans.o
 .bss.hightlightActive
                0x00028101        0x1 /var/folders/cd/0s72k2v14299px3vkqj0bhsr0000gp/T//cc8yPgiK.ltrans0.ltrans.o
 .bss.lastHighlightIndex
                0x00028102        0x2 /var/folders/cd/0s72k2v14299px3vkqj0bhsr0000gp/T//cc8yPgiK.ltrans0.ltrans.o
 .bss.highlightIndex
                0x00028104        0x1 /var/folders/cd/0s72k2v14299px3vkqj0bhsr0000gp/T//cc8yPgiK.ltrans0.ltrans.o
 .bss.HLhasBGToRestore
                0x00028105        0x2 /var/folders/cd/0s72k2v14299px3vkqj0bhsr0000gp/T//cc8yPgiK.ltrans0.ltrans.o
 .bss.pieceHasBGToRestore
                0x00028107        0x2 /var/folders/cd/0s72k2v14299px3vkqj0bhsr0000gp/T//cc8yPgiK.ltrans0.ltrans.o
 .bss.capturedPieceIndex
                0x00028109       0x12 /var/folders/cd/0s72k2v14299px3vkqj0bhsr0000gp/T//cc8yPgiK.ltrans0.ltrans.o
 .bss.capturedPieceCount
                0x0002811b        0x2 /var/folders/cd/0s72k2v14299px3vkqj0bhsr0000gp/T//cc8yPgiK.ltrans0.ltrans.o
 .bss.gameWinner
                0x0002811d        0x1 /var/folders/cd/0s72k2v14299px3vkqj0bhsr0000gp/T//cc8yPgiK.ltrans0.ltrans.o
 .bss.draw_pos  0x0002811e      0x2a4 /var/folders/cd/0s72k2v14299px3vkqj0bhsr0000gp/T//cc8yPgiK.ltrans0.ltrans.o
 .bss.moveHistory
                0x000283c2      0x3fc /var/folders/cd/0s72k2v14299px3vkqj0bhsr0000gp/T//cc8yPgiK.ltrans0.ltrans.o
 .bss.waitFrame
                0x000287be        0x1 /var/folders/cd/0s72k2v14299px3vkqj0bhsr0000gp/T//cc8yPgiK.ltrans0.ltrans.o
 .bss.gameTurnCounter
                0x000287bf        0x1 /var/folders/cd/0s72k2v14299px3vkqj0bhsr0000gp/T//cc8yPgiK.ltrans0.ltrans.o
 .bss.gamePlyCounter
                0x000287c0        0x2 /var/folders/cd/0s72k2v14299px3vkqj0bhsr0000gp/T//cc8yPgiK.ltrans0.ltrans.o
 .bss.s_pMenuView
                0x000287c2        0x4 /var/folders/cd/0s72k2v14299px3vkqj0bhsr0000gp/T//cc8yPgiK.ltrans0.ltrans.o
 .bss.s_pVpMain.lto_priv.1
                0x000287c6        0x4 /var/folders/cd/0s72k2v14299px3vkqj0bhsr0000gp/T//cc8yPgiK.ltrans0.ltrans.o
 .bss.s_pMainBuffer.lto_priv.1
                0x000287ca        0x4 /var/folders/cd/0s72k2v14299px3vkqj0bhsr0000gp/T//cc8yPgiK.ltrans0.ltrans.o
 .bss.menufont  0x000287ce        0x4 /var/folders/cd/0s72k2v14299px3vkqj0bhsr0000gp/T//cc8yPgiK.ltrans0.ltrans.o
 .bss.menutextbitmap
                0x000287d2        0x4 /var/folders/cd/0s72k2v14299px3vkqj0bhsr0000gp/T//cc8yPgiK.ltrans0.ltrans.o
 .bss.pBDefwin  0x000287d6        0x4 /var/folders/cd/0s72k2v14299px3vkqj0bhsr0000gp/T//cc8yPgiK.ltrans0.ltrans.o
 .bss.pBmAckwin
                0x000287da        0x4 /var/folders/cd/0s72k2v14299px3vkqj0bhsr0000gp/T//cc8yPgiK.ltrans0.ltrans.o
 .bss.menuBG    0x000287de        0x4 /var/folders/cd/0s72k2v14299px3vkqj0bhsr0000gp/T//cc8yPgiK.ltrans0.ltrans.o
 .bss.pBmMenuCursorSrc
                0x000287e2        0x4 /var/folders/cd/0s72k2v14299px3vkqj0bhsr0000gp/T//cc8yPgiK.ltrans0.ltrans.o
 .bss.pBmMenuCursorData
                0x000287e6        0x4 /var/folders/cd/0s72k2v14299px3vkqj0bhsr0000gp/T//cc8yPgiK.ltrans0.ltrans.o
 .bss.pBmTitleText
                0x000287ea        0x4 /var/folders/cd/0s72k2v14299px3vkqj0bhsr0000gp/T//cc8yPgiK.ltrans0.ltrans.o
 .bss.pBmTitleTextMask
                0x000287ee        0x4 /var/folders/cd/0s72k2v14299px3vkqj0bhsr0000gp/T//cc8yPgiK.ltrans0.ltrans.o
 .bss.pBmOptionButton
                0x000287f2        0x4 /var/folders/cd/0s72k2v14299px3vkqj0bhsr0000gp/T//cc8yPgiK.ltrans0.ltrans.o
 .bss.pBmOptionButtonH
                0x000287f6        0x4 /var/folders/cd/0s72k2v14299px3vkqj0bhsr0000gp/T//cc8yPgiK.ltrans0.ltrans.o
 .bss.pBmButtonPlay
                0x000287fa        0x4 /var/folders/cd/0s72k2v14299px3vkqj0bhsr0000gp/T//cc8yPgiK.ltrans0.ltrans.o
 .bss.pBMButtonPlayH
                0x000287fe        0x4 /var/folders/cd/0s72k2v14299px3vkqj0bhsr0000gp/T//cc8yPgiK.ltrans0.ltrans.o
 .bss.pSMenuCursor
                0x00028802        0x4 /var/folders/cd/0s72k2v14299px3vkqj0bhsr0000gp/T//cc8yPgiK.ltrans0.ltrans.o
 .bss.cpuType   0x00028806        0x1 /var/folders/cd/0s72k2v14299px3vkqj0bhsr0000gp/T//cc8yPgiK.ltrans0.ltrans.o
 *fill*         0x00028807        0x1 
 .bss.g_sCopManager
                0x00028808        0x8 /var/folders/cd/0s72k2v14299px3vkqj0bhsr0000gp/T//cc8yPgiK.ltrans0.ltrans.o
 .bss.s_bInitCount.lto_priv.1
                0x00028810        0x1 /var/folders/cd/0s72k2v14299px3vkqj0bhsr0000gp/T//cc8yPgiK.ltrans0.ltrans.o
 .bss.g_sKeyManager
                0x00028811       0x69 /var/folders/cd/0s72k2v14299px3vkqj0bhsr0000gp/T//cc8yPgiK.ltrans0.ltrans.o
 .bss.g_sLogManager
                0x0002887a      0x50c /var/folders/cd/0s72k2v14299px3vkqj0bhsr0000gp/T//cc8yPgiK.ltrans0.ltrans.o
 .bss.s_szMsg   0x00028d86      0x400 /var/folders/cd/0s72k2v14299px3vkqj0bhsr0000gp/T//cc8yPgiK.ltrans0.ltrans.o
 .bss.s_uwLastId
                0x00029186        0x2 /var/folders/cd/0s72k2v14299px3vkqj0bhsr0000gp/T//cc8yPgiK.ltrans0.ltrans.o
 .bss.s_pMemTail
                0x00029188        0x4 /var/folders/cd/0s72k2v14299px3vkqj0bhsr0000gp/T//cc8yPgiK.ltrans0.ltrans.o
 .bss.s_ulChipUsage
                0x0002918c        0x4 /var/folders/cd/0s72k2v14299px3vkqj0bhsr0000gp/T//cc8yPgiK.ltrans0.ltrans.o
 .bss.s_ulChipPeakUsage
                0x00029190        0x4 /var/folders/cd/0s72k2v14299px3vkqj0bhsr0000gp/T//cc8yPgiK.ltrans0.ltrans.o
 .bss.s_ulFastUsage
                0x00029194        0x4 /var/folders/cd/0s72k2v14299px3vkqj0bhsr0000gp/T//cc8yPgiK.ltrans0.ltrans.o
 .bss.s_ulFastPeakUsage
                0x00029198        0x4 /var/folders/cd/0s72k2v14299px3vkqj0bhsr0000gp/T//cc8yPgiK.ltrans0.ltrans.o
 .bss.g_sMouseManager
                0x0002919c       0x3a /var/folders/cd/0s72k2v14299px3vkqj0bhsr0000gp/T//cc8yPgiK.ltrans0.ltrans.o
 .bss.s_pView.lto_priv.1
                0x000291d6        0x4 /var/folders/cd/0s72k2v14299px3vkqj0bhsr0000gp/T//cc8yPgiK.ltrans0.ltrans.o
 .bss.s_pChannelsData
                0x000291da       0x60 /var/folders/cd/0s72k2v14299px3vkqj0bhsr0000gp/T//cc8yPgiK.ltrans0.ltrans.o
 .bss.s_pBlankSprite
                0x0002923a        0x4 /var/folders/cd/0s72k2v14299px3vkqj0bhsr0000gp/T//cc8yPgiK.ltrans0.ltrans.o
 .bss.s_isOwningBlankSprite
                0x0002923e        0x1 /var/folders/cd/0s72k2v14299px3vkqj0bhsr0000gp/T//cc8yPgiK.ltrans0.ltrans.o
 *fill*         0x0002923f        0x1 
 .bss.s_pInitialClearCopBlock
                0x00029240        0x4 /var/folders/cd/0s72k2v14299px3vkqj0bhsr0000gp/T//cc8yPgiK.ltrans0.ltrans.o
 .bss.s_uwOsIntEna
                0x00029244        0x2 /var/folders/cd/0s72k2v14299px3vkqj0bhsr0000gp/T//cc8yPgiK.ltrans0.ltrans.o
 .bss.s_uwOsInitialIntEna
                0x00029246        0x2 /var/folders/cd/0s72k2v14299px3vkqj0bhsr0000gp/T//cc8yPgiK.ltrans0.ltrans.o
 .bss.s_uwOsDmaCon
                0x00029248        0x2 /var/folders/cd/0s72k2v14299px3vkqj0bhsr0000gp/T//cc8yPgiK.ltrans0.ltrans.o
 .bss.s_uwAceDmaCon
                0x0002924a        0x2 /var/folders/cd/0s72k2v14299px3vkqj0bhsr0000gp/T//cc8yPgiK.ltrans0.ltrans.o
 .bss.s_uwOsInitialDma
                0x0002924c        0x2 /var/folders/cd/0s72k2v14299px3vkqj0bhsr0000gp/T//cc8yPgiK.ltrans0.ltrans.o
 .bss.s_uwOsCiaATimerA
                0x0002924e        0x2 /var/folders/cd/0s72k2v14299px3vkqj0bhsr0000gp/T//cc8yPgiK.ltrans0.ltrans.o
 .bss.s_uwOsCiaBTimerB
                0x00029250        0x2 /var/folders/cd/0s72k2v14299px3vkqj0bhsr0000gp/T//cc8yPgiK.ltrans0.ltrans.o
 .bss.s_pOsCiaIcr
                0x00029252        0x2 /var/folders/cd/0s72k2v14299px3vkqj0bhsr0000gp/T//cc8yPgiK.ltrans0.ltrans.o
 .bss.s_pOsCiaCra
                0x00029254        0x2 /var/folders/cd/0s72k2v14299px3vkqj0bhsr0000gp/T//cc8yPgiK.ltrans0.ltrans.o
 .bss.s_pOsCiaCrb
                0x00029256        0x2 /var/folders/cd/0s72k2v14299px3vkqj0bhsr0000gp/T//cc8yPgiK.ltrans0.ltrans.o
 .bss.s_pAceCiaCra
                0x00029258        0x2 /var/folders/cd/0s72k2v14299px3vkqj0bhsr0000gp/T//cc8yPgiK.ltrans0.ltrans.o
 .bss.s_pAceCiaCrb
                0x0002925a        0x2 /var/folders/cd/0s72k2v14299px3vkqj0bhsr0000gp/T//cc8yPgiK.ltrans0.ltrans.o
 .bss.s_pHwVectors
                0x0002925c        0x4 /var/folders/cd/0s72k2v14299px3vkqj0bhsr0000gp/T//cc8yPgiK.ltrans0.ltrans.o
 .bss.s_pOsHwInterrupts
                0x00029260       0x1c /var/folders/cd/0s72k2v14299px3vkqj0bhsr0000gp/T//cc8yPgiK.ltrans0.ltrans.o
 .bss.s_pAceInterrupts
                0x0002927c       0x78 /var/folders/cd/0s72k2v14299px3vkqj0bhsr0000gp/T//cc8yPgiK.ltrans0.ltrans.o
 .bss.s_pAceCiaInterrupts
                0x000292f4       0x50 /var/folders/cd/0s72k2v14299px3vkqj0bhsr0000gp/T//cc8yPgiK.ltrans0.ltrans.o
 .bss.s_uwAceIntEna
                0x00029344        0x2 /var/folders/cd/0s72k2v14299px3vkqj0bhsr0000gp/T//cc8yPgiK.ltrans0.ltrans.o
 .bss.s_cbKeyInputHandler
                0x00029346        0x4 /var/folders/cd/0s72k2v14299px3vkqj0bhsr0000gp/T//cc8yPgiK.ltrans0.ltrans.o
 .bss.s_wSystemUses
                0x0002934a        0x2 /var/folders/cd/0s72k2v14299px3vkqj0bhsr0000gp/T//cc8yPgiK.ltrans0.ltrans.o
 .bss.s_wSystemBlitterUses
                0x0002934c        0x2 /var/folders/cd/0s72k2v14299px3vkqj0bhsr0000gp/T//cc8yPgiK.ltrans0.ltrans.o
 .bss.s_sCpuCacheFlags
                0x0002934e        0xa /var/folders/cd/0s72k2v14299px3vkqj0bhsr0000gp/T//cc8yPgiK.ltrans0.ltrans.o
 .bss.GfxBase   0x00029358        0x4 /var/folders/cd/0s72k2v14299px3vkqj0bhsr0000gp/T//cc8yPgiK.ltrans0.ltrans.o
 .bss.s_pOsView
                0x0002935c        0x4 /var/folders/cd/0s72k2v14299px3vkqj0bhsr0000gp/T//cc8yPgiK.ltrans0.ltrans.o
 .bss.s_sIoAudio
                0x00029360       0x44 /var/folders/cd/0s72k2v14299px3vkqj0bhsr0000gp/T//cc8yPgiK.ltrans0.ltrans.o
 .bss.s_sIoRequestInput
                0x000293a4       0x30 /var/folders/cd/0s72k2v14299px3vkqj0bhsr0000gp/T//cc8yPgiK.ltrans0.ltrans.o
 .bss.s_pCiaResource
                0x000293d4        0x8 /var/folders/cd/0s72k2v14299px3vkqj0bhsr0000gp/T//cc8yPgiK.ltrans0.ltrans.o
 .bss.s_pProcess
                0x000293dc        0x4 /var/folders/cd/0s72k2v14299px3vkqj0bhsr0000gp/T//cc8yPgiK.ltrans0.ltrans.o
 .bss.s_pCdtvIOPort
                0x000293e0        0x4 /var/folders/cd/0s72k2v14299px3vkqj0bhsr0000gp/T//cc8yPgiK.ltrans0.ltrans.o
 .bss.s_pCdtvIOReq
                0x000293e4        0x4 /var/folders/cd/0s72k2v14299px3vkqj0bhsr0000gp/T//cc8yPgiK.ltrans0.ltrans.o
 .bss.s_sOsHandlerIo
                0x000293e8       0x16 /var/folders/cd/0s72k2v14299px3vkqj0bhsr0000gp/T//cc8yPgiK.ltrans0.ltrans.o
 .bss.s_pOsCiaIcrHandlers
                0x000293fe       0xdc /var/folders/cd/0s72k2v14299px3vkqj0bhsr0000gp/T//cc8yPgiK.ltrans0.ltrans.o
 .bss.s_pOsOldInterruptHandlers
                0x000294da       0x38 /var/folders/cd/0s72k2v14299px3vkqj0bhsr0000gp/T//cc8yPgiK.ltrans0.ltrans.o
 .bss.s_pOsInterruptHandlers
                0x00029512      0x134 /var/folders/cd/0s72k2v14299px3vkqj0bhsr0000gp/T//cc8yPgiK.ltrans0.ltrans.o
 .bss.DOSBase   0x00029646        0x4 /var/folders/cd/0s72k2v14299px3vkqj0bhsr0000gp/T//cc8yPgiK.ltrans0.ltrans.o
 .bss.SysBase   0x0002964a        0x4 /var/folders/cd/0s72k2v14299px3vkqj0bhsr0000gp/T//cc8yPgiK.ltrans0.ltrans.o
 .bss.s_pReturnMsg
                0x0002964e        0x4 /var/folders/cd/0s72k2v14299px3vkqj0bhsr0000gp/T//cc8yPgiK.ltrans0.ltrans.o
 .bss.s_bpStartLock
                0x00029652        0x4 /var/folders/cd/0s72k2v14299px3vkqj0bhsr0000gp/T//cc8yPgiK.ltrans0.ltrans.o
 .bss.s_pOldWindow
                0x00029656        0x4 /var/folders/cd/0s72k2v14299px3vkqj0bhsr0000gp/T//cc8yPgiK.ltrans0.ltrans.o
 .bss.g_sTimerManager
                0x0002965a        0xc /var/folders/cd/0s72k2v14299px3vkqj0bhsr0000gp/T//cc8yPgiK.ltrans0.ltrans.o
 .bss.s_isPAL   0x00029666        0x1 /var/folders/cd/0s72k2v14299px3vkqj0bhsr0000gp/T//cc8yPgiK.ltrans0.ltrans.o
 *fill*         0x00029667        0x1 
 .bss.s_sTmpDest
                0x00029668       0x28 /var/folders/cd/0s72k2v14299px3vkqj0bhsr0000gp/T//cc8yPgiK.ltrans0.ltrans.o
 *(COMMON)
                0x00029690                        . = ALIGN ((. != 0x0)?0x4:0x1)
                0x00029690                        . = ALIGN (0x4)
                0x00029690                        . = SEGMENT_START ("ldata-segment", .)
                0x00029690                        . = ALIGN (0x4)
                0x00029690                        _end = .
                [!provide]                        PROVIDE (end = .)
                0x00029690                        . = DATA_SEGMENT_END (.)

.stab
 *(.stab)

.stabstr
 *(.stabstr)

.stab.excl
 *(.stab.excl)

.stab.exclstr
 *(.stab.exclstr)

.stab.index
 *(.stab.index)

.stab.indexstr
 *(.stab.indexstr)

.comment        0x00000000       0x12
 *(.comment)
 .comment       0x00000000       0x12 /var/folders/cd/0s72k2v14299px3vkqj0bhsr0000gp/T//cc8yPgiK.ltrans0.ltrans.o
                                 0x13 (size before relaxing)

.gnu.build.attributes
 *(.gnu.build.attributes .gnu.build.attributes.*)

.debug
 *(.debug)

.line
 *(.line)

.debug_srcinfo
 *(.debug_srcinfo)

.debug_sfnames
 *(.debug_sfnames)

.debug_aranges  0x00000000     0x15e0
 *(.debug_aranges)
 .debug_aranges
                0x00000000     0x1590 /var/folders/cd/0s72k2v14299px3vkqj0bhsr0000gp/T//cc8yPgiK.ltrans0.ltrans.o
 .debug_aranges
                0x00001590       0x50 _deps/bartman_gcc_support-build/CMakeFiles/bartman_gcc_support.dir/src/gcc8_a_support.s.obj

.debug_pubnames
 *(.debug_pubnames)

.debug_info     0x00000000    0x43835
 *(.debug_info .gnu.linkonce.wi.*)
 .debug_info    0x00000000     0xd66a /var/folders/cd/0s72k2v14299px3vkqj0bhsr0000gp/T//cc8yPgiK.ltrans0.ltrans.o
 .debug_info    0x0000d66a      0x5f0 /var/folders/cd/0s72k2v14299px3vkqj0bhsr0000gp/T//ccIMWxzQ.debug.temp.o
                0x0000d66a                main.c.a8e839dd
 .debug_info    0x0000dc5a     0x11d2 /var/folders/cd/0s72k2v14299px3vkqj0bhsr0000gp/T//ccqqzv9F.debug.temp.o
                0x0000dc5a                ai.c.9ead9a7c
 .debug_info    0x0000ee2c     0x2949 /var/folders/cd/0s72k2v14299px3vkqj0bhsr0000gp/T//ccmItLnH.debug.temp.o
                0x0000ee2c                game.c.41466150
 .debug_info    0x00011775      0x21d /var/folders/cd/0s72k2v14299px3vkqj0bhsr0000gp/T//ccB3P519.debug.temp.o
                0x00011775                input.c.c8b14b0b
 .debug_info    0x00011992     0x2120 /var/folders/cd/0s72k2v14299px3vkqj0bhsr0000gp/T//ccvfs02x.debug.temp.o
                0x00011992                menu.c.8fdc20e4
 .debug_info    0x00013ab2      0xa78 /var/folders/cd/0s72k2v14299px3vkqj0bhsr0000gp/T//cceKfSzG.debug.temp.o
                0x00013ab2                advancedsprite.c.68237bd8
 .debug_info    0x0001452a     0x1954 /var/folders/cd/0s72k2v14299px3vkqj0bhsr0000gp/T//cczvKKv9.debug.temp.o
                0x0001452a                blit.c.5bd35e66
 .debug_info    0x00015e7e     0x15ad /var/folders/cd/0s72k2v14299px3vkqj0bhsr0000gp/T//cc0bAnTv.debug.temp.o
                0x00015e7e                bob.c.f67a26e0
 .debug_info    0x0001742b     0x2924 /var/folders/cd/0s72k2v14299px3vkqj0bhsr0000gp/T//cc7pWaqz.debug.temp.o
                0x0001742b                copper.c.fe84e9bb
 .debug_info    0x00019d4f      0x1ce /var/folders/cd/0s72k2v14299px3vkqj0bhsr0000gp/T//ccBfqW5s.debug.temp.o
                0x00019d4f                game.c.ca454ffb
 .debug_info    0x00019f1d     0x1498 /var/folders/cd/0s72k2v14299px3vkqj0bhsr0000gp/T//ccdEVcBs.debug.temp.o
                0x00019f1d                joy.c.1a6e8394
 .debug_info    0x0001b3b5     0x11c5 /var/folders/cd/0s72k2v14299px3vkqj0bhsr0000gp/T//ccKaRZS0.debug.temp.o
                0x0001b3b5                key.c.ba4cc617
 .debug_info    0x0001c57a      0xba1 /var/folders/cd/0s72k2v14299px3vkqj0bhsr0000gp/T//ccpTgpAW.debug.temp.o
                0x0001c57a                log.c.5a31bcea
 .debug_info    0x0001d11b      0x9d8 /var/folders/cd/0s72k2v14299px3vkqj0bhsr0000gp/T//cc2Mb24a.debug.temp.o
                0x0001d11b                memory.c.43285732
 .debug_info    0x0001daf3     0x11c3 /var/folders/cd/0s72k2v14299px3vkqj0bhsr0000gp/T//ccH09N8b.debug.temp.o
                0x0001daf3                mouse.c.ae2bb842
 .debug_info    0x0001ecb6     0x3c7f /var/folders/cd/0s72k2v14299px3vkqj0bhsr0000gp/T//ccaztEW2.debug.temp.o
                0x0001ecb6                ptplayer.c.8b3c94a0
 .debug_info    0x00022935      0x4b2 /var/folders/cd/0s72k2v14299px3vkqj0bhsr0000gp/T//ccVNZm0q.debug.temp.o
                0x00022935                rand.c.8075a443
 .debug_info    0x00022de7     0x11d3 /var/folders/cd/0s72k2v14299px3vkqj0bhsr0000gp/T//ccNrVyb8.debug.temp.o
                0x00022de7                sprite.c.59fda92a
 .debug_info    0x00023fba      0x53a /var/folders/cd/0s72k2v14299px3vkqj0bhsr0000gp/T//cci6nLXg.debug.temp.o
                0x00023fba                state.c.3e85ea55
 .debug_info    0x000244f4     0x6f81 /var/folders/cd/0s72k2v14299px3vkqj0bhsr0000gp/T//ccP610yo.debug.temp.o
                0x000244f4                system.c.fbcb4ee9
 .debug_info    0x0002b475      0x53d /var/folders/cd/0s72k2v14299px3vkqj0bhsr0000gp/T//cc7VSwc6.debug.temp.o
                0x0002b475                timer.c.0dc7d29c
 .debug_info    0x0002b9b2      0xbd0 /var/folders/cd/0s72k2v14299px3vkqj0bhsr0000gp/T//ccHIO9aL.debug.temp.o
                0x0002b9b2                camera.c.0b9ecbc6
 .debug_info    0x0002c582     0x202e /var/folders/cd/0s72k2v14299px3vkqj0bhsr0000gp/T//ccpxDWCX.debug.temp.o
                0x0002c582                scrollbuffer.c.1ebc855b
 .debug_info    0x0002e5b0     0x1d77 /var/folders/cd/0s72k2v14299px3vkqj0bhsr0000gp/T//ccqWfAoa.debug.temp.o
                0x0002e5b0                simplebuffer.c.dceb46ac
 .debug_info    0x00030327     0x29d4 /var/folders/cd/0s72k2v14299px3vkqj0bhsr0000gp/T//ccvk3Cir.debug.temp.o
                0x00030327                tilebuffer.c.2e2ce073
 .debug_info    0x00032cfb      0xeb5 /var/folders/cd/0s72k2v14299px3vkqj0bhsr0000gp/T//ccjPxHCn.debug.temp.o
                0x00032cfb                bitmap.c.ad70884b
 .debug_info    0x00033bb0      0x446 /var/folders/cd/0s72k2v14299px3vkqj0bhsr0000gp/T//cconh81n.debug.temp.o
                0x00033bb0                bmframe.c.927a14f5
 .debug_info    0x00033ff6      0x8df /var/folders/cd/0s72k2v14299px3vkqj0bhsr0000gp/T//ccIMJYnZ.debug.temp.o
                0x00033ff6                chunky.c.ca2468a1
 .debug_info    0x000348d5      0xfd5 /var/folders/cd/0s72k2v14299px3vkqj0bhsr0000gp/T//ccepqG3L.debug.temp.o
                0x000348d5                custom.c.51ef73d8
 .debug_info    0x000358aa     0x10d2 /var/folders/cd/0s72k2v14299px3vkqj0bhsr0000gp/T//ccGBckV8.debug.temp.o
                0x000358aa                dir.c.5280242b
 .debug_info    0x0003697c      0xbea /var/folders/cd/0s72k2v14299px3vkqj0bhsr0000gp/T//ccFXN2h9.debug.temp.o
                0x0003697c                disk_file.c.d0803a11
 .debug_info    0x00037566     0x1b84 /var/folders/cd/0s72k2v14299px3vkqj0bhsr0000gp/T//ccdiql0j.debug.temp.o
                0x00037566                extview.c.9728ec9a
 .debug_info    0x000390ea      0x640 /var/folders/cd/0s72k2v14299px3vkqj0bhsr0000gp/T//cct6MalW.debug.temp.o
                0x000390ea                file.c.41c4edf6
 .debug_info    0x0003972a      0xd9b /var/folders/cd/0s72k2v14299px3vkqj0bhsr0000gp/T//ccYLeQMJ.debug.temp.o
                0x0003972a                font.c.20d96dbf
 .debug_info    0x0003a4c5     0x1124 /var/folders/cd/0s72k2v14299px3vkqj0bhsr0000gp/T//cccwv7Lo.debug.temp.o
                0x0003a4c5                pak_file.c.144f5834
 .debug_info    0x0003b5e9      0xa2b /var/folders/cd/0s72k2v14299px3vkqj0bhsr0000gp/T//ccRtIuFv.debug.temp.o
                0x0003b5e9                palette.c.b53ef617
 .debug_info    0x0003c014      0x7da /var/folders/cd/0s72k2v14299px3vkqj0bhsr0000gp/T//ccgsEdZc.debug.temp.o
                0x0003c014                sprite.c.2e6fdfab
 .debug_info    0x0003c7ee      0x3a9 /var/folders/cd/0s72k2v14299px3vkqj0bhsr0000gp/T//ccvJpPny.debug.temp.o
                0x0003c7ee                string.c.4fb7bc3e
 .debug_info    0x0003cb97      0x2d3 /var/folders/cd/0s72k2v14299px3vkqj0bhsr0000gp/T//ccLF7Y5V.debug.temp.o
                0x0003cb97                tag.c.dd32d3b5
 .debug_info    0x0003ce6a      0x764 /var/folders/cd/0s72k2v14299px3vkqj0bhsr0000gp/T//ccT2PJNt.debug.temp.o
                0x0003ce6a                fix16.c.9a91fbb2
 .debug_info    0x0003d5ce      0x513 /var/folders/cd/0s72k2v14299px3vkqj0bhsr0000gp/T//ccUVeBfR.debug.temp.o
                0x0003d5ce                fix16_exp.c.5253cb78
 .debug_info    0x0003dae1      0x380 /var/folders/cd/0s72k2v14299px3vkqj0bhsr0000gp/T//ccmWffpx.debug.temp.o
                0x0003dae1                fix16_sqrt.c.8136d971
 .debug_info    0x0003de61      0x502 /var/folders/cd/0s72k2v14299px3vkqj0bhsr0000gp/T//cciZ0Hff.debug.temp.o
                0x0003de61                fix16_str.c.54724556
 .debug_info    0x0003e363      0x53b /var/folders/cd/0s72k2v14299px3vkqj0bhsr0000gp/T//ccO3rMEQ.debug.temp.o
                0x0003e363                fix16_trig.c.ee0a5eab
 .debug_info    0x0003e89e      0x2db /var/folders/cd/0s72k2v14299px3vkqj0bhsr0000gp/T//ccEgEDl5.debug.temp.o
                0x0003e89e                fract32.c.4835ca85
 .debug_info    0x0003eb79      0x1f5 /var/folders/cd/0s72k2v14299px3vkqj0bhsr0000gp/T//ccUonGHR.debug.temp.o
                0x0003eb79                uint32.c.25a7c300
 .debug_info    0x0003ed6e      0x1c6 /var/folders/cd/0s72k2v14299px3vkqj0bhsr0000gp/T//ccVUkFX6.debug.temp.o
                0x0003ed6e                ctype.c.9d941999
 .debug_info    0x0003ef34      0x128 /var/folders/cd/0s72k2v14299px3vkqj0bhsr0000gp/T//ccnc6hnQ.debug.temp.o
                0x0003ef34                errno.c.7c2bfdfe
 .debug_info    0x0003f05c      0x2f2 /var/folders/cd/0s72k2v14299px3vkqj0bhsr0000gp/T//cchYlHFp.debug.temp.o
                0x0003f05c                intrin.c.d6014f4c
 .debug_info    0x0003f34e      0x943 /var/folders/cd/0s72k2v14299px3vkqj0bhsr0000gp/T//ccH7CRkG.debug.temp.o
                0x0003f34e                printf.c.706ab427
 .debug_info    0x0003fc91     0x11c5 /var/folders/cd/0s72k2v14299px3vkqj0bhsr0000gp/T//ccE2CqKx.debug.temp.o
                0x0003fc91                stdio_file.c.fbad9cae
 .debug_info    0x00040e56      0x9e2 /var/folders/cd/0s72k2v14299px3vkqj0bhsr0000gp/T//ccn9Gy2E.debug.temp.o
                0x00040e56                stdio_putchar.c.b8050990
 .debug_info    0x00041838      0xc43 /var/folders/cd/0s72k2v14299px3vkqj0bhsr0000gp/T//ccGNI138.debug.temp.o
                0x00041838                stdlib.c.e117ea65
 .debug_info    0x0004247b      0x38e /var/folders/cd/0s72k2v14299px3vkqj0bhsr0000gp/T//ccCFfLmT.debug.temp.o
                0x0004247b                string.c.5ddbc6ca
 .debug_info    0x00042809      0x24d /var/folders/cd/0s72k2v14299px3vkqj0bhsr0000gp/T//ccOtJ2sC.debug.temp.o
                0x00042809                strtoul.c.c47672c1
 .debug_info    0x00042a56      0xd5a /var/folders/cd/0s72k2v14299px3vkqj0bhsr0000gp/T//ccoz4JGT.debug.temp.o
                0x00042a56                gcc8_c_support.c.c8ce3952
 .debug_info    0x000437b0       0x85 _deps/bartman_gcc_support-build/CMakeFiles/bartman_gcc_support.dir/src/gcc8_a_support.s.obj

.debug_abbrev   0x00000000     0x6079
 *(.debug_abbrev)
 .debug_abbrev  0x00000000      0x107 /var/folders/cd/0s72k2v14299px3vkqj0bhsr0000gp/T//cc8yPgiK.ltrans0.ltrans.o
 .debug_abbrev  0x00000107      0x13c /var/folders/cd/0s72k2v14299px3vkqj0bhsr0000gp/T//ccIMWxzQ.debug.temp.o
 .debug_abbrev  0x00000243      0x215 /var/folders/cd/0s72k2v14299px3vkqj0bhsr0000gp/T//ccqqzv9F.debug.temp.o
 .debug_abbrev  0x00000458      0x36b /var/folders/cd/0s72k2v14299px3vkqj0bhsr0000gp/T//ccmItLnH.debug.temp.o
 .debug_abbrev  0x000007c3       0x73 /var/folders/cd/0s72k2v14299px3vkqj0bhsr0000gp/T//ccB3P519.debug.temp.o
 .debug_abbrev  0x00000836      0x292 /var/folders/cd/0s72k2v14299px3vkqj0bhsr0000gp/T//ccvfs02x.debug.temp.o
 .debug_abbrev  0x00000ac8      0x188 /var/folders/cd/0s72k2v14299px3vkqj0bhsr0000gp/T//cceKfSzG.debug.temp.o
 .debug_abbrev  0x00000c50      0x26d /var/folders/cd/0s72k2v14299px3vkqj0bhsr0000gp/T//cczvKKv9.debug.temp.o
 .debug_abbrev  0x00000ebd      0x2eb /var/folders/cd/0s72k2v14299px3vkqj0bhsr0000gp/T//cc0bAnTv.debug.temp.o
 .debug_abbrev  0x000011a8      0x315 /var/folders/cd/0s72k2v14299px3vkqj0bhsr0000gp/T//cc7pWaqz.debug.temp.o
 .debug_abbrev  0x000014bd       0x63 /var/folders/cd/0s72k2v14299px3vkqj0bhsr0000gp/T//ccBfqW5s.debug.temp.o
 .debug_abbrev  0x00001520      0x205 /var/folders/cd/0s72k2v14299px3vkqj0bhsr0000gp/T//ccdEVcBs.debug.temp.o
 .debug_abbrev  0x00001725      0x205 /var/folders/cd/0s72k2v14299px3vkqj0bhsr0000gp/T//ccKaRZS0.debug.temp.o
 .debug_abbrev  0x0000192a      0x26b /var/folders/cd/0s72k2v14299px3vkqj0bhsr0000gp/T//ccpTgpAW.debug.temp.o
 .debug_abbrev  0x00001b95      0x1f7 /var/folders/cd/0s72k2v14299px3vkqj0bhsr0000gp/T//cc2Mb24a.debug.temp.o
 .debug_abbrev  0x00001d8c      0x1c0 /var/folders/cd/0s72k2v14299px3vkqj0bhsr0000gp/T//ccH09N8b.debug.temp.o
 .debug_abbrev  0x00001f4c      0x2ec /var/folders/cd/0s72k2v14299px3vkqj0bhsr0000gp/T//ccaztEW2.debug.temp.o
 .debug_abbrev  0x00002238      0x123 /var/folders/cd/0s72k2v14299px3vkqj0bhsr0000gp/T//ccVNZm0q.debug.temp.o
 .debug_abbrev  0x0000235b      0x2ca /var/folders/cd/0s72k2v14299px3vkqj0bhsr0000gp/T//ccNrVyb8.debug.temp.o
 .debug_abbrev  0x00002625      0x139 /var/folders/cd/0s72k2v14299px3vkqj0bhsr0000gp/T//cci6nLXg.debug.temp.o
 .debug_abbrev  0x0000275e      0x3b0 /var/folders/cd/0s72k2v14299px3vkqj0bhsr0000gp/T//ccP610yo.debug.temp.o
 .debug_abbrev  0x00002b0e      0x19e /var/folders/cd/0s72k2v14299px3vkqj0bhsr0000gp/T//cc7VSwc6.debug.temp.o
 .debug_abbrev  0x00002cac      0x1e3 /var/folders/cd/0s72k2v14299px3vkqj0bhsr0000gp/T//ccHIO9aL.debug.temp.o
 .debug_abbrev  0x00002e8f      0x31a /var/folders/cd/0s72k2v14299px3vkqj0bhsr0000gp/T//ccpxDWCX.debug.temp.o
 .debug_abbrev  0x000031a9      0x320 /var/folders/cd/0s72k2v14299px3vkqj0bhsr0000gp/T//ccqWfAoa.debug.temp.o
 .debug_abbrev  0x000034c9      0x359 /var/folders/cd/0s72k2v14299px3vkqj0bhsr0000gp/T//ccvk3Cir.debug.temp.o
 .debug_abbrev  0x00003822      0x242 /var/folders/cd/0s72k2v14299px3vkqj0bhsr0000gp/T//ccjPxHCn.debug.temp.o
 .debug_abbrev  0x00003a64       0xef /var/folders/cd/0s72k2v14299px3vkqj0bhsr0000gp/T//cconh81n.debug.temp.o
 .debug_abbrev  0x00003b53      0x12e /var/folders/cd/0s72k2v14299px3vkqj0bhsr0000gp/T//ccIMJYnZ.debug.temp.o
 .debug_abbrev  0x00003c81      0x17d /var/folders/cd/0s72k2v14299px3vkqj0bhsr0000gp/T//ccepqG3L.debug.temp.o
 .debug_abbrev  0x00003dfe      0x1c3 /var/folders/cd/0s72k2v14299px3vkqj0bhsr0000gp/T//ccGBckV8.debug.temp.o
 .debug_abbrev  0x00003fc1      0x26f /var/folders/cd/0s72k2v14299px3vkqj0bhsr0000gp/T//ccFXN2h9.debug.temp.o
 .debug_abbrev  0x00004230      0x2f3 /var/folders/cd/0s72k2v14299px3vkqj0bhsr0000gp/T//ccdiql0j.debug.temp.o
 .debug_abbrev  0x00004523      0x139 /var/folders/cd/0s72k2v14299px3vkqj0bhsr0000gp/T//cct6MalW.debug.temp.o
 .debug_abbrev  0x0000465c      0x258 /var/folders/cd/0s72k2v14299px3vkqj0bhsr0000gp/T//ccYLeQMJ.debug.temp.o
 .debug_abbrev  0x000048b4      0x273 /var/folders/cd/0s72k2v14299px3vkqj0bhsr0000gp/T//cccwv7Lo.debug.temp.o
 .debug_abbrev  0x00004b27      0x1e4 /var/folders/cd/0s72k2v14299px3vkqj0bhsr0000gp/T//ccRtIuFv.debug.temp.o
 .debug_abbrev  0x00004d0b      0x1d0 /var/folders/cd/0s72k2v14299px3vkqj0bhsr0000gp/T//ccgsEdZc.debug.temp.o
 .debug_abbrev  0x00004edb       0xcc /var/folders/cd/0s72k2v14299px3vkqj0bhsr0000gp/T//ccvJpPny.debug.temp.o
 .debug_abbrev  0x00004fa7       0xaa /var/folders/cd/0s72k2v14299px3vkqj0bhsr0000gp/T//ccLF7Y5V.debug.temp.o
 .debug_abbrev  0x00005051      0x117 /var/folders/cd/0s72k2v14299px3vkqj0bhsr0000gp/T//ccT2PJNt.debug.temp.o
 .debug_abbrev  0x00005168       0xb6 /var/folders/cd/0s72k2v14299px3vkqj0bhsr0000gp/T//ccUVeBfR.debug.temp.o
 .debug_abbrev  0x0000521e       0x68 /var/folders/cd/0s72k2v14299px3vkqj0bhsr0000gp/T//ccmWffpx.debug.temp.o
 .debug_abbrev  0x00005286       0xf8 /var/folders/cd/0s72k2v14299px3vkqj0bhsr0000gp/T//cciZ0Hff.debug.temp.o
 .debug_abbrev  0x0000537e       0xb0 /var/folders/cd/0s72k2v14299px3vkqj0bhsr0000gp/T//ccO3rMEQ.debug.temp.o
 .debug_abbrev  0x0000542e       0x8a /var/folders/cd/0s72k2v14299px3vkqj0bhsr0000gp/T//ccEgEDl5.debug.temp.o
 .debug_abbrev  0x000054b8       0x61 /var/folders/cd/0s72k2v14299px3vkqj0bhsr0000gp/T//ccUonGHR.debug.temp.o
 .debug_abbrev  0x00005519       0x9a /var/folders/cd/0s72k2v14299px3vkqj0bhsr0000gp/T//ccVUkFX6.debug.temp.o
 .debug_abbrev  0x000055b3       0x41 /var/folders/cd/0s72k2v14299px3vkqj0bhsr0000gp/T//ccnc6hnQ.debug.temp.o
 .debug_abbrev  0x000055f4       0xbe /var/folders/cd/0s72k2v14299px3vkqj0bhsr0000gp/T//cchYlHFp.debug.temp.o
 .debug_abbrev  0x000056b2      0x18b /var/folders/cd/0s72k2v14299px3vkqj0bhsr0000gp/T//ccH7CRkG.debug.temp.o
 .debug_abbrev  0x0000583d      0x154 /var/folders/cd/0s72k2v14299px3vkqj0bhsr0000gp/T//ccE2CqKx.debug.temp.o
 .debug_abbrev  0x00005991      0x113 /var/folders/cd/0s72k2v14299px3vkqj0bhsr0000gp/T//ccn9Gy2E.debug.temp.o
 .debug_abbrev  0x00005aa4      0x1e1 /var/folders/cd/0s72k2v14299px3vkqj0bhsr0000gp/T//ccGNI138.debug.temp.o
 .debug_abbrev  0x00005c85       0xbd /var/folders/cd/0s72k2v14299px3vkqj0bhsr0000gp/T//ccCFfLmT.debug.temp.o
 .debug_abbrev  0x00005d42       0xac /var/folders/cd/0s72k2v14299px3vkqj0bhsr0000gp/T//ccOtJ2sC.debug.temp.o
 .debug_abbrev  0x00005dee      0x26c /var/folders/cd/0s72k2v14299px3vkqj0bhsr0000gp/T//ccoz4JGT.debug.temp.o
 .debug_abbrev  0x0000605a       0x1f _deps/bartman_gcc_support-build/CMakeFiles/bartman_gcc_support.dir/src/gcc8_a_support.s.obj

.debug_line     0x00000000    0x32df7
 *(.debug_line .debug_line.* .debug_line_end)
 .debug_line    0x00000000    0x2958d /var/folders/cd/0s72k2v14299px3vkqj0bhsr0000gp/T//cc8yPgiK.ltrans0.ltrans.o
 .debug_line    0x0002958d      0x2b4 /var/folders/cd/0s72k2v14299px3vkqj0bhsr0000gp/T//ccIMWxzQ.debug.temp.o
 .debug_line    0x00029841      0x200 /var/folders/cd/0s72k2v14299px3vkqj0bhsr0000gp/T//ccqqzv9F.debug.temp.o
 .debug_line    0x00029a41      0x3d1 /var/folders/cd/0s72k2v14299px3vkqj0bhsr0000gp/T//ccmItLnH.debug.temp.o
 .debug_line    0x00029e12      0x174 /var/folders/cd/0s72k2v14299px3vkqj0bhsr0000gp/T//ccB3P519.debug.temp.o
 .debug_line    0x00029f86      0x374 /var/folders/cd/0s72k2v14299px3vkqj0bhsr0000gp/T//ccvfs02x.debug.temp.o
 .debug_line    0x0002a2fa      0x31d /var/folders/cd/0s72k2v14299px3vkqj0bhsr0000gp/T//cceKfSzG.debug.temp.o
 .debug_line    0x0002a617      0x336 /var/folders/cd/0s72k2v14299px3vkqj0bhsr0000gp/T//cczvKKv9.debug.temp.o
 .debug_line    0x0002a94d      0x344 /var/folders/cd/0s72k2v14299px3vkqj0bhsr0000gp/T//cc0bAnTv.debug.temp.o
 .debug_line    0x0002ac91      0x429 /var/folders/cd/0s72k2v14299px3vkqj0bhsr0000gp/T//cc7pWaqz.debug.temp.o
 .debug_line    0x0002b0ba      0x153 /var/folders/cd/0s72k2v14299px3vkqj0bhsr0000gp/T//ccBfqW5s.debug.temp.o
 .debug_line    0x0002b20d      0x305 /var/folders/cd/0s72k2v14299px3vkqj0bhsr0000gp/T//ccdEVcBs.debug.temp.o
 .debug_line    0x0002b512      0x26d /var/folders/cd/0s72k2v14299px3vkqj0bhsr0000gp/T//ccKaRZS0.debug.temp.o
 .debug_line    0x0002b77f      0x2e8 /var/folders/cd/0s72k2v14299px3vkqj0bhsr0000gp/T//ccpTgpAW.debug.temp.o
 .debug_line    0x0002ba67      0x221 /var/folders/cd/0s72k2v14299px3vkqj0bhsr0000gp/T//cc2Mb24a.debug.temp.o
 .debug_line    0x0002bc88      0x35f /var/folders/cd/0s72k2v14299px3vkqj0bhsr0000gp/T//ccH09N8b.debug.temp.o
 .debug_line    0x0002bfe7      0x29b /var/folders/cd/0s72k2v14299px3vkqj0bhsr0000gp/T//ccaztEW2.debug.temp.o
 .debug_line    0x0002c282      0x1ab /var/folders/cd/0s72k2v14299px3vkqj0bhsr0000gp/T//ccVNZm0q.debug.temp.o
 .debug_line    0x0002c42d      0x32d /var/folders/cd/0s72k2v14299px3vkqj0bhsr0000gp/T//ccNrVyb8.debug.temp.o
 .debug_line    0x0002c75a      0x1ae /var/folders/cd/0s72k2v14299px3vkqj0bhsr0000gp/T//cci6nLXg.debug.temp.o
 .debug_line    0x0002c908      0x777 /var/folders/cd/0s72k2v14299px3vkqj0bhsr0000gp/T//ccP610yo.debug.temp.o
 .debug_line    0x0002d07f      0x228 /var/folders/cd/0s72k2v14299px3vkqj0bhsr0000gp/T//cc7VSwc6.debug.temp.o
 .debug_line    0x0002d2a7      0x29b /var/folders/cd/0s72k2v14299px3vkqj0bhsr0000gp/T//ccHIO9aL.debug.temp.o
 .debug_line    0x0002d542      0x49e /var/folders/cd/0s72k2v14299px3vkqj0bhsr0000gp/T//ccpxDWCX.debug.temp.o
 .debug_line    0x0002d9e0      0x496 /var/folders/cd/0s72k2v14299px3vkqj0bhsr0000gp/T//ccqWfAoa.debug.temp.o
 .debug_line    0x0002de76      0x528 /var/folders/cd/0s72k2v14299px3vkqj0bhsr0000gp/T//ccvk3Cir.debug.temp.o
 .debug_line    0x0002e39e      0x41b /var/folders/cd/0s72k2v14299px3vkqj0bhsr0000gp/T//ccjPxHCn.debug.temp.o
 .debug_line    0x0002e7b9      0x25c /var/folders/cd/0s72k2v14299px3vkqj0bhsr0000gp/T//cconh81n.debug.temp.o
 .debug_line    0x0002ea15      0x351 /var/folders/cd/0s72k2v14299px3vkqj0bhsr0000gp/T//ccIMJYnZ.debug.temp.o
 .debug_line    0x0002ed66      0x216 /var/folders/cd/0s72k2v14299px3vkqj0bhsr0000gp/T//ccepqG3L.debug.temp.o
 .debug_line    0x0002ef7c      0x4d0 /var/folders/cd/0s72k2v14299px3vkqj0bhsr0000gp/T//ccGBckV8.debug.temp.o
 .debug_line    0x0002f44c      0x33d /var/folders/cd/0s72k2v14299px3vkqj0bhsr0000gp/T//ccFXN2h9.debug.temp.o
 .debug_line    0x0002f789      0x40c /var/folders/cd/0s72k2v14299px3vkqj0bhsr0000gp/T//ccdiql0j.debug.temp.o
 .debug_line    0x0002fb95      0x2a7 /var/folders/cd/0s72k2v14299px3vkqj0bhsr0000gp/T//cct6MalW.debug.temp.o
 .debug_line    0x0002fe3c      0x2cd /var/folders/cd/0s72k2v14299px3vkqj0bhsr0000gp/T//ccYLeQMJ.debug.temp.o
 .debug_line    0x00030109      0x2c8 /var/folders/cd/0s72k2v14299px3vkqj0bhsr0000gp/T//cccwv7Lo.debug.temp.o
 .debug_line    0x000303d1      0x282 /var/folders/cd/0s72k2v14299px3vkqj0bhsr0000gp/T//ccRtIuFv.debug.temp.o
 .debug_line    0x00030653      0x21f /var/folders/cd/0s72k2v14299px3vkqj0bhsr0000gp/T//ccgsEdZc.debug.temp.o
 .debug_line    0x00030872      0x197 /var/folders/cd/0s72k2v14299px3vkqj0bhsr0000gp/T//ccvJpPny.debug.temp.o
 .debug_line    0x00030a09      0x255 /var/folders/cd/0s72k2v14299px3vkqj0bhsr0000gp/T//ccLF7Y5V.debug.temp.o
 .debug_line    0x00030c5e      0x1a2 /var/folders/cd/0s72k2v14299px3vkqj0bhsr0000gp/T//ccT2PJNt.debug.temp.o
 .debug_line    0x00030e00      0x1a1 /var/folders/cd/0s72k2v14299px3vkqj0bhsr0000gp/T//ccUVeBfR.debug.temp.o
 .debug_line    0x00030fa1      0x1a3 /var/folders/cd/0s72k2v14299px3vkqj0bhsr0000gp/T//ccmWffpx.debug.temp.o
 .debug_line    0x00031144      0x1e5 /var/folders/cd/0s72k2v14299px3vkqj0bhsr0000gp/T//cciZ0Hff.debug.temp.o
 .debug_line    0x00031329      0x1a3 /var/folders/cd/0s72k2v14299px3vkqj0bhsr0000gp/T//ccO3rMEQ.debug.temp.o
 .debug_line    0x000314cc      0x19f /var/folders/cd/0s72k2v14299px3vkqj0bhsr0000gp/T//ccEgEDl5.debug.temp.o